Archive member included because of file (symbol)

contiki-srf06-cc26xx.a(contiki-main.o)
                              obj_srf06-cc26xx/startup_gcc.o (main)
contiki-srf06-cc26xx.a(sensors.o)
                              contiki-srf06-cc26xx.a(contiki-main.o) (sensors_process)
contiki-srf06-cc26xx.a(leds.o)
                              contiki-srf06-cc26xx.a(contiki-main.o) (leds_init)
contiki-srf06-cc26xx.a(leds-arch.o)
                              contiki-srf06-cc26xx.a(leds.o) (leds_arch_init)
contiki-srf06-cc26xx.a(sensortag-senso)
                              contiki-srf06-cc26xx.a(sensors.o) (sensors_flags)
contiki-srf06-cc26xx.a(bmp-280-sensor.)
                              contiki-srf06-cc26xx.a(sensortag-senso) (bmp_280_sensor)
contiki-srf06-cc26xx.a(tmp-007-sensor.)
                              contiki-srf06-cc26xx.a(sensortag-senso) (tmp_007_sensor)
contiki-srf06-cc26xx.a(opt-3001-sensor)
                              contiki-srf06-cc26xx.a(sensortag-senso) (opt_3001_sensor)
contiki-srf06-cc26xx.a(hdc-1000-sensor)
                              contiki-srf06-cc26xx.a(sensortag-senso) (hdc_1000_sensor)
contiki-srf06-cc26xx.a(mpu-9250-sensor)
                              contiki-srf06-cc26xx.a(sensortag-senso) (mpu_9250_sensor)
contiki-srf06-cc26xx.a(button-sensor.o)
                              contiki-srf06-cc26xx.a(sensortag-senso) (button_right_sensor)
contiki-srf06-cc26xx.a(reed-relay.o)
                              contiki-srf06-cc26xx.a(sensortag-senso) (reed_relay_sensor)
contiki-srf06-cc26xx.a(board.o)
                              contiki-srf06-cc26xx.a(contiki-main.o) (board_init)
contiki-srf06-cc26xx.a(board-i2c.o)
                              contiki-srf06-cc26xx.a(board.o) (board_i2c_wakeup)
contiki-srf06-cc26xx.a(clock.o)
                              contiki-srf06-cc26xx.a(contiki-main.o) (clock_init)
contiki-srf06-cc26xx.a(rtimer-arch.o)
                              contiki-srf06-cc26xx.a(mpu-9250-sensor) (rtimer_arch_now)
contiki-srf06-cc26xx.a(soc-rtc.o)
                              contiki-srf06-cc26xx.a(contiki-main.o) (soc_rtc_init)
contiki-srf06-cc26xx.a(contiki-watchdo)
                              contiki-srf06-cc26xx.a(contiki-main.o) (watchdog_init)
contiki-srf06-cc26xx.a(putchar.o)
                              contiki-srf06-cc26xx.a(contiki-main.o) (putchar)
contiki-srf06-cc26xx.a(ieee-addr.o)
                              contiki-srf06-cc26xx.a(contiki-main.o) (ieee_addr_cpy_to)
contiki-srf06-cc26xx.a(cc26xx-uart.o)
                              contiki-srf06-cc26xx.a(contiki-main.o) (cc26xx_uart_init)
contiki-srf06-cc26xx.a(lpm.o)
                              contiki-srf06-cc26xx.a(button-sensor.o) (lpm_shutdown)
contiki-srf06-cc26xx.a(gpio-interrupt.)
                              contiki-srf06-cc26xx.a(button-sensor.o) (gpio_interrupt_register_handler)
contiki-srf06-cc26xx.a(oscillators.o)
                              contiki-srf06-cc26xx.a(contiki-main.o) (oscillators_select_lf_xosc)
contiki-srf06-cc26xx.a(ieee-mode.o)
                              contiki-srf06-cc26xx.a(contiki-main.o) (ieee_mode_driver)
contiki-srf06-cc26xx.a(random.o)
                              contiki-srf06-cc26xx.a(contiki-main.o) (random_init)
contiki-srf06-cc26xx.a(soc-trng.o)
                              contiki-srf06-cc26xx.a(random.o) (soc_trng_rand_synchronous)
contiki-srf06-cc26xx.a(dbg-printf.o)
                              unicast_send_from_usb.co (printf)
contiki-srf06-cc26xx.a(strformat.o)
                              contiki-srf06-cc26xx.a(dbg-printf.o) (format_str_v)
contiki-srf06-cc26xx.a(autostart.o)
                              contiki-srf06-cc26xx.a(contiki-main.o) (autostart_start)
contiki-srf06-cc26xx.a(ctimer.o)
                              contiki-srf06-cc26xx.a(contiki-main.o) (ctimer_init)
contiki-srf06-cc26xx.a(energest.o)
                              contiki-srf06-cc26xx.a(contiki-main.o) (energest_init)
contiki-srf06-cc26xx.a(etimer.o)
                              contiki-srf06-cc26xx.a(clock.o) (etimer_request_poll)
contiki-srf06-cc26xx.a(process.o)
                              contiki-srf06-cc26xx.a(sensors.o) (process_alloc_event)
contiki-srf06-cc26xx.a(rtimer.o)
                              contiki-srf06-cc26xx.a(contiki-main.o) (rtimer_init)
contiki-srf06-cc26xx.a(timer.o)
                              contiki-srf06-cc26xx.a(button-sensor.o) (timer_set)
contiki-srf06-cc26xx.a(serial-line.o)
                              unicast_send_from_usb.co (serial_line_event_message)
contiki-srf06-cc26xx.a(list.o)
                              contiki-srf06-cc26xx.a(lpm.o) (list_init)
contiki-srf06-cc26xx.a(ringbuf.o)
                              contiki-srf06-cc26xx.a(serial-line.o) (ringbuf_init)
contiki-srf06-cc26xx.a(rime.o)
                              contiki-srf06-cc26xx.a(contiki-main.o) (rime_driver)
contiki-srf06-cc26xx.a(unicast.o)
                              unicast_send_from_usb.co (unicast_open)
contiki-srf06-cc26xx.a(adi.o)
[...]
Memory Configuration

Name             Origin             Length             Attributes
FLASH            0x0000000000000000 0x000000000001ffa8 xr
FLASH_CCFG       0x000000000001ffa8 0x0000000000000058 xr
SRAM             0x0000000020000000 0x0000000000005000 xrw
GPRAM            0x0000000011000000 0x0000000000002000 xrw
*default*        0x0000000000000000 0xffffffffffffffff

Linker script and memory map

LOAD obj_srf06-cc26xx/fault-handlers.o
LOAD obj_srf06-cc26xx/ccfg.o
LOAD obj_srf06-cc26xx/startup_gcc.o
LOAD unicast_send_from_usb.co
LOAD contiki-srf06-cc26xx.a
LOAD /usr/lib/gcc/arm-none-eabi/4.8.2/../../../arm-none-eabi/lib/armv7-m/libm.a
START GROUP
LOAD /usr/lib/gcc/arm-none-eabi/4.8.2/armv7-m/libgcc.a
LOAD /usr/lib/gcc/arm-none-eabi/4.8.2/../../../arm-none-eabi/lib/armv7-m/libc.a
END GROUP
                0x0000000020005000                _estack = (ORIGIN (SRAM) + 0x5000)
                0x0000000000000000                _Min_Heap_Size = 0x0
                0x0000000000000100                _Min_Stack_Size = 0x100

.text           0x0000000000000000     0xbe2c
                0x0000000000000000                _text = .
 *(SORT(.vectors))
 .vectors       0x0000000000000000       0xc8 obj_srf06-cc26xx/startup_gcc.o
                0x0000000000000000                g_pfnVectors
 *(SORT(.text*))
 .text.value    0x00000000000000c8       0xa8 contiki-srf06-cc26xx.a(opt-3001-sensor)
 .text.value    0x0000000000000170       0x98 contiki-srf06-cc26xx.a(hdc-1000-sensor)
 .text.value    0x0000000000000208      0x1d8 contiki-srf06-cc26xx.a(mpu-9250-sensor)
 .text.__ieee754_pow
                0x00000000000003e0      0xb68 /usr/lib/gcc/arm-none-eabi/4.8.2/../../../arm-none-eabi/lib/armv7-m/libm.a(lib_a-e_pow.o)
                0x00000000000003e0                __ieee754_pow
 .text.scalbn   0x0000000000000f48      0x100 /usr/lib/gcc/arm-none-eabi/4.8.2/../../../arm-none-eabi/lib/armv7-m/libm.a(lib_a-s_scalbn.o)
                0x0000000000000f48                scalbn
 .text.FaultISR
                0x0000000000001048       0x1c obj_srf06-cc26xx/fault-handlers.o
                0x0000000000001048                FaultISR
 .text.NmiSRHandler
                0x0000000000001064        0x4 obj_srf06-cc26xx/startup_gcc.o
                0x0000000000001064                NmiSR
 .text.IntDefaultHandler
                0x0000000000001068        0x4 obj_srf06-cc26xx/startup_gcc.o
                0x0000000000001068                SSI0IntHandler
                0x0000000000001068                SWEvent0IntHandler
                0x0000000000001068                uDMAIntHandler
                0x0000000000001068                WatchdogIntHandler
                0x0000000000001068                RFCHardwareIntHandler
                0x0000000000001068                Timer1BIntHandler
                0x0000000000001068                I2SIntHandler
                0x0000000000001068                Timer2BIntHandler
                0x0000000000001068                Timer2AIntHandler
                0x0000000000001068                Timer1AIntHandler
                0x0000000000001068                AONIntHandler
                0x0000000000001068                AUXSWEvent0IntHandler
                0x0000000000001068                AUXADCIntHandler
                0x0000000000001068                PendSVIntHandler
                0x0000000000001068                AUXSWEvent1IntHandler
                0x0000000000001068                SVCallIntHandler
                0x0000000000001068                MPUFaultIntHandler
                0x0000000000001068                SysTickIntHandler
                0x0000000000001068                BusFaultIntHandler
                0x0000000000001068                AONProgIntHandler
                0x0000000000001068                AUXCompAIntHandler
                0x0000000000001068                SSI1IntHandler
                0x0000000000001068                FlashIntHandler
                0x0000000000001068                uDMAErrIntHandler
                0x0000000000001068                UsageFaultIntHandler
                0x0000000000001068                RFCCmdAckIntHandler
                0x0000000000001068                CryptoIntHandler
                0x0000000000001068                Timer0AIntHandler
                0x0000000000001068                I2CIntHandler
                0x0000000000001068                DebugMonIntHandler
                0x0000000000001068                Timer0BIntHandler
                0x0000000000001068                AUXCombEventIntHandler
                0x0000000000001068                Timer3AIntHandler
                0x0000000000001068                DynProgIntHandler
                0x0000000000001068                Timer3BIntHandler
 .text.ResetISR
                0x000000000000106c       0x5c obj_srf06-cc26xx/startup_gcc.o
                0x000000000000106c                ResetISR
 .text.process_thread_unicast_send_from_usb_process
                0x00000000000010c8      0x13c unicast_send_from_usb.co
 .text.sent_uc  0x0000000000001204       0x4c unicast_send_from_usb.co
 .text.fade     0x0000000000001250       0x64 contiki-srf06-cc26xx.a(contiki-main.o)
 .text.startup.main
                0x00000000000012b4      0x264 contiki-srf06-cc26xx.a(contiki-main.o)
                0x00000000000012b4                main
 .text.process_thread_sensors_process
                0x0000000000001518      0x138 contiki-srf06-cc26xx.a(sensors.o)
 .text.sensors_changed
                0x0000000000001650       0x54 contiki-srf06-cc26xx.a(sensors.o)
                0x0000000000001650                sensors_changed
 .text.leds_init
                0x00000000000016a4       0x14 contiki-srf06-cc26xx.a(leds.o)
                0x00000000000016a4                leds_init
 .text.leds_on  0x00000000000016b8       0x14 contiki-srf06-cc26xx.a(leds.o)
                0x00000000000016b8                leds_on
 .text.leds_off
                0x00000000000016cc       0x18 contiki-srf06-cc26xx.a(leds.o)
                0x00000000000016cc                leds_off
 .text.leds_arch_init
                0x00000000000016e4       0x3c contiki-srf06-cc26xx.a(leds-arch.o)
                0x00000000000016e4                leds_arch_init
 .text.leds_arch_set
                0x0000000000001720       0x40 contiki-srf06-cc26xx.a(leds-arch.o)
                0x0000000000001720                leds_arch_set
 .text.status   0x0000000000001760       0x14 contiki-srf06-cc26xx.a(bmp-280-sensor.)
 .text.notify_ready
                0x0000000000001774       0x18 contiki-srf06-cc26xx.a(bmp-280-sensor.)
 .text.enable_sensor
                0x000000000000178c       0x2c contiki-srf06-cc26xx.a(bmp-280-sensor.)
 .text.configure
                0x00000000000017b8       0xb0 contiki-srf06-cc26xx.a(bmp-280-sensor.)
 .text.value    0x0000000000001868      0x168 contiki-srf06-cc26xx.a(bmp-280-sensor.)
 .text.status   0x00000000000019d0       0x14 contiki-srf06-cc26xx.a(tmp-007-sensor.)
 .text.notify_ready
                0x00000000000019e4       0x18 contiki-srf06-cc26xx.a(tmp-007-sensor.)
 .text.enable_sensor
                0x00000000000019fc       0x2c contiki-srf06-cc26xx.a(tmp-007-sensor.)
 .text.configure
                0x0000000000001a28       0xac contiki-srf06-cc26xx.a(tmp-007-sensor.)
 .text.value    0x0000000000001ad4      0x10c contiki-srf06-cc26xx.a(tmp-007-sensor.)
 .text.status   0x0000000000001be0        0xc contiki-srf06-cc26xx.a(opt-3001-sensor)
 .text.enable_sensor
                0x0000000000001bec       0x48 contiki-srf06-cc26xx.a(opt-3001-sensor)
 .text.notify_ready
                0x0000000000001c34       0x5c contiki-srf06-cc26xx.a(opt-3001-sensor)
 .text.configure
                0x0000000000001c90       0x54 contiki-srf06-cc26xx.a(opt-3001-sensor)
 .text.status   0x0000000000001ce4       0x14 contiki-srf06-cc26xx.a(hdc-1000-sensor)
 .text.notify_ready
                0x0000000000001cf8       0x6c contiki-srf06-cc26xx.a(hdc-1000-sensor)
 .text.configure
                0x0000000000001d64       0xdc contiki-srf06-cc26xx.a(hdc-1000-sensor)
 .text.acc_convert
                0x0000000000001e40       0x74 contiki-srf06-cc26xx.a(mpu-9250-sensor)
 .text.status   0x0000000000001eb4       0x14 contiki-srf06-cc26xx.a(mpu-9250-sensor)
 .text.notify_ready
                0x0000000000001ec8       0x18 contiki-srf06-cc26xx.a(mpu-9250-sensor)
 .text.sensor_sleep
                0x0000000000001ee0       0x3c contiki-srf06-cc26xx.a(mpu-9250-sensor)
 .text.configure
                0x0000000000001f1c      0x118 contiki-srf06-cc26xx.a(mpu-9250-sensor)
 .text.int_status
                0x0000000000002034       0x28 contiki-srf06-cc26xx.a(mpu-9250-sensor)
 .text.initialise
                0x000000000000205c      0x110 contiki-srf06-cc26xx.a(mpu-9250-sensor)
 .text.status.part.0
                0x000000000000216c       0x18 contiki-srf06-cc26xx.a(button-sensor.o)
 .text.value_left
                0x0000000000002184       0x28 contiki-srf06-cc26xx.a(button-sensor.o)
 .text.value_right
                0x00000000000021ac       0x1c contiki-srf06-cc26xx.a(button-sensor.o)
 .text.status_left
                0x00000000000021c8       0x10 contiki-srf06-cc26xx.a(button-sensor.o)
 .text.status_right
                0x00000000000021d8       0x10 contiki-srf06-cc26xx.a(button-sensor.o)
 .text.config_buttons
                0x00000000000021e8       0xa0 contiki-srf06-cc26xx.a(button-sensor.o)
 .text.config_left
                0x0000000000002288        0xc contiki-srf06-cc26xx.a(button-sensor.o)
 .text.config_right
                0x0000000000002294        0xc contiki-srf06-cc26xx.a(button-sensor.o)
 .text.button_press_handler
                0x00000000000022a0       0x68 contiki-srf06-cc26xx.a(button-sensor.o)
 .text.value    0x0000000000002308       0x10 contiki-srf06-cc26xx.a(reed-relay.o)
 .text.status   0x0000000000002318       0x24 contiki-srf06-cc26xx.a(reed-relay.o)
 .text.configure
                0x000000000000233c       0x7c contiki-srf06-cc26xx.a(reed-relay.o)
 .text.reed_interrupt_handler
                0x00000000000023b8       0x30 contiki-srf06-cc26xx.a(reed-relay.o)
 .text.power_domains_on
                0x00000000000023e8       0x20 contiki-srf06-cc26xx.a(board.o)
 .text.lpm_wakeup_handler
                0x0000000000002408        0x4 contiki-srf06-cc26xx.a(board.o)
 .text.shutdown_handler
                0x000000000000240c       0x78 contiki-srf06-cc26xx.a(board.o)
 .text.board_init
                0x0000000000002484      0x124 contiki-srf06-cc26xx.a(board.o)
                0x0000000000002484                board_init
 .text.i2c_status
                0x00000000000025a8       0x3c contiki-srf06-cc26xx.a(board-i2c.o)
 .text.accessible
                0x00000000000025e4       0x2c contiki-srf06-cc26xx.a(board-i2c.o)
 .text.board_i2c_wakeup
                0x0000000000002610       0x6c contiki-srf06-cc26xx.a(board-i2c.o)
                0x0000000000002610                board_i2c_wakeup
 .text.board_i2c_shutdown
                0x000000000000267c       0xb0 contiki-srf06-cc26xx.a(board-i2c.o)
                0x000000000000267c                board_i2c_shutdown
 .text.board_i2c_write
                0x000000000000272c      0x16c contiki-srf06-cc26xx.a(board-i2c.o)
                0x000000000000272c                board_i2c_write
 .text.board_i2c_write_single
                0x0000000000002898       0x80 contiki-srf06-cc26xx.a(board-i2c.o)
                0x0000000000002898                board_i2c_write_single
 .text.board_i2c_read
                0x0000000000002918      0x144 contiki-srf06-cc26xx.a(board-i2c.o)
                0x0000000000002918                board_i2c_read
 .text.board_i2c_write_read
                0x0000000000002a5c      0x214 contiki-srf06-cc26xx.a(board-i2c.o)
                0x0000000000002a5c                board_i2c_write_read
 .text.board_i2c_select
                0x0000000000002c70       0xf4 contiki-srf06-cc26xx.a(board-i2c.o)
                0x0000000000002c70                board_i2c_select
 .text.power_domain_on
                0x0000000000002d64       0x20 contiki-srf06-cc26xx.a(clock.o)
 .text.clock_init
                0x0000000000002d84       0xac contiki-srf06-cc26xx.a(clock.o)
                0x0000000000002d84                clock_init
 .text.clock_time
                0x0000000000002e30       0x38 contiki-srf06-cc26xx.a(clock.o)
                0x0000000000002e30                clock_time
 .text.clock_update
                0x0000000000002e68       0x40 contiki-srf06-cc26xx.a(clock.o)
                0x0000000000002e68                clock_update
 .text.rtimer_arch_init
                0x0000000000002ea8        0x4 contiki-srf06-cc26xx.a(rtimer-arch.o)
                0x0000000000002ea8                rtimer_arch_init
 .text.rtimer_arch_schedule
                0x0000000000002eac        0x8 contiki-srf06-cc26xx.a(rtimer-arch.o)
                0x0000000000002eac                rtimer_arch_schedule
 .text.rtimer_arch_now
                0x0000000000002eb4        0x4 contiki-srf06-cc26xx.a(rtimer-arch.o)
                0x0000000000002eb4                rtimer_arch_now
 .text.soc_rtc_init
                0x0000000000002eb8       0xac contiki-srf06-cc26xx.a(soc-rtc.o)
                0x0000000000002eb8                soc_rtc_init
 .text.soc_rtc_schedule_one_shot
                0x0000000000002f64       0x6c contiki-srf06-cc26xx.a(soc-rtc.o)
                0x0000000000002f64                soc_rtc_schedule_one_shot
 .text.soc_rtc_last_isr_time
                0x0000000000002fd0        0xc contiki-srf06-cc26xx.a(soc-rtc.o)
                0x0000000000002fd0                soc_rtc_last_isr_time
 .text.AONRTCIntHandler
                0x0000000000002fdc       0xa0 contiki-srf06-cc26xx.a(soc-rtc.o)
                0x0000000000002fdc                AONRTCIntHandler
 .text.lock_config
                0x000000000000307c       0x1c contiki-srf06-cc26xx.a(contiki-watchdo)
 .text.unlock_config
                0x0000000000003098       0x30 contiki-srf06-cc26xx.a(contiki-watchdo)
 .text.watchdog_init
                0x00000000000030c8       0x20 contiki-srf06-cc26xx.a(contiki-watchdo)
                0x00000000000030c8                watchdog_init
 .text.watchdog_start
                0x00000000000030e8       0x34 contiki-srf06-cc26xx.a(contiki-watchdo)
                0x00000000000030e8                watchdog_start
 .text.watchdog_periodic
                0x000000000000311c       0x1c contiki-srf06-cc26xx.a(contiki-watchdo)
                0x000000000000311c                watchdog_periodic
 .text.putchar  0x0000000000003138       0x10 contiki-srf06-cc26xx.a(putchar.o)
                0x0000000000003138                putchar
 .text.puts     0x0000000000003148       0x2c contiki-srf06-cc26xx.a(putchar.o)
                0x0000000000003148                puts
 .text.dbg_send_bytes
                0x0000000000003174       0x40 contiki-srf06-cc26xx.a(putchar.o)
                0x0000000000003174                dbg_send_bytes
 .text.ieee_addr_cpy_to
                0x00000000000031b4       0x4c contiki-srf06-cc26xx.a(ieee-addr.o)
                0x00000000000031b4                ieee_addr_cpy_to
 .text.power_and_clock
                0x0000000000003200       0x4c contiki-srf06-cc26xx.a(cc26xx-uart.o)
 .text.enable   0x000000000000324c      0x108 contiki-srf06-cc26xx.a(cc26xx-uart.o)
 .text.accessible
                0x0000000000003354       0x2c contiki-srf06-cc26xx.a(cc26xx-uart.o)
 .text.lpm_drop_handler
                0x0000000000003380       0xe0 contiki-srf06-cc26xx.a(cc26xx-uart.o)
 .text.cc26xx_uart_init
                0x0000000000003460       0x2c contiki-srf06-cc26xx.a(cc26xx-uart.o)
                0x0000000000003460                cc26xx_uart_init
 .text.cc26xx_uart_write_byte
                0x000000000000348c       0x28 contiki-srf06-cc26xx.a(cc26xx-uart.o)
                0x000000000000348c                cc26xx_uart_write_byte
 .text.cc26xx_uart_set_input
                0x00000000000034b4       0x78 contiki-srf06-cc26xx.a(cc26xx-uart.o)
                0x00000000000034b4                cc26xx_uart_set_input
 .text.cc26xx_uart_busy
                0x000000000000352c       0x18 contiki-srf06-cc26xx.a(cc26xx-uart.o)
                0x000000000000352c                cc26xx_uart_busy
 .text.UART0IntHandler
                0x0000000000003544       0x60 contiki-srf06-cc26xx.a(cc26xx-uart.o)
                0x0000000000003544                UART0IntHandler
 .text.lpm_shutdown
                0x00000000000035a4      0x1bc contiki-srf06-cc26xx.a(lpm.o)
                0x00000000000035a4                lpm_shutdown
 .text.lpm_sleep
                0x0000000000003760       0x14 contiki-srf06-cc26xx.a(lpm.o)
                0x0000000000003760                lpm_sleep
 .text.lpm_drop
                0x0000000000003774      0x2a4 contiki-srf06-cc26xx.a(lpm.o)
                0x0000000000003774                lpm_drop
 .text.lpm_register_module
                0x0000000000003a18       0x10 contiki-srf06-cc26xx.a(lpm.o)
                0x0000000000003a18                lpm_register_module
 .text.lpm_unregister_module
                0x0000000000003a28       0x10 contiki-srf06-cc26xx.a(lpm.o)
                0x0000000000003a28                lpm_unregister_module
 .text.lpm_init
                0x0000000000003a38       0x24 contiki-srf06-cc26xx.a(lpm.o)
                0x0000000000003a38                lpm_init
 .text.lpm_pin_set_default_state
                0x0000000000003a5c       0x30 contiki-srf06-cc26xx.a(lpm.o)
                0x0000000000003a5c                lpm_pin_set_default_state
 .text.gpio_interrupt_register_handler
                0x0000000000003a8c       0x30 contiki-srf06-cc26xx.a(gpio-interrupt.)
                0x0000000000003a8c                gpio_interrupt_register_handler
 .text.gpio_interrupt_init
                0x0000000000003abc       0x28 contiki-srf06-cc26xx.a(gpio-interrupt.)
                0x0000000000003abc                gpio_interrupt_init
 .text.GPIOIntHandler
                0x0000000000003ae4       0x34 contiki-srf06-cc26xx.a(gpio-interrupt.)
                0x0000000000003ae4                GPIOIntHandler
 .text.oscillators_select_lf_xosc
                0x0000000000003b18       0x54 contiki-srf06-cc26xx.a(oscillators.o)
                0x0000000000003b18                oscillators_select_lf_xosc
 .text.oscillators_select_lf_rcosc
                0x0000000000003b6c       0x3c contiki-srf06-cc26xx.a(oscillators.o)
                0x0000000000003b6c                oscillators_select_lf_rcosc
 .text.oscillators_request_hf_xosc
                0x0000000000003ba8       0x30 contiki-srf06-cc26xx.a(oscillators.o)
                0x0000000000003ba8                oscillators_request_hf_xosc
 .text.oscillators_switch_to_hf_xosc
                0x0000000000003bd8       0x34 contiki-srf06-cc26xx.a(oscillators.o)
                0x0000000000003bd8                oscillators_switch_to_hf_xosc
 .text.oscillators_switch_to_hf_rc
                0x0000000000003c0c       0x38 contiki-srf06-cc26xx.a(oscillators.o)
                0x0000000000003c0c                oscillators_switch_to_hf_rc
 .text.request  0x0000000000003c44       0x20 contiki-srf06-cc26xx.a(ieee-mode.o)
 .text.rx_on    0x0000000000003c64       0x70 contiki-srf06-cc26xx.a(ieee-mode.o)
 .text.prepare  0x0000000000003cd4       0x1c contiki-srf06-cc26xx.a(ieee-mode.o)
 .text.rf_radio_setup
                0x0000000000003cf0       0x64 contiki-srf06-cc26xx.a(ieee-mode.o)
 .text.soft_on  0x0000000000003d54       0x18 contiki-srf06-cc26xx.a(ieee-mode.o)
 .text.pending_packet
                0x0000000000003d6c       0x4c contiki-srf06-cc26xx.a(ieee-mode.o)
 .text.soft_off
                0x0000000000003db8       0x44 contiki-srf06-cc26xx.a(ieee-mode.o)
 .text.get_object
                0x0000000000003dfc       0x64 contiki-srf06-cc26xx.a(ieee-mode.o)
 .text.transmitting
                0x0000000000003e60       0x44 contiki-srf06-cc26xx.a(ieee-mode.o)
 .text.rx_off   0x0000000000003ea4       0x70 contiki-srf06-cc26xx.a(ieee-mode.o)
 .text.off      0x0000000000003f14       0x74 contiki-srf06-cc26xx.a(ieee-mode.o)
 .text.set_object
                0x0000000000003f88       0x6c contiki-srf06-cc26xx.a(ieee-mode.o)
 .text.get_cca_info
                0x0000000000003ff4       0x48 contiki-srf06-cc26xx.a(ieee-mode.o)
 .text.check_rat_overflow
                0x000000000000403c       0x98 contiki-srf06-cc26xx.a(ieee-mode.o)
 .text.receiving_packet
                0x00000000000040d4       0x38 contiki-srf06-cc26xx.a(ieee-mode.o)
 .text.on       0x000000000000410c       0xb8 contiki-srf06-cc26xx.a(ieee-mode.o)
 .text.set_value
                0x00000000000041c4      0x19c contiki-srf06-cc26xx.a(ieee-mode.o)
 .text.get_value
                0x0000000000004360      0x1a0 contiki-srf06-cc26xx.a(ieee-mode.o)
 .text.transmit
                0x0000000000004500       0xf0 contiki-srf06-cc26xx.a(ieee-mode.o)
 .text.send     0x00000000000045f0       0x24 contiki-srf06-cc26xx.a(ieee-mode.o)
 .text.channel_clear
                0x0000000000004614       0x60 contiki-srf06-cc26xx.a(ieee-mode.o)
 .text.read_frame
                0x0000000000004674      0x1ac contiki-srf06-cc26xx.a(ieee-mode.o)
 .text.handle_rat_overflow
                0x0000000000004820       0x74 contiki-srf06-cc26xx.a(ieee-mode.o)
 .text.init     0x0000000000004894      0x134 contiki-srf06-cc26xx.a(ieee-mode.o)
 .text.random_rand
                0x00000000000049c8        0xc contiki-srf06-cc26xx.a(random.o)
                0x00000000000049c8                random_rand
 .text.random_init
                0x00000000000049d4        0x4 contiki-srf06-cc26xx.a(random.o)
                0x00000000000049d4                random_init
 .text.power_up
                0x00000000000049d8       0x4c contiki-srf06-cc26xx.a(soc-trng.o)
 .text.request  0x0000000000004a24       0x14 contiki-srf06-cc26xx.a(soc-trng.o)
 .text.process_thread_soc_trng_process
                0x0000000000004a38       0xb0 contiki-srf06-cc26xx.a(soc-trng.o)
 .text.accessible
                0x0000000000004ae8       0x2c contiki-srf06-cc26xx.a(soc-trng.o)
 .text.soc_trng_rand_synchronous
                0x0000000000004b14       0xd8 contiki-srf06-cc26xx.a(soc-trng.o)
                0x0000000000004b14                soc_trng_rand_synchronous
 .text.TRNGIntHandler
                0x0000000000004bec       0x5c contiki-srf06-cc26xx.a(soc-trng.o)
                0x0000000000004bec                TRNGIntHandler
 .text.soc_trng_init
                0x0000000000004c48       0x2c contiki-srf06-cc26xx.a(soc-trng.o)
                0x0000000000004c48                soc_trng_init
 .text.write_str
                0x0000000000004c74       0x10 contiki-srf06-cc26xx.a(dbg-printf.o)
 .text.printf   0x0000000000004c84       0x28 contiki-srf06-cc26xx.a(dbg-printf.o)
                0x0000000000004c84                printf
 .text.fill_space
                0x0000000000004cac       0x38 contiki-srf06-cc26xx.a(strformat.o)
 .text.format_str_v
                0x0000000000004ce4      0x904 contiki-srf06-cc26xx.a(strformat.o)
                0x0000000000004ce4                format_str_v
 .text.autostart_start
                0x00000000000055e8       0x18 contiki-srf06-cc26xx.a(autostart.o)
                0x00000000000055e8                autostart_start
 .text.process_thread_ctimer_process
                0x0000000000005600       0xa4 contiki-srf06-cc26xx.a(ctimer.o)
 .text.ctimer_init
                0x00000000000056a4       0x2c contiki-srf06-cc26xx.a(ctimer.o)
                0x00000000000056a4                ctimer_init
 .text.ctimer_set_with_process
                0x00000000000056d0       0x4c contiki-srf06-cc26xx.a(ctimer.o)
                0x00000000000056d0                ctimer_set_with_process
 .text.ctimer_set
                0x000000000000571c       0x18 contiki-srf06-cc26xx.a(ctimer.o)
                0x000000000000571c                ctimer_set
 .text.ctimer_stop
                0x0000000000005734       0x30 contiki-srf06-cc26xx.a(ctimer.o)
                0x0000000000005734                ctimer_stop
 .text.energest_init
                0x0000000000005764        0x4 contiki-srf06-cc26xx.a(energest.o)
                0x0000000000005764                energest_init
 .text.update_time
                0x0000000000005768       0x50 contiki-srf06-cc26xx.a(etimer.o)
 .text.process_thread_etimer_process
                0x00000000000057b8       0xd8 contiki-srf06-cc26xx.a(etimer.o)
 .text.add_timer
                0x0000000000005890       0x60 contiki-srf06-cc26xx.a(etimer.o)
 .text.etimer_request_poll
                0x00000000000058f0        0xc contiki-srf06-cc26xx.a(etimer.o)
                0x00000000000058f0                etimer_request_poll
 .text.etimer_set
                0x00000000000058fc       0x14 contiki-srf06-cc26xx.a(etimer.o)
                0x00000000000058fc                etimer_set
 .text.etimer_expired
                0x0000000000005910        0xc contiki-srf06-cc26xx.a(etimer.o)
                0x0000000000005910                etimer_expired
 .text.etimer_pending
                0x000000000000591c       0x14 contiki-srf06-cc26xx.a(etimer.o)
                0x000000000000591c                etimer_pending
 .text.etimer_next_expiration_time
                0x0000000000005930       0x18 contiki-srf06-cc26xx.a(etimer.o)
                0x0000000000005930                etimer_next_expiration_time
 .text.etimer_stop
                0x0000000000005948       0x4c contiki-srf06-cc26xx.a(etimer.o)
                0x0000000000005948                etimer_stop
 .text.exit_process
                0x0000000000005994       0xac contiki-srf06-cc26xx.a(process.o)
 .text.call_process.part.0
                0x0000000000005a40       0x3c contiki-srf06-cc26xx.a(process.o)
 .text.do_poll  0x0000000000005a7c       0x40 contiki-srf06-cc26xx.a(process.o)
 .text.process_alloc_event
                0x0000000000005abc       0x10 contiki-srf06-cc26xx.a(process.o)
                0x0000000000005abc                process_alloc_event
 .text.process_init
                0x0000000000005acc       0x3c contiki-srf06-cc26xx.a(process.o)
                0x0000000000005acc                process_init
 .text.process_run
                0x0000000000005b08       0xbc contiki-srf06-cc26xx.a(process.o)
                0x0000000000005b08                process_run
 .text.process_nevents
                0x0000000000005bc4       0x18 contiki-srf06-cc26xx.a(process.o)
                0x0000000000005bc4                process_nevents
 .text.process_post
                0x0000000000005bdc       0x48 contiki-srf06-cc26xx.a(process.o)
                0x0000000000005bdc                process_post
 .text.process_post_synch
                0x0000000000005c24       0x1c contiki-srf06-cc26xx.a(process.o)
                0x0000000000005c24                process_post_synch
 .text.process_start
                0x0000000000005c40       0x44 contiki-srf06-cc26xx.a(process.o)
                0x0000000000005c40                process_start
 .text.process_poll
                0x0000000000005c84       0x20 contiki-srf06-cc26xx.a(process.o)
                0x0000000000005c84                process_poll
 .text.rtimer_init
                0x0000000000005ca4        0x4 contiki-srf06-cc26xx.a(rtimer.o)
                0x0000000000005ca4                rtimer_init
 .text.rtimer_set
                0x0000000000005ca8       0x2c contiki-srf06-cc26xx.a(rtimer.o)
                0x0000000000005ca8                rtimer_set
 .text.rtimer_run_next
                0x0000000000005cd4       0x2c contiki-srf06-cc26xx.a(rtimer.o)
                0x0000000000005cd4                rtimer_run_next
 .text.timer_set
                0x0000000000005d00       0x10 contiki-srf06-cc26xx.a(timer.o)
                0x0000000000005d00                timer_set
 .text.timer_expired
                0x0000000000005d10       0x1c contiki-srf06-cc26xx.a(timer.o)
                0x0000000000005d10                timer_expired
 .text.process_thread_serial_line_process
                0x0000000000005d2c       0xd8 contiki-srf06-cc26xx.a(serial-line.o)
 .text.serial_line_input_byte
                0x0000000000005e04       0x58 contiki-srf06-cc26xx.a(serial-line.o)
                0x0000000000005e04                serial_line_input_byte
 .text.serial_line_init
                0x0000000000005e5c       0x2c contiki-srf06-cc26xx.a(serial-line.o)
                0x0000000000005e5c                serial_line_init
 .text.list_init
                0x0000000000005e88        0x8 contiki-srf06-cc26xx.a(list.o)
                0x0000000000005e88                list_init
 .text.list_head
                0x0000000000005e90        0x4 contiki-srf06-cc26xx.a(list.o)
                0x0000000000005e90                list_head
 .text.list_add
                0x0000000000005e94       0x60 contiki-srf06-cc26xx.a(list.o)
                0x0000000000005e94                list_add
 .text.list_push
                0x0000000000005ef4       0x48 contiki-srf06-cc26xx.a(list.o)
                0x0000000000005ef4                list_push
 .text.list_remove
                0x0000000000005f3c       0x40 contiki-srf06-cc26xx.a(list.o)
                0x0000000000005f3c                list_remove
 .text.list_length
                0x0000000000005f7c       0x14 contiki-srf06-cc26xx.a(list.o)
                0x0000000000005f7c                list_length
 .text.list_item_next
                0x0000000000005f90        0x8 contiki-srf06-cc26xx.a(list.o)
                0x0000000000005f90                list_item_next
 .text.ringbuf_init
                0x0000000000005f98       0x10 contiki-srf06-cc26xx.a(ringbuf.o)
                0x0000000000005f98                ringbuf_init
 .text.ringbuf_put
                0x0000000000005fa8       0x30 contiki-srf06-cc26xx.a(ringbuf.o)
                0x0000000000005fa8                ringbuf_put
 .text.ringbuf_get
                0x0000000000005fd8       0x28 contiki-srf06-cc26xx.a(ringbuf.o)
                0x0000000000005fd8                ringbuf_get
 .text.packet_sent
                0x0000000000006000       0x3c contiki-srf06-cc26xx.a(rime.o)
 .text.input    0x000000000000603c       0x38 contiki-srf06-cc26xx.a(rime.o)
 .text.init     0x0000000000006074       0x28 contiki-srf06-cc26xx.a(rime.o)
 .text.rime_output
                0x000000000000609c       0x28 contiki-srf06-cc26xx.a(rime.o)
                0x000000000000609c                rime_output
 .text.sent_by_broadcast
                0x00000000000060c4        0xc contiki-srf06-cc26xx.a(unicast.o)
 .text.recv_from_broadcast
                0x00000000000060d0       0x28 contiki-srf06-cc26xx.a(unicast.o)
 .text.unicast_open
                0x00000000000060f8       0x28 contiki-srf06-cc26xx.a(unicast.o)
                0x00000000000060f8                unicast_open
 .text.unicast_close
                0x0000000000006120        0x4 contiki-srf06-cc26xx.a(unicast.o)
                0x0000000000006120                unicast_close
 .text.unicast_send
                0x0000000000006124       0x14 contiki-srf06-cc26xx.a(unicast.o)
                0x0000000000006124                unicast_send
 .text.SafeHapiVoid
                0x0000000000006138       0x34 contiki-srf06-cc26xx.a(adi.o)
                0x0000000000006138                SafeHapiVoid
 .text.NOROM_AONRTCCurrentCompareValueGet
                0x000000000000616c       0x28 contiki-srf06-cc26xx.a(aon_rtc.o)
                0x000000000000616c                NOROM_AONRTCCurrentCompareValueGet
 .text.NOROM_ChipInfo_GetSupportedProtocol_BV
                0x0000000000006194       0x10 contiki-srf06-cc26xx.a(chipinfo.o)
                0x0000000000006194                NOROM_ChipInfo_GetSupportedProtocol_BV
 .text.NOROM_ChipInfo_GetChipFamily
                0x00000000000061a4       0x50 contiki-srf06-cc26xx.a(chipinfo.o)
                0x00000000000061a4                NOROM_ChipInfo_GetChipFamily
 .text.NOROM_ChipInfo_GetChipType
                0x00000000000061f4       0x5c contiki-srf06-cc26xx.a(chipinfo.o)
                0x00000000000061f4                NOROM_ChipInfo_GetChipType
 .text.NOROM_ChipInfo_GetHwRevision
                0x0000000000006250       0x94 contiki-srf06-cc26xx.a(chipinfo.o)
                0x0000000000006250                NOROM_ChipInfo_GetHwRevision
 .text.NOROM_ThisCodeIsBuiltForCC26xxHwRev22AndLater_HaltIfViolated
                0x00000000000062e4       0x14 contiki-srf06-cc26xx.a(chipinfo.o)
                0x00000000000062e4                NOROM_ThisCodeIsBuiltForCC26xxHwRev22AndLater_HaltIfViolated
 .text.NOROM_CPUcpsid
                0x00000000000062f8        0x8 contiki-srf06-cc26xx.a(cpu.o)
                0x00000000000062f8                NOROM_CPUcpsid
 .text.NOROM_CPUcpsie
                0x0000000000006300        0x8 contiki-srf06-cc26xx.a(cpu.o)
                0x0000000000006300                NOROM_CPUcpsie
 .text.NOROM_CPUdelay
                0x0000000000006308        0x8 contiki-srf06-cc26xx.a(cpu.o)
                0x0000000000006308                NOROM_CPUdelay
 .text.NOROM_DDI32RegWrite
                0x0000000000006310       0x3c contiki-srf06-cc26xx.a(ddi.o)
                0x0000000000006310                NOROM_DDI32RegWrite
 .text.NOROM_DDI16BitfieldWrite
                0x000000000000634c       0x50 contiki-srf06-cc26xx.a(ddi.o)
                0x000000000000634c                NOROM_DDI16BitfieldWrite
 .text.NOROM_DDI16BitfieldRead
                0x000000000000639c       0x54 contiki-srf06-cc26xx.a(ddi.o)
                0x000000000000639c                NOROM_DDI16BitfieldRead
 .text.NOROM_OSCClockSourceSet
                0x00000000000063f0       0x60 contiki-srf06-cc26xx.a(osc.o)
                0x00000000000063f0                NOROM_OSCClockSourceSet
 .text.NOROM_OSCClockSourceGet
                0x0000000000006450       0x24 contiki-srf06-cc26xx.a(osc.o)
                0x0000000000006450                NOROM_OSCClockSourceGet
 .text.NOROM_PowerCtrlSourceSet
                0x0000000000006474       0x34 contiki-srf06-cc26xx.a(pwr_ctrl.o)
                0x0000000000006474                NOROM_PowerCtrlSourceSet
 .text.TrimAfterColdResetWakeupFromShutDown
                0x00000000000064a8      0x104 contiki-srf06-cc26xx.a(setup.o)
 .text.NOROM_SetupTrimDevice
                0x00000000000065ac       0xb4 contiki-srf06-cc26xx.a(setup.o)
                0x00000000000065ac                NOROM_SetupTrimDevice
 .text.NOROM_SetupAfterColdResetWakeupFromShutDownCfg1
                0x0000000000006660       0x80 contiki-srf06-cc26xx.a(setup_rom.o)
                0x0000000000006660                NOROM_SetupAfterColdResetWakeupFromShutDownCfg1
 .text.NOROM_SetupAfterColdResetWakeupFromShutDownCfg3
                0x00000000000066e0      0x1f0 contiki-srf06-cc26xx.a(setup_rom.o)
                0x00000000000066e0                NOROM_SetupAfterColdResetWakeupFromShutDownCfg3
 .text.NOROM_SetupGetTrimForAnabypassValue1
                0x00000000000068d0       0x64 contiki-srf06-cc26xx.a(setup_rom.o)
                0x00000000000068d0                NOROM_SetupGetTrimForAnabypassValue1
 .text.NOROM_SetupGetTrimForAmpcompCtrl
                0x0000000000006934       0x78 contiki-srf06-cc26xx.a(setup_rom.o)
                0x0000000000006934                NOROM_SetupGetTrimForAmpcompCtrl
 .text.NOROM_SetupAfterColdResetWakeupFromShutDownCfg2
                0x00000000000069ac      0x220 contiki-srf06-cc26xx.a(setup_rom.o)
                0x00000000000069ac                NOROM_SetupAfterColdResetWakeupFromShutDownCfg2
 .text.NOROM_SetupSetCacheModeAccordingToCcfgSetting
                0x0000000000006bcc       0x78 contiki-srf06-cc26xx.a(setup_rom.o)
                0x0000000000006bcc                NOROM_SetupSetCacheModeAccordingToCcfgSetting
 .text.NOROM_SysCtrlSetRechargeBeforePowerDown
                0x0000000000006c44      0x2b0 contiki-srf06-cc26xx.a(sys_ctrl.o)
                0x0000000000006c44                NOROM_SysCtrlSetRechargeBeforePowerDown
 .text.NOROM_SysCtrlAdjustRechargeAfterPowerDown
                0x0000000000006ef4       0x80 contiki-srf06-cc26xx.a(sys_ctrl.o)
                0x0000000000006ef4                NOROM_SysCtrlAdjustRechargeAfterPowerDown
 .text.NOROM_SysCtrl_DCDC_VoltageConditionalControl
                0x0000000000006f74       0x88 contiki-srf06-cc26xx.a(sys_ctrl.o)
                0x0000000000006f74                NOROM_SysCtrl_DCDC_VoltageConditionalControl
 .text.NOROM_TRNGConfigure
                0x0000000000006ffc       0x3c contiki-srf06-cc26xx.a(trng.o)
                0x0000000000006ffc                NOROM_TRNGConfigure
 .text.linkaddr_copy
                0x0000000000007038        0x8 contiki-srf06-cc26xx.a(linkaddr.o)
                0x0000000000007038                linkaddr_copy
 .text.linkaddr_cmp
                0x0000000000007040       0x14 contiki-srf06-cc26xx.a(linkaddr.o)
                0x0000000000007040                linkaddr_cmp
 .text.netstack_init
                0x0000000000007054       0x40 contiki-srf06-cc26xx.a(netstack.o)
                0x0000000000007054                netstack_init
 .text.packetbuf_compact
                0x0000000000007094       0x50 contiki-srf06-cc26xx.a(packetbuf.o)
                0x0000000000007094                packetbuf_compact
 .text.packetbuf_copyto
                0x00000000000070e4       0x54 contiki-srf06-cc26xx.a(packetbuf.o)
                0x00000000000070e4                packetbuf_copyto
 .text.packetbuf_hdralloc
                0x0000000000007138       0x60 contiki-srf06-cc26xx.a(packetbuf.o)
                0x0000000000007138                packetbuf_hdralloc
 .text.packetbuf_hdrreduce
                0x0000000000007198       0x34 contiki-srf06-cc26xx.a(packetbuf.o)
                0x0000000000007198                packetbuf_hdrreduce
 .text.packetbuf_set_datalen
                0x00000000000071cc        0xc contiki-srf06-cc26xx.a(packetbuf.o)
                0x00000000000071cc                packetbuf_set_datalen
 .text.packetbuf_dataptr
                0x00000000000071d8       0x24 contiki-srf06-cc26xx.a(packetbuf.o)
                0x00000000000071d8                packetbuf_dataptr
 .text.packetbuf_hdrptr
                0x00000000000071fc        0xc contiki-srf06-cc26xx.a(packetbuf.o)
                0x00000000000071fc                packetbuf_hdrptr
 .text.packetbuf_datalen
                0x0000000000007208        0xc contiki-srf06-cc26xx.a(packetbuf.o)
                0x0000000000007208                packetbuf_datalen
 .text.packetbuf_totlen
                0x0000000000007214       0x28 contiki-srf06-cc26xx.a(packetbuf.o)
                0x0000000000007214                packetbuf_totlen
 .text.packetbuf_attr_clear
                0x000000000000723c       0x48 contiki-srf06-cc26xx.a(packetbuf.o)
                0x000000000000723c                packetbuf_attr_clear
 .text.packetbuf_clear
                0x0000000000007284       0x24 contiki-srf06-cc26xx.a(packetbuf.o)
                0x0000000000007284                packetbuf_clear
 .text.packetbuf_copyfrom
                0x00000000000072a8       0x48 contiki-srf06-cc26xx.a(packetbuf.o)
                0x00000000000072a8                packetbuf_copyfrom
 .text.packetbuf_attr_copyto
                0x00000000000072f0       0x44 contiki-srf06-cc26xx.a(packetbuf.o)
                0x00000000000072f0                packetbuf_attr_copyto
 .text.packetbuf_attr_copyfrom
                0x0000000000007334       0x40 contiki-srf06-cc26xx.a(packetbuf.o)
                0x0000000000007334                packetbuf_attr_copyfrom
 .text.packetbuf_set_attr
                0x0000000000007374       0x10 contiki-srf06-cc26xx.a(packetbuf.o)
                0x0000000000007374                packetbuf_set_attr
 .text.packetbuf_attr
                0x0000000000007384       0x10 contiki-srf06-cc26xx.a(packetbuf.o)
                0x0000000000007384                packetbuf_attr
 .text.packetbuf_set_addr
                0x0000000000007394       0x18 contiki-srf06-cc26xx.a(packetbuf.o)
                0x0000000000007394                packetbuf_set_addr
 .text.packetbuf_addr
                0x00000000000073ac       0x10 contiki-srf06-cc26xx.a(packetbuf.o)
                0x00000000000073ac                packetbuf_addr
 .text.packetbuf_holds_broadcast
                0x00000000000073bc       0x14 contiki-srf06-cc26xx.a(packetbuf.o)
                0x00000000000073bc                packetbuf_holds_broadcast
 .text.queuebuf_init
                0x00000000000073d0       0x20 contiki-srf06-cc26xx.a(queuebuf.o)
                0x00000000000073d0                queuebuf_init
 .text.queuebuf_new_from_packetbuf
                0x00000000000073f0       0x50 contiki-srf06-cc26xx.a(queuebuf.o)
                0x00000000000073f0                queuebuf_new_from_packetbuf
 .text.queuebuf_update_attr_from_packetbuf
                0x0000000000007440        0xc contiki-srf06-cc26xx.a(queuebuf.o)
                0x0000000000007440                queuebuf_update_attr_from_packetbuf
 .text.queuebuf_update_from_packetbuf
                0x000000000000744c       0x1c contiki-srf06-cc26xx.a(queuebuf.o)
                0x000000000000744c                queuebuf_update_from_packetbuf
 .text.queuebuf_free
                0x0000000000007468       0x38 contiki-srf06-cc26xx.a(queuebuf.o)
                0x0000000000007468                queuebuf_free
 .text.queuebuf_to_packetbuf
                0x00000000000074a0       0x34 contiki-srf06-cc26xx.a(queuebuf.o)
                0x00000000000074a0                queuebuf_to_packetbuf
 .text.queuebuf_attr
                0x00000000000074d4        0xc contiki-srf06-cc26xx.a(queuebuf.o)
                0x00000000000074d4                queuebuf_attr
 .text.input_packet
                0x00000000000074e0       0x10 contiki-srf06-cc26xx.a(csma.o)
 .text.on       0x00000000000074f0       0x10 contiki-srf06-cc26xx.a(csma.o)
 .text.off      0x0000000000007500       0x10 contiki-srf06-cc26xx.a(csma.o)
 .text.channel_check_interval
                0x0000000000007510       0x14 contiki-srf06-cc26xx.a(csma.o)
 .text.transmit_packet_list
                0x0000000000007524       0x28 contiki-srf06-cc26xx.a(csma.o)
 .text.schedule_transmission
                0x000000000000754c       0x54 contiki-srf06-cc26xx.a(csma.o)
 .text.send_packet
                0x00000000000075a0      0x194 contiki-srf06-cc26xx.a(csma.o)
 .text.init     0x0000000000007734       0x2c contiki-srf06-cc26xx.a(csma.o)
 .text.tx_done  0x0000000000007760       0x90 contiki-srf06-cc26xx.a(csma.o)
 .text.packet_sent
                0x00000000000077f0       0xe8 contiki-srf06-cc26xx.a(csma.o)
 .text.mac_call_sent_callback
                0x00000000000078d8       0x10 contiki-srf06-cc26xx.a(mac.o)
                0x00000000000078d8                mac_call_sent_callback
 .text.duty_cycle
                0x00000000000078e8        0x4 contiki-srf06-cc26xx.a(contikimac.o)
 .text.init     0x00000000000078ec       0x4c contiki-srf06-cc26xx.a(contikimac.o)
 .text.on       0x0000000000007938       0x30 contiki-srf06-cc26xx.a(contikimac.o)
 .text.off      0x0000000000007968       0x3c contiki-srf06-cc26xx.a(contikimac.o)
 .text.recv_burst_off
                0x00000000000079a4       0x14 contiki-srf06-cc26xx.a(contikimac.o)
 .text.powercycle_turn_radio_off.part.2
                0x00000000000079b8       0x14 contiki-srf06-cc26xx.a(contikimac.o)
 .text.turn_off
                0x00000000000079cc       0x44 contiki-srf06-cc26xx.a(contikimac.o)
 .text.turn_on  0x0000000000007a10       0x48 contiki-srf06-cc26xx.a(contikimac.o)
 .text.schedule_powercycle_fixed.part.5
                0x0000000000007a58       0x30 contiki-srf06-cc26xx.a(contikimac.o)
 .text.input_packet
                0x0000000000007a88       0xb4 contiki-srf06-cc26xx.a(contikimac.o)
 .text.send_packet.isra.8
                0x0000000000007b3c      0x250 contiki-srf06-cc26xx.a(contikimac.o)
 .text.qsend_list
                0x0000000000007d8c       0xe0 contiki-srf06-cc26xx.a(contikimac.o)
 .text.qsend_packet
                0x0000000000007e6c       0x24 contiki-srf06-cc26xx.a(contikimac.o)
 .text.powercycle_wrapper
                0x0000000000007e90      0x2a0 contiki-srf06-cc26xx.a(contikimac.o)
 .text.init     0x0000000000008130        0x4 contiki-srf06-cc26xx.a(nullsec.o)
 .text.input    0x0000000000008134       0x10 contiki-srf06-cc26xx.a(nullsec.o)
 .text.send     0x0000000000008144       0x20 contiki-srf06-cc26xx.a(nullsec.o)
 .text.sensor_common_read_reg
                0x0000000000008164       0x1c contiki-srf06-cc26xx.a(sensor-common.o)
                0x0000000000008164                sensor_common_read_reg
 .text.sensor_common_write_reg
                0x0000000000008180       0x30 contiki-srf06-cc26xx.a(sensor-common.o)
                0x0000000000008180                sensor_common_write_reg
 .text.sensor_common_set_error_data
                0x00000000000081b0       0x10 contiki-srf06-cc26xx.a(sensor-common.o)
                0x00000000000081b0                sensor_common_set_error_data
 .text.verify_part
                0x00000000000081c0       0x8c contiki-srf06-cc26xx.a(ext-flash.o)
 .text.wait_ready
                0x000000000000824c       0x74 contiki-srf06-cc26xx.a(ext-flash.o)
 .text.power_down
                0x00000000000082c0       0x58 contiki-srf06-cc26xx.a(ext-flash.o)
 .text.ext_flash_open
                0x0000000000008318       0x6c contiki-srf06-cc26xx.a(ext-flash.o)
                0x0000000000008318                ext_flash_open
 .text.ext_flash_init
                0x0000000000008384       0x14 contiki-srf06-cc26xx.a(ext-flash.o)
                0x0000000000008384                ext_flash_init
 .text.buzzer_init
                0x0000000000008398       0x10 contiki-srf06-cc26xx.a(buzzer.o)
                0x0000000000008398                buzzer_init
 .text.buzzer_stop
                0x00000000000083a8       0x80 contiki-srf06-cc26xx.a(buzzer.o)
                0x00000000000083a8                buzzer_stop
 .text.accessible
                0x0000000000008428       0x2c contiki-srf06-cc26xx.a(board-spi.o)
 .text.board_spi_write
                0x0000000000008454       0x40 contiki-srf06-cc26xx.a(board-spi.o)
                0x0000000000008454                board_spi_write
 .text.board_spi_read
                0x0000000000008494       0x4c contiki-srf06-cc26xx.a(board-spi.o)
                0x0000000000008494                board_spi_read
 .text.board_spi_flush
                0x00000000000084e0       0x28 contiki-srf06-cc26xx.a(board-spi.o)
                0x00000000000084e0                board_spi_flush
 .text.board_spi_open
                0x0000000000008508       0xcc contiki-srf06-cc26xx.a(board-spi.o)
                0x0000000000008508                board_spi_open
 .text.board_spi_close
                0x00000000000085d4       0x74 contiki-srf06-cc26xx.a(board-spi.o)
                0x00000000000085d4                board_spi_close
 .text.aux_ctrl_power_up
                0x0000000000008648       0x2c contiki-srf06-cc26xx.a(aux-ctrl.o)
                0x0000000000008648                aux_ctrl_power_up
 .text.aux_ctrl_register_consumer
                0x0000000000008674       0x44 contiki-srf06-cc26xx.a(aux-ctrl.o)
                0x0000000000008674                aux_ctrl_register_consumer
 .text.aux_ctrl_power_down
                0x00000000000086b8       0x80 contiki-srf06-cc26xx.a(aux-ctrl.o)
                0x00000000000086b8                aux_ctrl_power_down
 .text.aux_ctrl_unregister_consumer
                0x0000000000008738       0x2c contiki-srf06-cc26xx.a(aux-ctrl.o)
                0x0000000000008738                aux_ctrl_unregister_consumer
 .text.process_thread_rf_core_process
                0x0000000000008764       0x5c contiki-srf06-cc26xx.a(rf-core.o)
 .text.rf_core_is_accessible
                0x00000000000087c0       0x10 contiki-srf06-cc26xx.a(rf-core.o)
                0x00000000000087c0                rf_core_is_accessible
 .text.rf_core_send_cmd
                0x00000000000087d0       0xac contiki-srf06-cc26xx.a(rf-core.o)
                0x00000000000087d0                rf_core_send_cmd
 .text.rf_core_wait_cmd_done
                0x000000000000887c       0x34 contiki-srf06-cc26xx.a(rf-core.o)
                0x000000000000887c                rf_core_wait_cmd_done
 .text.rf_core_power_up
                0x00000000000088b0       0xe4 contiki-srf06-cc26xx.a(rf-core.o)
                0x00000000000088b0                rf_core_power_up
 .text.rf_core_start_rat
                0x0000000000008994       0x6c contiki-srf06-cc26xx.a(rf-core.o)
                0x0000000000008994                rf_core_start_rat
 .text.rf_core_stop_rat
                0x0000000000008a00       0x80 contiki-srf06-cc26xx.a(rf-core.o)
                0x0000000000008a00                rf_core_stop_rat
 .text.rf_core_power_down
                0x0000000000008a80      0x104 contiki-srf06-cc26xx.a(rf-core.o)
                0x0000000000008a80                rf_core_power_down
 .text.rf_core_set_modesel
                0x0000000000008b84       0x54 contiki-srf06-cc26xx.a(rf-core.o)
                0x0000000000008b84                rf_core_set_modesel
 .text.rf_core_boot
                0x0000000000008bd8       0x1c contiki-srf06-cc26xx.a(rf-core.o)
                0x0000000000008bd8                rf_core_boot
 .text.rf_core_restart_rat
                0x0000000000008bf4       0x18 contiki-srf06-cc26xx.a(rf-core.o)
                0x0000000000008bf4                rf_core_restart_rat
 .text.rf_core_setup_interrupts
                0x0000000000008c0c       0x80 contiki-srf06-cc26xx.a(rf-core.o)
                0x0000000000008c0c                rf_core_setup_interrupts
 .text.rf_core_cmd_done_en
                0x0000000000008c8c       0x2c contiki-srf06-cc26xx.a(rf-core.o)
                0x0000000000008c8c                rf_core_cmd_done_en
 .text.rf_core_cmd_done_dis
                0x0000000000008cb8       0x18 contiki-srf06-cc26xx.a(rf-core.o)
                0x0000000000008cb8                rf_core_cmd_done_dis
 .text.rf_core_get_last_radio_op
                0x0000000000008cd0        0xc contiki-srf06-cc26xx.a(rf-core.o)
                0x0000000000008cd0                rf_core_get_last_radio_op
 .text.rf_core_init_radio_op
                0x0000000000008cdc       0x1c contiki-srf06-cc26xx.a(rf-core.o)
                0x0000000000008cdc                rf_core_init_radio_op
 .text.rf_core_primary_mode_register
                0x0000000000008cf8        0xc contiki-srf06-cc26xx.a(rf-core.o)
                0x0000000000008cf8                rf_core_primary_mode_register
 .text.RFCCPE1IntHandler
                0x0000000000008d04       0x2c contiki-srf06-cc26xx.a(rf-core.o)
                0x0000000000008d04                RFCCPE1IntHandler
 .text.RFCCPE0IntHandler
                0x0000000000008d30       0x6c contiki-srf06-cc26xx.a(rf-core.o)
                0x0000000000008d30                RFCCPE0IntHandler
 .text.rf_ble_is_active
                0x0000000000008d9c        0xc contiki-srf06-cc26xx.a(rf-ble.o)
                0x0000000000008d9c                rf_ble_is_active
 .text.memb_init
                0x0000000000008da8       0x24 contiki-srf06-cc26xx.a(memb.o)
                0x0000000000008da8                memb_init
 .text.memb_alloc
                0x0000000000008dcc       0x3c contiki-srf06-cc26xx.a(memb.o)
                0x0000000000008dcc                memb_alloc
 .text.memb_free
                0x0000000000008e08       0x44 contiki-srf06-cc26xx.a(memb.o)
                0x0000000000008e08                memb_free
 .text.memb_inmemb
                0x0000000000008e4c       0x1c contiki-srf06-cc26xx.a(memb.o)
                0x0000000000008e4c                memb_inmemb
 .text.abc_open
                0x0000000000008e68       0x20 contiki-srf06-cc26xx.a(abc.o)
                0x0000000000008e68                abc_open
 .text.abc_close
                0x0000000000008e88        0x4 contiki-srf06-cc26xx.a(abc.o)
                0x0000000000008e88                abc_close
 .text.abc_send
                0x0000000000008e8c        0x4 contiki-srf06-cc26xx.a(abc.o)
                0x0000000000008e8c                abc_send
 .text.abc_input
                0x0000000000008e90        0xc contiki-srf06-cc26xx.a(abc.o)
                0x0000000000008e90                abc_input
 .text.abc_sent
                0x0000000000008e9c        0xc contiki-srf06-cc26xx.a(abc.o)
                0x0000000000008e9c                abc_sent
 .text.announcement_init
                0x0000000000008ea8        0xc contiki-srf06-cc26xx.a(announcement.o)
                0x0000000000008ea8                announcement_init
 .text.announcement_register_observer_callback
                0x0000000000008eb4        0xc contiki-srf06-cc26xx.a(announcement.o)
                0x0000000000008eb4                announcement_register_observer_callback
 .text.announcement_list
                0x0000000000008ec0        0xc contiki-srf06-cc26xx.a(announcement.o)
                0x0000000000008ec0                announcement_list
 .text.announcement_heard
                0x0000000000008ecc       0x34 contiki-srf06-cc26xx.a(announcement.o)
                0x0000000000008ecc                announcement_heard
 .text.adv_packet_sent
                0x0000000000008f00        0x4 contiki-srf06-cc26xx.a(broadcast-annou)
 .text.set_timers
                0x0000000000008f04       0x44 contiki-srf06-cc26xx.a(broadcast-annou)
 .text.send_timer
                0x0000000000008f48       0x1c contiki-srf06-cc26xx.a(broadcast-annou)
 .text.send_adv
                0x0000000000008f64       0x5c contiki-srf06-cc26xx.a(broadcast-annou)
 .text.adv_packet_received
                0x0000000000008fc0       0x48 contiki-srf06-cc26xx.a(broadcast-annou)
 .text.new_announcement
                0x0000000000009008       0x1c contiki-srf06-cc26xx.a(broadcast-annou)
 .text.broadcast_announcement_init
                0x0000000000009024       0x38 contiki-srf06-cc26xx.a(broadcast-annou)
                0x0000000000009024                broadcast_announcement_init
 .text.sent_by_abc
                0x000000000000905c        0xc contiki-srf06-cc26xx.a(broadcast.o)
 .text.recv_from_abc
                0x0000000000009068       0x24 contiki-srf06-cc26xx.a(broadcast.o)
 .text.broadcast_open
                0x000000000000908c       0x28 contiki-srf06-cc26xx.a(broadcast.o)
                0x000000000000908c                broadcast_open
 .text.broadcast_close
                0x00000000000090b4        0x4 contiki-srf06-cc26xx.a(broadcast.o)
                0x00000000000090b4                broadcast_close
 .text.broadcast_send
                0x00000000000090b8       0x1c contiki-srf06-cc26xx.a(broadcast.o)
                0x00000000000090b8                broadcast_send
 .text.chameleon_init
                0x00000000000090d4        0x4 contiki-srf06-cc26xx.a(chameleon.o)
                0x00000000000090d4                chameleon_init
 .text.chameleon_parse
                0x00000000000090d8       0x20 contiki-srf06-cc26xx.a(chameleon.o)
                0x00000000000090d8                chameleon_parse
 .text.chameleon_create
                0x00000000000090f8       0x24 contiki-srf06-cc26xx.a(chameleon.o)
                0x00000000000090f8                chameleon_create
 .text.chameleon_hdrsize
                0x000000000000911c       0x10 contiki-srf06-cc26xx.a(chameleon.o)
                0x000000000000911c                chameleon_hdrsize
 .text.channel_init
                0x000000000000912c        0xc contiki-srf06-cc26xx.a(channel.o)
                0x000000000000912c                channel_init
 .text.channel_open
                0x0000000000009138       0x14 contiki-srf06-cc26xx.a(channel.o)
                0x0000000000009138                channel_open
 .text.channel_close
                0x000000000000914c       0x10 contiki-srf06-cc26xx.a(channel.o)
                0x000000000000914c                channel_close
 .text.channel_lookup
                0x000000000000915c       0x30 contiki-srf06-cc26xx.a(channel.o)
                0x000000000000915c                channel_lookup
 .text.channel_set_attributes
                0x000000000000918c       0x18 contiki-srf06-cc26xx.a(channel.o)
                0x000000000000918c                channel_set_attributes
 .text.NOROM_AONBatMonTemperatureGetDegC
                0x00000000000091a4       0x38 contiki-srf06-cc26xx.a(aon_batmon.o)
                0x00000000000091a4                NOROM_AONBatMonTemperatureGetDegC
 .text.parse    0x00000000000091dc       0xa4 contiki-srf06-cc26xx.a(framer-802154.o)
 .text.create_frame.isra.0
                0x0000000000009280      0x14c contiki-srf06-cc26xx.a(framer-802154.o)
 .text.create   0x00000000000093cc        0x8 contiki-srf06-cc26xx.a(framer-802154.o)
 .text.hdr_length
                0x00000000000093d4        0x8 contiki-srf06-cc26xx.a(framer-802154.o)
 .text.mac_sequence_is_duplicate
                0x00000000000093dc       0x54 contiki-srf06-cc26xx.a(mac-sequence.o)
                0x00000000000093dc                mac_sequence_is_duplicate
 .text.mac_sequence_register_seqno
                0x0000000000009430       0x74 contiki-srf06-cc26xx.a(mac-sequence.o)
                0x0000000000009430                mac_sequence_register_seqno
 .text.header_size
                0x00000000000094a4       0x1c contiki-srf06-cc26xx.a(chameleon-bitop)
 .text.get_bits
                0x00000000000094c0       0xc0 contiki-srf06-cc26xx.a(chameleon-bitop)
                0x00000000000094c0                get_bits
 .text.unpack_header
                0x0000000000009580       0xbc contiki-srf06-cc26xx.a(chameleon-bitop)
 .text.set_bits
                0x000000000000963c       0xd4 contiki-srf06-cc26xx.a(chameleon-bitop)
                0x000000000000963c                set_bits
 .text.pack_header
                0x0000000000009710       0xb0 contiki-srf06-cc26xx.a(chameleon-bitop)
 .text.frame802154_get_pan_id
                0x00000000000097c0        0xc contiki-srf06-cc26xx.a(frame802154.o)
                0x00000000000097c0                frame802154_get_pan_id
 .text.frame802154_has_panid
                0x00000000000097cc       0xac contiki-srf06-cc26xx.a(frame802154.o)
                0x00000000000097cc                frame802154_has_panid
 .text.field_len
                0x0000000000009878       0x9c contiki-srf06-cc26xx.a(frame802154.o)
 .text.frame802154_is_broadcast_addr
                0x0000000000009914       0x24 contiki-srf06-cc26xx.a(frame802154.o)
                0x0000000000009914                frame802154_is_broadcast_addr
 .text.frame802154_hdrlen
                0x0000000000009938       0x34 contiki-srf06-cc26xx.a(frame802154.o)
                0x0000000000009938                frame802154_hdrlen
 .text.frame802154_create_fcf
                0x000000000000996c       0x64 contiki-srf06-cc26xx.a(frame802154.o)
                0x000000000000996c                frame802154_create_fcf
 .text.frame802154_create
                0x00000000000099d0       0xc8 contiki-srf06-cc26xx.a(frame802154.o)
                0x00000000000099d0                frame802154_create
 .text.frame802154_parse_fcf
                0x0000000000009a98       0x50 contiki-srf06-cc26xx.a(frame802154.o)
                0x0000000000009a98                frame802154_parse_fcf
 .text.frame802154_parse
                0x0000000000009ae8      0x14c contiki-srf06-cc26xx.a(frame802154.o)
                0x0000000000009ae8                frame802154_parse
 .text.exp2     0x0000000000009c34       0x10 /usr/lib/gcc/arm-none-eabi/4.8.2/../../../arm-none-eabi/lib/armv7-m/libm.a(lib_a-w_exp2.o)
                0x0000000000009c34                exp2
 .text.pow      0x0000000000009c44      0x32c /usr/lib/gcc/arm-none-eabi/4.8.2/../../../arm-none-eabi/lib/armv7-m/libm.a(lib_a-w_pow.o)
                0x0000000000009c44                pow
 .text.__ieee754_sqrt
                0x0000000000009f70      0x180 /usr/lib/gcc/arm-none-eabi/4.8.2/../../../arm-none-eabi/lib/armv7-m/libm.a(lib_a-e_sqrt.o)
                0x0000000000009f70                __ieee754_sqrt
 .text.fabs     0x000000000000a0f0        0x8 /usr/lib/gcc/arm-none-eabi/4.8.2/../../../arm-none-eabi/lib/armv7-m/libm.a(lib_a-s_fabs.o)
                0x000000000000a0f0                fabs
 .text.finite   0x000000000000a0f8        0xc /usr/lib/gcc/arm-none-eabi/4.8.2/../../../arm-none-eabi/lib/armv7-m/libm.a(lib_a-s_finite.o)
                0x000000000000a0f8                finite
 .text.__fpclassifyd
                0x000000000000a104       0x50 /usr/lib/gcc/arm-none-eabi/4.8.2/../../../arm-none-eabi/lib/armv7-m/libm.a(lib_a-s_fpclassify.o)
                0x000000000000a104                __fpclassifyd
 .text.matherr  0x000000000000a154        0x4 /usr/lib/gcc/arm-none-eabi/4.8.2/../../../arm-none-eabi/lib/armv7-m/libm.a(lib_a-s_matherr.o)
                0x000000000000a154                matherr
 .text.nan      0x000000000000a158        0xc /usr/lib/gcc/arm-none-eabi/4.8.2/../../../arm-none-eabi/lib/armv7-m/libm.a(lib_a-s_nan.o)
                0x000000000000a158                nan
 .text.rint     0x000000000000a164      0x120 /usr/lib/gcc/arm-none-eabi/4.8.2/../../../arm-none-eabi/lib/armv7-m/libm.a(lib_a-s_rint.o)
                0x000000000000a164                rint
 .text.copysign
                0x000000000000a284       0x14 /usr/lib/gcc/arm-none-eabi/4.8.2/../../../arm-none-eabi/lib/armv7-m/libm.a(lib_a-s_copysign.o)
                0x000000000000a284                copysign
 .text          0x000000000000a298      0x370 /usr/lib/gcc/arm-none-eabi/4.8.2/armv7-m/libgcc.a(_arm_addsubdf3.o)
                0x000000000000a298                __aeabi_drsub
                0x000000000000a2a0                __aeabi_dsub
                0x000000000000a2a0                __subdf3
                0x000000000000a2a4                __adddf3
                0x000000000000a2a4                __aeabi_dadd
                0x000000000000a51c                __aeabi_ui2d
                0x000000000000a51c                __floatunsidf
                0x000000000000a53c                __floatsidf
                0x000000000000a53c                __aeabi_i2d
                0x000000000000a560                __extendsfdf2
                0x000000000000a560                __aeabi_f2d
                0x000000000000a59c                __aeabi_ul2d
                0x000000000000a59c                __floatundidf
                0x000000000000a5ac                __floatdidf
                0x000000000000a5ac                __aeabi_l2d
 .text          0x000000000000a608      0x424 /usr/lib/gcc/arm-none-eabi/4.8.2/armv7-m/libgcc.a(_arm_muldivdf3.o)
                0x000000000000a608                __aeabi_dmul
                0x000000000000a608                __muldf3
                0x000000000000a85c                __aeabi_ddiv
                0x000000000000a85c                __divdf3
 .text          0x000000000000aa2c      0x110 /usr/lib/gcc/arm-none-eabi/4.8.2/armv7-m/libgcc.a(_arm_cmpdf2.o)
                0x000000000000aa2c                __gtdf2
                0x000000000000aa2c                __gedf2
                0x000000000000aa34                __ltdf2
                0x000000000000aa34                __ledf2
                0x000000000000aa3c                __cmpdf2
                0x000000000000aa3c                __eqdf2
                0x000000000000aa3c                __nedf2
                0x000000000000aab8                __aeabi_cdrcmple
                0x000000000000aac8                __aeabi_cdcmple
                0x000000000000aac8                __aeabi_cdcmpeq
                0x000000000000aad8                __aeabi_dcmpeq
                0x000000000000aaec                __aeabi_dcmplt
                0x000000000000ab00                __aeabi_dcmple
                0x000000000000ab14                __aeabi_dcmpge
                0x000000000000ab28                __aeabi_dcmpgt
 .text          0x000000000000ab3c       0xa0 /usr/lib/gcc/arm-none-eabi/4.8.2/armv7-m/libgcc.a(_arm_truncdfsf2.o)
                0x000000000000ab3c                __aeabi_d2f
                0x000000000000ab3c                __truncdfsf2
 .text          0x000000000000abdc      0x21c /usr/lib/gcc/arm-none-eabi/4.8.2/armv7-m/libgcc.a(_arm_addsubsf3.o)
                0x000000000000abdc                __aeabi_frsub
                0x000000000000abe4                __subsf3
                0x000000000000abe4                __aeabi_fsub
                0x000000000000abe8                __aeabi_fadd
                0x000000000000abe8                __addsf3
                0x000000000000ad48                __aeabi_ui2f
                0x000000000000ad48                __floatunsisf
                0x000000000000ad50                __aeabi_i2f
                0x000000000000ad50                __floatsisf
                0x000000000000ad6c                __floatundisf
                0x000000000000ad6c                __aeabi_ul2f
                0x000000000000ad7c                __floatdisf
                0x000000000000ad7c                __aeabi_l2f
 .text          0x000000000000adf8      0x2a0 /usr/lib/gcc/arm-none-eabi/4.8.2/armv7-m/libgcc.a(_arm_muldivsf3.o)
                0x000000000000adf8                __mulsf3
                0x000000000000adf8                __aeabi_fmul
                0x000000000000af60                __divsf3
                0x000000000000af60                __aeabi_fdiv
 .text          0x000000000000b098       0x4c /usr/lib/gcc/arm-none-eabi/4.8.2/armv7-m/libgcc.a(_arm_fixsfsi.o)
                0x000000000000b098                __fixsfsi
                0x000000000000b098                __aeabi_f2iz
 .text          0x000000000000b0e4       0x2c /usr/lib/gcc/arm-none-eabi/4.8.2/armv7-m/libgcc.a(_aeabi_uldivmod.o)
                0x000000000000b0e4                __aeabi_uldivmod
 .text          0x000000000000b110       0x60 /usr/lib/gcc/arm-none-eabi/4.8.2/armv7-m/libgcc.a(bpabi.o)
                0x000000000000b110                __gnu_ldivmod_helper
                0x000000000000b140                __gnu_uldivmod_helper
 .text          0x000000000000b170        0x4 /usr/lib/gcc/arm-none-eabi/4.8.2/armv7-m/libgcc.a(_dvmd_tls.o)
                0x000000000000b170                __aeabi_ldiv0
                0x000000000000b170                __aeabi_idiv0
 .text          0x000000000000b174      0x2bc /usr/lib/gcc/arm-none-eabi/4.8.2/armv7-m/libgcc.a(_divdi3.o)
                0x000000000000b174                __divdi3
 .text          0x000000000000b430      0x284 /usr/lib/gcc/arm-none-eabi/4.8.2/armv7-m/libgcc.a(_udivdi3.o)
                0x000000000000b430                __udivdi3
 .text.__errno  0x000000000000b6b4        0xc /usr/lib/gcc/arm-none-eabi/4.8.2/../../../arm-none-eabi/lib/armv7-m/libc.a(lib_a-errno.o)
                0x000000000000b6b4                __errno
 .text.memcmp   0x000000000000b6c0       0x68 /usr/lib/gcc/arm-none-eabi/4.8.2/../../../arm-none-eabi/lib/armv7-m/libc.a(lib_a-memcmp.o)
                0x000000000000b6c0                memcmp
 .text          0x000000000000b728       0xec /usr/lib/gcc/arm-none-eabi/4.8.2/../../../arm-none-eabi/lib/armv7-m/libc.a(lib_a-memcpy.o)
                0x000000000000b728                memcpy
 .text.memset   0x000000000000b814       0x94 /usr/lib/gcc/arm-none-eabi/4.8.2/../../../arm-none-eabi/lib/armv7-m/libc.a(lib_a-memset.o)
                0x000000000000b814                memset
 .text.strlen   0x000000000000b8a8       0x60 /usr/lib/gcc/arm-none-eabi/4.8.2/../../../arm-none-eabi/lib/armv7-m/libc.a(lib_a-strlen.o)
                0x000000000000b8a8                strlen
 *(SORT(.rodata*))
 .rodata.dp_h   0x000000000000b908       0x10 /usr/lib/gcc/arm-none-eabi/4.8.2/../../../arm-none-eabi/lib/armv7-m/libm.a(lib_a-e_pow.o)
 .rodata.dp_l   0x000000000000b918       0x10 /usr/lib/gcc/arm-none-eabi/4.8.2/../../../arm-none-eabi/lib/armv7-m/libm.a(lib_a-e_pow.o)
 .rodata.bp     0x000000000000b928       0x10 /usr/lib/gcc/arm-none-eabi/4.8.2/../../../arm-none-eabi/lib/armv7-m/libm.a(lib_a-e_pow.o)
 .rodata.TWO52  0x000000000000b938       0x10 /usr/lib/gcc/arm-none-eabi/4.8.2/../../../arm-none-eabi/lib/armv7-m/libm.a(lib_a-s_rint.o)
 .rodata.autostart_processes
                0x000000000000b948        0x8 unicast_send_from_usb.co
                0x000000000000b948                autostart_processes
 .rodata.str1.4
                0x000000000000b950       0xaa unicast_send_from_usb.co
                                         0xac (size before relaxing)
 *fill*         0x000000000000b9fa        0x2 00000000
 .rodata.unicast_callbacks
                0x000000000000b9fc        0x8 unicast_send_from_usb.co
 .rodata.str1.4
                0x000000000000ba04       0xee contiki-srf06-cc26xx.a(contiki-main.o)
                                         0xf0 (size before relaxing)
 *fill*         0x000000000000baf2        0x2 00000000
 .rodata.str1.4
                0x000000000000baf4        0x8 contiki-srf06-cc26xx.a(sensors.o)
 .rodata.str1.4
                0x000000000000bafc        0x7 contiki-srf06-cc26xx.a(bmp-280-sensor.)
                                          0x8 (size before relaxing)
 *fill*         0x000000000000bb03        0x1 00000000
 .rodata.bmp_280_sensor
                0x000000000000bb04       0x10 contiki-srf06-cc26xx.a(bmp-280-sensor.)
                0x000000000000bb04                bmp_280_sensor
 .rodata.tmp_007_sensor
                0x000000000000bb14       0x10 contiki-srf06-cc26xx.a(tmp-007-sensor.)
                0x000000000000bb14                tmp_007_sensor
 .rodata.str1.4
                0x000000000000bb24        0x7 contiki-srf06-cc26xx.a(tmp-007-sensor.)
                                          0x8 (size before relaxing)
 *fill*         0x000000000000bb2b        0x1 00000000
 .rodata.str1.4
                0x000000000000bb2c        0x8 contiki-srf06-cc26xx.a(opt-3001-sensor)
 .rodata.opt_3001_sensor
                0x000000000000bb34       0x10 contiki-srf06-cc26xx.a(opt-3001-sensor)
                0x000000000000bb34                opt_3001_sensor
 .rodata.hdc_1000_sensor
                0x000000000000bb44       0x10 contiki-srf06-cc26xx.a(hdc-1000-sensor)
                0x000000000000bb44                hdc_1000_sensor
 .rodata.str1.4
                0x000000000000bb54        0x8 contiki-srf06-cc26xx.a(hdc-1000-sensor)
 .rodata.mpu_9250_sensor
                0x000000000000bb5c       0x10 contiki-srf06-cc26xx.a(mpu-9250-sensor)
                0x000000000000bb5c                mpu_9250_sensor
 .rodata.str1.4
                0x000000000000bb6c        0x8 contiki-srf06-cc26xx.a(mpu-9250-sensor)
 .rodata.str1.4
                0x000000000000bb74        0x7 contiki-srf06-cc26xx.a(button-sensor.o)
                                          0x8 (size before relaxing)
 *fill*         0x000000000000bb7b        0x1 00000000
 .rodata.button_left_sensor
                0x000000000000bb7c       0x10 contiki-srf06-cc26xx.a(button-sensor.o)
                0x000000000000bb7c                button_left_sensor
 .rodata.button_right_sensor
                0x000000000000bb8c       0x10 contiki-srf06-cc26xx.a(button-sensor.o)
                0x000000000000bb8c                button_right_sensor
 .rodata.str1.4
                0x000000000000bb9c        0x5 contiki-srf06-cc26xx.a(reed-relay.o)
                                          0x8 (size before relaxing)
 *fill*         0x000000000000bba1        0x3 00000000
 .rodata.reed_relay_sensor
                0x000000000000bba4       0x10 contiki-srf06-cc26xx.a(reed-relay.o)
                0x000000000000bba4                reed_relay_sensor
 .rodata.output_power
                0x000000000000bbb4       0x68 contiki-srf06-cc26xx.a(ieee-mode.o)
 .rodata.mode_ieee
                0x000000000000bc1c        0x8 contiki-srf06-cc26xx.a(ieee-mode.o)
 .rodata.ieee_mode_driver
                0x000000000000bc24       0x38 contiki-srf06-cc26xx.a(ieee-mode.o)
                0x000000000000bc24                ieee_mode_driver
 .rodata.str1.4
                0x000000000000bc5c       0x1b contiki-srf06-cc26xx.a(soc-trng.o)
                                         0x1c (size before relaxing)
 *fill*         0x000000000000bc77        0x1 00000000
 .rodata.buffer.4002
                0x000000000000bc78       0x10 contiki-srf06-cc26xx.a(strformat.o)
 .rodata.buffer.4011
                0x000000000000bc88       0x10 contiki-srf06-cc26xx.a(strformat.o)
 .rodata.str1.4
                0x000000000000bc98       0x46 contiki-srf06-cc26xx.a(strformat.o)
                                         0x48 (size before relaxing)
 *fill*         0x000000000000bcde        0x2 00000000
 .rodata.str1.4
                0x000000000000bce0        0xf contiki-srf06-cc26xx.a(ctimer.o)
                                         0x10 (size before relaxing)
 *fill*         0x000000000000bcef        0x1 00000000
 .rodata.str1.4
                0x000000000000bcf0        0xc contiki-srf06-cc26xx.a(etimer.o)
 .rodata.str1.4
                0x000000000000bcfc        0xe contiki-srf06-cc26xx.a(serial-line.o)
                                         0x10 (size before relaxing)
 *fill*         0x000000000000bd0a        0x2 00000000
 .rodata.str1.4
                0x000000000000bd0c        0x5 contiki-srf06-cc26xx.a(rime.o)
                                          0x8 (size before relaxing)
 *fill*         0x000000000000bd11        0x3 00000000
 .rodata.rime_driver
                0x000000000000bd14        0xc contiki-srf06-cc26xx.a(rime.o)
                0x000000000000bd14                rime_driver
 .rodata.uc     0x000000000000bd20        0x8 contiki-srf06-cc26xx.a(unicast.o)
 .rodata.attributes
                0x000000000000bd28        0x8 contiki-srf06-cc26xx.a(unicast.o)
 .rodata.linkaddr_null
                0x000000000000bd30        0x4 contiki-srf06-cc26xx.a(linkaddr.o)
                0x000000000000bd30                linkaddr_null
 .rodata.str1.4
                0x000000000000bd34        0x5 contiki-srf06-cc26xx.a(csma.o)
                                          0x8 (size before relaxing)
 *fill*         0x000000000000bd39        0x3 00000000
 .rodata.csma_driver
                0x000000000000bd3c       0x1c contiki-srf06-cc26xx.a(csma.o)
                0x000000000000bd3c                csma_driver
 .rodata.str1.4
                0x000000000000bd58        0xb contiki-srf06-cc26xx.a(contikimac.o)
                                          0xc (size before relaxing)
 *fill*         0x000000000000bd63        0x1 00000000
 .rodata.contikimac_driver
                0x000000000000bd64       0x20 contiki-srf06-cc26xx.a(contikimac.o)
                0x000000000000bd64                contikimac_driver
 .rodata.str1.4
                0x000000000000bd84        0x8 contiki-srf06-cc26xx.a(nullsec.o)
 .rodata.nullsec_driver
                0x000000000000bd8c       0x10 contiki-srf06-cc26xx.a(nullsec.o)
                0x000000000000bd8c                nullsec_driver
 .rodata        0x000000000000bd9c        0x4 contiki-srf06-cc26xx.a(ext-flash.o)
 .rodata.str1.4
                0x000000000000bda0       0x46 contiki-srf06-cc26xx.a(rf-core.o)
                                         0x48 (size before relaxing)
 *fill*         0x000000000000bde6        0x2 00000000
 .rodata.attributes
                0x000000000000bde8        0x4 contiki-srf06-cc26xx.a(abc.o)
 .rodata.broadcast_callbacks
                0x000000000000bdec        0x8 contiki-srf06-cc26xx.a(broadcast-annou)
 .rodata.attributes
                0x000000000000bdf4        0x4 contiki-srf06-cc26xx.a(broadcast.o)
 .rodata.broadcast
                0x000000000000bdf8        0x8 contiki-srf06-cc26xx.a(broadcast.o)
 .rodata.framer_802154
                0x000000000000be00        0xc contiki-srf06-cc26xx.a(framer-802154.o)
                0x000000000000be00                framer_802154
 .rodata.chameleon_bitopt
                0x000000000000be0c        0xc contiki-srf06-cc26xx.a(chameleon-bitop)
                0x000000000000be0c                chameleon_bitopt
 .rodata.bitmask
                0x000000000000be18        0xc contiki-srf06-cc26xx.a(chameleon-bitop)
 .rodata.str1.4
                0x000000000000be24        0x4 /usr/lib/gcc/arm-none-eabi/4.8.2/../../../arm-none-eabi/lib/armv7-m/libm.a(lib_a-w_pow.o)
 .rodata.str1.4
                0x0000000000000000        0x4 /usr/lib/gcc/arm-none-eabi/4.8.2/../../../arm-none-eabi/lib/armv7-m/libm.a(lib_a-e_pow.o)
 .rodata.str1.4
                0x000000000000be28        0x4 /usr/lib/gcc/arm-none-eabi/4.8.2/../../../arm-none-eabi/lib/armv7-m/libc.a(lib_a-impure.o)
                0x000000000000be2c                _etext = .

.glue_7         0x000000000000be2c        0x0
 .glue_7        0x0000000000000000        0x0 linker stubs

.glue_7t        0x000000000000be2c        0x0
 .glue_7t       0x0000000000000000        0x0 linker stubs

.vfp11_veneer   0x000000000000be2c        0x0
 .vfp11_veneer  0x0000000000000000        0x0 linker stubs

.v4_bx          0x000000000000be2c        0x0
 .v4_bx         0x0000000000000000        0x0 linker stubs

.iplt           0x000000000000be2c        0x0
 .iplt          0x0000000000000000        0x0 obj_srf06-cc26xx/startup_gcc.o

.data           0x0000000020000000      0x59d load address 0x000000000000be2c
                0x0000000020000000                _data = .
 *(SORT(vtable))
 *(SORT(.data*))
 .data.impure_data
                0x0000000020000000      0x428 /usr/lib/gcc/arm-none-eabi/4.8.2/../../../arm-none-eabi/lib/armv7-m/libc.a(lib_a-impure.o)
 .data.unicast_send_from_usb_process
                0x0000000020000428       0x10 unicast_send_from_usb.co
                0x0000000020000428                unicast_send_from_usb_process
 .data.sensors_process
                0x0000000020000438       0x10 contiki-srf06-cc26xx.a(sensors.o)
                0x0000000020000438                sensors_process
 .data.sensors  0x0000000020000448       0x24 contiki-srf06-cc26xx.a(sensortag-senso)
                0x0000000020000448                sensors
 .data.sensortag_module
                0x000000002000046c       0x14 contiki-srf06-cc26xx.a(board.o)
 .data.uart_module
                0x0000000020000480       0x14 contiki-srf06-cc26xx.a(cc26xx-uart.o)
 .data.cc26xx_rf_lpm_module
                0x0000000020000494       0x14 contiki-srf06-cc26xx.a(ieee-mode.o)
 .data.ieee_overrides
                0x00000000200004a8       0x2c contiki-srf06-cc26xx.a(ieee-mode.o)
 .data.tx_power_current
                0x00000000200004d4        0x4 contiki-srf06-cc26xx.a(ieee-mode.o)
                0x00000000200004d4                tx_power_current
 .data.rng_module
                0x00000000200004d8       0x14 contiki-srf06-cc26xx.a(soc-trng.o)
 .data.soc_trng_process
                0x00000000200004ec       0x10 contiki-srf06-cc26xx.a(soc-trng.o)
                0x00000000200004ec                soc_trng_process
 .data.ctxt     0x00000000200004fc        0x8 contiki-srf06-cc26xx.a(dbg-printf.o)
 .data.ctimer_process
                0x0000000020000504       0x10 contiki-srf06-cc26xx.a(ctimer.o)
                0x0000000020000504                ctimer_process
 .data.etimer_process
                0x0000000020000514       0x10 contiki-srf06-cc26xx.a(etimer.o)
                0x0000000020000514                etimer_process
 .data.serial_line_process
                0x0000000020000524       0x10 contiki-srf06-cc26xx.a(serial-line.o)
                0x0000000020000524                serial_line_process
 .data.bufmem   0x0000000020000534        0xc contiki-srf06-cc26xx.a(queuebuf.o)
 .data.buframmem
                0x0000000020000540        0xc contiki-srf06-cc26xx.a(queuebuf.o)
 .data.metadata_memb
                0x000000002000054c        0xc contiki-srf06-cc26xx.a(csma.o)
 .data.neighbor_memb
                0x0000000020000558        0xc contiki-srf06-cc26xx.a(csma.o)
 .data.packet_memb
                0x0000000020000564        0xc contiki-srf06-cc26xx.a(csma.o)
 .data.buzzer_module
                0x0000000020000570       0x14 contiki-srf06-cc26xx.a(buzzer.o)
 .data.rf_core_process
                0x0000000020000584       0x10 contiki-srf06-cc26xx.a(rf-core.o)
                0x0000000020000584                rf_core_process
 .data._impure_ptr
                0x0000000020000594        0x4 /usr/lib/gcc/arm-none-eabi/4.8.2/../../../arm-none-eabi/lib/armv7-m/libc.a(lib_a-impure.o)
                0x0000000020000594                _impure_ptr
 .data.mac_pan_id
                0x0000000020000598        0x2 contiki-srf06-cc26xx.a(frame802154.o)
 .data.interface
                0x000000002000059a        0x1 contiki-srf06-cc26xx.a(board-i2c.o)
 .data.rng_ready_event
                0x000000002000059b        0x1 contiki-srf06-cc26xx.a(soc-trng.o)
 .data.__fdlib_version
                0x000000002000059c        0x1 /usr/lib/gcc/arm-none-eabi/4.8.2/../../../arm-none-eabi/lib/armv7-m/libm.a(lib_a-s_lib_ver.o)
                0x000000002000059c                __fdlib_version
                0x000000002000059d                _edata = .

.igot.plt       0x00000000200005a0        0x0 load address 0x000000000000c3c9
 .igot.plt      0x0000000000000000        0x0 obj_srf06-cc26xx/startup_gcc.o

.ARM.exidx      0x000000000000c3cc        0x8
 *(SORT(.ARM.exidx*))
 .ARM.exidx     0x000000000000c3cc        0x8 /usr/lib/gcc/arm-none-eabi/4.8.2/armv7-m/libgcc.a(_divdi3.o)
 .ARM.exidx     0x000000000000c3d4        0x0 /usr/lib/gcc/arm-none-eabi/4.8.2/armv7-m/libgcc.a(_udivdi3.o)
                                          0x8 (size before relaxing)

.bss            0x00000000200005a0     0x1292
                0x00000000200005a0                _bss = .
 *(SORT(.bss*))
 .bss.count     0x00000000200005a0        0x8 contiki-srf06-cc26xx.a(clock.o)
 .bss.last_rat_timestamp64
                0x00000000200005a8        0x8 contiki-srf06-cc26xx.a(ieee-mode.o)
 .bss.rands_cache
                0x00000000200005b0       0x20 contiki-srf06-cc26xx.a(soc-trng.o)
 .bss.uc        0x00000000200005d0       0x1c unicast_send_from_usb.co
 .bss.et.8809   0x00000000200005ec       0x10 unicast_send_from_usb.co
 .bss.count.8807
                0x00000000200005fc        0x4 unicast_send_from_usb.co
 .bss.losses    0x0000000020000600        0x4 unicast_send_from_usb.co
 .bss.i.4754    0x0000000020000604        0x4 contiki-srf06-cc26xx.a(sensors.o)
 .bss.events.4755
                0x0000000020000608        0x4 contiki-srf06-cc26xx.a(sensors.o)
 .bss.inited    0x000000002000060c        0x4 contiki-srf06-cc26xx.a(leds-arch.o)
 .bss.sensor_value
                0x0000000020000610        0x8 contiki-srf06-cc26xx.a(bmp-280-sensor.)
 .bss.calibration_data
                0x0000000020000618       0x1c contiki-srf06-cc26xx.a(bmp-280-sensor.)
 .bss.startup_timer
                0x0000000020000634       0x20 contiki-srf06-cc26xx.a(bmp-280-sensor.)
 .bss.enabled   0x0000000020000654        0x4 contiki-srf06-cc26xx.a(bmp-280-sensor.)
 .bss.obj_temp_latched
                0x0000000020000658        0x4 contiki-srf06-cc26xx.a(tmp-007-sensor.)
 .bss.startup_timer
                0x000000002000065c       0x20 contiki-srf06-cc26xx.a(tmp-007-sensor.)
 .bss.enabled   0x000000002000067c        0x4 contiki-srf06-cc26xx.a(tmp-007-sensor.)
 .bss.buf       0x0000000020000680        0x4 contiki-srf06-cc26xx.a(tmp-007-sensor.)
 .bss.amb_temp_latched
                0x0000000020000684        0x4 contiki-srf06-cc26xx.a(tmp-007-sensor.)
 .bss.startup_timer
                0x0000000020000688       0x20 contiki-srf06-cc26xx.a(opt-3001-sensor)
 .bss.state     0x00000000200006a8        0x4 contiki-srf06-cc26xx.a(opt-3001-sensor)
 .bss.startup_timer
                0x00000000200006ac       0x20 contiki-srf06-cc26xx.a(hdc-1000-sensor)
 .bss.enabled   0x00000000200006cc        0x4 contiki-srf06-cc26xx.a(hdc-1000-sensor)
 .bss.data      0x00000000200006d0        0x4 contiki-srf06-cc26xx.a(hdc-1000-sensor)
 .bss.sensor_value
                0x00000000200006d4        0x8 contiki-srf06-cc26xx.a(mpu-9250-sensor)
 .bss.startup_timer
                0x00000000200006dc       0x20 contiki-srf06-cc26xx.a(mpu-9250-sensor)
 .bss.state     0x00000000200006fc        0x4 contiki-srf06-cc26xx.a(mpu-9250-sensor)
 .bss.elements  0x0000000020000700        0x4 contiki-srf06-cc26xx.a(mpu-9250-sensor)
 .bss.left_timer
                0x0000000020000704       0x10 contiki-srf06-cc26xx.a(button-sensor.o)
 .bss.debouncetimer
                0x0000000020000714        0x8 contiki-srf06-cc26xx.a(reed-relay.o)
 .bss.last_isr_time
                0x000000002000071c        0x4 contiki-srf06-cc26xx.a(soc-rtc.o)
 .bss.input_handler
                0x0000000020000720        0x4 contiki-srf06-cc26xx.a(cc26xx-uart.o)
 .bss.modules_list_list
                0x0000000020000724        0x4 contiki-srf06-cc26xx.a(lpm.o)
 .bss.handlers  0x0000000020000728       0x80 contiki-srf06-cc26xx.a(gpio-interrupt.)
 .bss.last_value.8664
                0x00000000200007a8        0x4 contiki-srf06-cc26xx.a(ieee-mode.o)
 .bss.rat_overflow_counter
                0x00000000200007ac        0x4 contiki-srf06-cc26xx.a(ieee-mode.o)
 .bss.rx_buf_0  0x00000000200007b0       0x90 contiki-srf06-cc26xx.a(ieee-mode.o)
 .bss.rx_buf_1  0x0000000020000840       0x90 contiki-srf06-cc26xx.a(ieee-mode.o)
 .bss.rx_buf_2  0x00000000200008d0       0x90 contiki-srf06-cc26xx.a(ieee-mode.o)
 .bss.rx_buf_3  0x0000000020000960       0x90 contiki-srf06-cc26xx.a(ieee-mode.o)
 .bss.last_packet_timestamp
                0x00000000200009f0        0x4 contiki-srf06-cc26xx.a(ieee-mode.o)
 .bss.rx_data_queue
                0x00000000200009f4        0x8 contiki-srf06-cc26xx.a(ieee-mode.o)
 .bss.rat_overflow_timer
                0x00000000200009fc       0x20 contiki-srf06-cc26xx.a(ieee-mode.o)
 .bss.filter_cmd
                0x0000000020000a1c        0x8 contiki-srf06-cc26xx.a(ieee-mode.o)
 .bss.rx_read_entry
                0x0000000020000a24        0x4 contiki-srf06-cc26xx.a(ieee-mode.o)
 .bss.last_rat_overflow
                0x0000000020000a28        0x4 contiki-srf06-cc26xx.a(ieee-mode.o)
 .bss.cmd_ieee_rx_buf
                0x0000000020000a2c       0x80 contiki-srf06-cc26xx.a(ieee-mode.o)
 .bss.rf_stats  0x0000000020000aac       0x10 contiki-srf06-cc26xx.a(ieee-mode.o)
 .bss.tx_buf    0x0000000020000abc       0xb8 contiki-srf06-cc26xx.a(ieee-mode.o)
 .bss.notify_cb
                0x0000000020000b74        0x4 contiki-srf06-cc26xx.a(soc-trng.o)
 .bss.rands_mask
                0x0000000020000b78        0x4 contiki-srf06-cc26xx.a(soc-trng.o)
 .bss.ctimer_list_list
                0x0000000020000b7c        0x4 contiki-srf06-cc26xx.a(ctimer.o)
 .bss.timerlist
                0x0000000020000b80        0x4 contiki-srf06-cc26xx.a(etimer.o)
 .bss.next_expiration
                0x0000000020000b84        0x4 contiki-srf06-cc26xx.a(etimer.o)
 .bss.process_current
                0x0000000020000b88        0x4 contiki-srf06-cc26xx.a(process.o)
                0x0000000020000b88                process_current
 .bss.process_list
                0x0000000020000b8c        0x4 contiki-srf06-cc26xx.a(process.o)
                0x0000000020000b8c                process_list
 .bss.events    0x0000000020000b90      0x180 contiki-srf06-cc26xx.a(process.o)
 .bss.next_rtimer
                0x0000000020000d10        0x4 contiki-srf06-cc26xx.a(rtimer.o)
 .bss.rxbuf_data
                0x0000000020000d14       0x80 contiki-srf06-cc26xx.a(serial-line.o)
 .bss.rxbuf     0x0000000020000d94        0x8 contiki-srf06-cc26xx.a(serial-line.o)
 .bss.buf.4738  0x0000000020000d9c       0x80 contiki-srf06-cc26xx.a(serial-line.o)
 .bss.ptr.4739  0x0000000020000e1c        0x4 contiki-srf06-cc26xx.a(serial-line.o)
 .bss.sniffers_list
                0x0000000020000e20        0x4 contiki-srf06-cc26xx.a(rime.o)
 .bss.powerQualGlobals
                0x0000000020000e24        0x8 contiki-srf06-cc26xx.a(sys_ctrl.o)
 .bss.packetbuf_aligned
                0x0000000020000e2c       0x80 contiki-srf06-cc26xx.a(packetbuf.o)
 .bss.buframmem_memb_count
                0x0000000020000eac        0x8 contiki-srf06-cc26xx.a(queuebuf.o)
 .bss.bufmem_memb_mem
                0x0000000020000eb4       0x20 contiki-srf06-cc26xx.a(queuebuf.o)
 .bss.buframmem_memb_mem
                0x0000000020000ed4      0x5f0 contiki-srf06-cc26xx.a(queuebuf.o)
 .bss.bufmem_memb_count
                0x00000000200014c4        0x8 contiki-srf06-cc26xx.a(queuebuf.o)
 .bss.metadata_memb_memb_count
                0x00000000200014cc        0x8 contiki-srf06-cc26xx.a(csma.o)
 .bss.packet_memb_memb_count
                0x00000000200014d4        0x8 contiki-srf06-cc26xx.a(csma.o)
 .bss.metadata_memb_memb_mem
                0x00000000200014dc       0x60 contiki-srf06-cc26xx.a(csma.o)
 .bss.neighbor_list_list
                0x000000002000153c        0x4 contiki-srf06-cc26xx.a(csma.o)
 .bss.packet_memb_memb_mem
                0x0000000020001540       0x60 contiki-srf06-cc26xx.a(csma.o)
 .bss.neighbor_memb_memb_count
                0x00000000200015a0        0x4 contiki-srf06-cc26xx.a(csma.o)
 .bss.neighbor_memb_memb_mem
                0x00000000200015a4       0x68 contiki-srf06-cc26xx.a(csma.o)
 .bss.cycle_start
                0x000000002000160c        0x4 contiki-srf06-cc26xx.a(contikimac.o)
 .bss.we_are_receiving_burst
                0x0000000020001610        0x4 contiki-srf06-cc26xx.a(contikimac.o)
 .bss.rt        0x0000000020001614        0xc contiki-srf06-cc26xx.a(contikimac.o)
 .bss.ct.6954   0x0000000020001620       0x20 contiki-srf06-cc26xx.a(contikimac.o)
 .bss.start.6879
                0x0000000020001640        0x4 contiki-srf06-cc26xx.a(contikimac.o)
 .bss.pt        0x0000000020001644        0x4 contiki-srf06-cc26xx.a(contikimac.o)
 .bss.buffer    0x0000000020001648       0x20 contiki-srf06-cc26xx.a(sensor-common.o)
 .bss.consumers_list_list
                0x0000000020001668        0x4 contiki-srf06-cc26xx.a(aux-ctrl.o)
 .bss.last_radio_op
                0x000000002000166c        0x4 contiki-srf06-cc26xx.a(rf-core.o)
 .bss.primary_mode
                0x0000000020001670        0x4 contiki-srf06-cc26xx.a(rf-core.o)
 .bss.rat_offset
                0x0000000020001674        0x4 contiki-srf06-cc26xx.a(rf-core.o)
                0x0000000020001674                rat_offset
 .bss.announcements_list
                0x0000000020001678        0x4 contiki-srf06-cc26xx.a(announcement.o)
 .bss.observer_callback
                0x000000002000167c        0x4 contiki-srf06-cc26xx.a(announcement.o)
 .bss.c         0x0000000020001680       0x6c contiki-srf06-cc26xx.a(broadcast-annou)
 .bss.channel_list_list
                0x00000000200016ec        0x4 contiki-srf06-cc26xx.a(channel.o)
 .bss.received_seqnos
                0x00000000200016f0       0xc0 contiki-srf06-cc26xx.a(mac-sequence.o)
 .bss.node_id   0x00000000200017b0        0x2 contiki-srf06-cc26xx.a(contiki-main.o)
                0x00000000200017b0                node_id
 .bss.val       0x00000000200017b2        0x2 contiki-srf06-cc26xx.a(tmp-007-sensor.)
 .bss.raw_temp  0x00000000200017b4        0x2 contiki-srf06-cc26xx.a(hdc-1000-sensor)
 .bss.raw_hum   0x00000000200017b6        0x2 contiki-srf06-cc26xx.a(hdc-1000-sensor)
 .bss.buflen    0x00000000200017b8        0x2 contiki-srf06-cc26xx.a(packetbuf.o)
 .bss.bufptr    0x00000000200017ba        0x2 contiki-srf06-cc26xx.a(packetbuf.o)
 .bss.seqno.6154
                0x00000000200017bc        0x2 contiki-srf06-cc26xx.a(csma.o)
 .bss.num_sensors
                0x00000000200017be        0x1 contiki-srf06-cc26xx.a(sensors.o)
 .bss.leds      0x00000000200017bf        0x1 contiki-srf06-cc26xx.a(leds.o)
 .bss.c         0x00000000200017c0        0x1 contiki-srf06-cc26xx.a(leds-arch.o)
 .bss.success   0x00000000200017c1        0x1 contiki-srf06-cc26xx.a(hdc-1000-sensor)
 .bss.interrupt_status
                0x00000000200017c2        0x1 contiki-srf06-cc26xx.a(mpu-9250-sensor)
 .bss.acc_range_reg
                0x00000000200017c3        0x1 contiki-srf06-cc26xx.a(mpu-9250-sensor)
 .bss.mpu_config
                0x00000000200017c4        0x1 contiki-srf06-cc26xx.a(mpu-9250-sensor)
 .bss.acc_range
                0x00000000200017c5        0x1 contiki-srf06-cc26xx.a(mpu-9250-sensor)
 .bss.val       0x00000000200017c6        0x1 contiki-srf06-cc26xx.a(mpu-9250-sensor)
 .bss.slave_addr
                0x00000000200017c7        0x1 contiki-srf06-cc26xx.a(board-i2c.o)
 .bss.poll_mode
                0x00000000200017c8        0x1 contiki-srf06-cc26xx.a(ieee-mode.o)
 .bss.last_rssi
                0x00000000200017c9        0x1 contiki-srf06-cc26xx.a(ieee-mode.o)
 .bss.last_corr_lqi
                0x00000000200017ca        0x1 contiki-srf06-cc26xx.a(ieee-mode.o)
 .bss.initialized
                0x00000000200017cb        0x1 contiki-srf06-cc26xx.a(ctimer.o)
 .bss.fevent    0x00000000200017cc        0x1 contiki-srf06-cc26xx.a(process.o)
 .bss.nevents   0x00000000200017cd        0x1 contiki-srf06-cc26xx.a(process.o)
 .bss.poll_requested
                0x00000000200017ce        0x1 contiki-srf06-cc26xx.a(process.o)
 .bss.lastevent
                0x00000000200017cf        0x1 contiki-srf06-cc26xx.a(process.o)
 .bss.overflow.4732
                0x00000000200017d0        0x1 contiki-srf06-cc26xx.a(serial-line.o)
 .bss.hdrlen    0x00000000200017d1        0x1 contiki-srf06-cc26xx.a(packetbuf.o)
 .bss.initialized.6153
                0x00000000200017d2        0x1 contiki-srf06-cc26xx.a(csma.o)
 .bss.packet_seen.6873
                0x00000000200017d3        0x1 contiki-srf06-cc26xx.a(contikimac.o)
 .bss.count.6874
                0x00000000200017d4        0x1 contiki-srf06-cc26xx.a(contikimac.o)
 .bss.periods.6881
                0x00000000200017d5        0x1 contiki-srf06-cc26xx.a(contikimac.o)
 .bss.silence_periods.6880
                0x00000000200017d6        0x1 contiki-srf06-cc26xx.a(contikimac.o)
 .bss.radio_is_on
                0x00000000200017d7        0x1 contiki-srf06-cc26xx.a(contikimac.o)
 .bss.we_are_sending
                0x00000000200017d8        0x1 contiki-srf06-cc26xx.a(contikimac.o)
 .bss.contikimac_keep_radio_on
                0x00000000200017d9        0x1 contiki-srf06-cc26xx.a(contikimac.o)
 .bss.contikimac_is_on
                0x00000000200017da        0x1 contiki-srf06-cc26xx.a(contikimac.o)
 .bss.buzzer_on
                0x00000000200017db        0x1 contiki-srf06-cc26xx.a(buzzer.o)
 .bss.rat_offset_known
                0x00000000200017dc        0x1 contiki-srf06-cc26xx.a(rf-core.o)
 .bss.ble_mode_on
                0x00000000200017dd        0x1 contiki-srf06-cc26xx.a(rf-ble.o)