Archive member included because of file (symbol)

contiki-srf06-cc26xx.a(contiki-main.o)
                              obj_srf06-cc26xx/startup_gcc.o (main)
contiki-srf06-cc26xx.a(sensors.o)
                              contiki-srf06-cc26xx.a(contiki-main.o) (sensors_process)
contiki-srf06-cc26xx.a(leds.o)
                              contiki-srf06-cc26xx.a(contiki-main.o) (leds_init)
contiki-srf06-cc26xx.a(leds-arch.o)
                              contiki-srf06-cc26xx.a(leds.o) (leds_arch_init)
contiki-srf06-cc26xx.a(sensortag-senso)
                              contiki-srf06-cc26xx.a(sensors.o) (sensors_flags)
contiki-srf06-cc26xx.a(bmp-280-sensor.)
                              contiki-srf06-cc26xx.a(sensortag-senso) (bmp_280_sensor)
contiki-srf06-cc26xx.a(tmp-007-sensor.)
                              contiki-srf06-cc26xx.a(sensortag-senso) (tmp_007_sensor)
contiki-srf06-cc26xx.a(opt-3001-sensor)
                              contiki-srf06-cc26xx.a(sensortag-senso) (opt_3001_sensor)
contiki-srf06-cc26xx.a(hdc-1000-sensor)
                              contiki-srf06-cc26xx.a(sensortag-senso) (hdc_1000_sensor)
contiki-srf06-cc26xx.a(mpu-9250-sensor)
                              contiki-srf06-cc26xx.a(sensortag-senso) (mpu_9250_sensor)
contiki-srf06-cc26xx.a(button-sensor.o)
                              contiki-srf06-cc26xx.a(sensortag-senso) (button_right_sensor)
contiki-srf06-cc26xx.a(reed-relay.o)
                              contiki-srf06-cc26xx.a(sensortag-senso) (reed_relay_sensor)
contiki-srf06-cc26xx.a(ext-flash.o)
                              example-runicast.co (ext_flash_open)
contiki-srf06-cc26xx.a(board.o)
                              contiki-srf06-cc26xx.a(contiki-main.o) (board_init)
contiki-srf06-cc26xx.a(board-spi.o)
                              contiki-srf06-cc26xx.a(ext-flash.o) (board_spi_write)
contiki-srf06-cc26xx.a(board-i2c.o)
                              contiki-srf06-cc26xx.a(board.o) (board_i2c_wakeup)
contiki-srf06-cc26xx.a(clock.o)
                              contiki-srf06-cc26xx.a(contiki-main.o) (clock_init)
contiki-srf06-cc26xx.a(rtimer-arch.o)
                              contiki-srf06-cc26xx.a(mpu-9250-sensor) (rtimer_arch_now)
contiki-srf06-cc26xx.a(soc-rtc.o)
                              contiki-srf06-cc26xx.a(contiki-main.o) (soc_rtc_init)
contiki-srf06-cc26xx.a(contiki-watchdo)
                              contiki-srf06-cc26xx.a(contiki-main.o) (watchdog_init)
contiki-srf06-cc26xx.a(putchar.o)
                              contiki-srf06-cc26xx.a(contiki-main.o) (putchar)
contiki-srf06-cc26xx.a(ieee-addr.o)
                              contiki-srf06-cc26xx.a(contiki-main.o) (ieee_addr_cpy_to)
contiki-srf06-cc26xx.a(cc26xx-uart.o)
                              contiki-srf06-cc26xx.a(contiki-main.o) (cc26xx_uart_init)
contiki-srf06-cc26xx.a(lpm.o)
                              contiki-srf06-cc26xx.a(button-sensor.o) (lpm_shutdown)
contiki-srf06-cc26xx.a(gpio-interrupt.)
                              contiki-srf06-cc26xx.a(button-sensor.o) (gpio_interrupt_register_handler)
contiki-srf06-cc26xx.a(oscillators.o)
                              contiki-srf06-cc26xx.a(contiki-main.o) (oscillators_select_lf_xosc)
contiki-srf06-cc26xx.a(ieee-mode.o)
                              contiki-srf06-cc26xx.a(contiki-main.o) (ieee_mode_driver)
contiki-srf06-cc26xx.a(random.o)
                              contiki-srf06-cc26xx.a(contiki-main.o) (random_init)
contiki-srf06-cc26xx.a(soc-trng.o)
                              contiki-srf06-cc26xx.a(random.o) (soc_trng_rand_synchronous)
contiki-srf06-cc26xx.a(dbg-printf.o)
                              example-runicast.co (printf)
contiki-srf06-cc26xx.a(dbg-sprintf.o)
                              example-runicast.co (sprintf)
contiki-srf06-cc26xx.a(strformat.o)
                              contiki-srf06-cc26xx.a(dbg-printf.o) (format_str_v)
contiki-srf06-cc26xx.a(autostart.o)
                              contiki-srf06-cc26xx.a(contiki-main.o) (autostart_start)
contiki-srf06-cc26xx.a(ctimer.o)
                              contiki-srf06-cc26xx.a(contiki-main.o) (ctimer_init)
contiki-srf06-cc26xx.a(energest.o)
                              contiki-srf06-cc26xx.a(contiki-main.o) (energest_init)
contiki-srf06-cc26xx.a(etimer.o)
                              contiki-srf06-cc26xx.a(clock.o) (etimer_request_poll)
contiki-srf06-cc26xx.a(process.o)
                              contiki-srf06-cc26xx.a(sensors.o) (process_alloc_event)
contiki-srf06-cc26xx.a(rtimer.o)
                              contiki-srf06-cc26xx.a(contiki-main.o) (rtimer_init)
contiki-srf06-cc26xx.a(timer.o)
                              contiki-srf06-cc26xx.a(button-sensor.o) (timer_set)
contiki-srf06-cc26xx.a(serial-line.o)
                              contiki-srf06-cc26xx.a(contiki-main.o) (serial_line_init)
contiki-srf06-cc26xx.a(list.o)
                              example-runicast.co (list_init)
contiki-srf06-cc26xx.a(memb.o)
[...]
Memory Configuration

Name             Origin             Length             Attributes
FLASH            0x0000000000000000 0x000000000001ffa8 xr
FLASH_CCFG       0x000000000001ffa8 0x0000000000000058 xr
SRAM             0x0000000020000000 0x0000000000005000 xrw
GPRAM            0x0000000011000000 0x0000000000002000 xrw
*default*        0x0000000000000000 0xffffffffffffffff

Linker script and memory map

LOAD obj_srf06-cc26xx/fault-handlers.o
LOAD obj_srf06-cc26xx/ccfg.o
LOAD obj_srf06-cc26xx/startup_gcc.o
LOAD example-runicast.co
LOAD contiki-srf06-cc26xx.a
LOAD /usr/lib/gcc/arm-none-eabi/4.8.2/../../../arm-none-eabi/lib/armv7-m/libm.a
START GROUP
LOAD /usr/lib/gcc/arm-none-eabi/4.8.2/armv7-m/libgcc.a
LOAD /usr/lib/gcc/arm-none-eabi/4.8.2/../../../arm-none-eabi/lib/armv7-m/libc.a
END GROUP
                0x0000000020005000                _estack = (ORIGIN (SRAM) + 0x5000)
                0x0000000000000000                _Min_Heap_Size = 0x0
                0x0000000000000100                _Min_Stack_Size = 0x100

.text           0x0000000000000000     0xc1b0
                0x0000000000000000                _text = .
 *(SORT(.vectors))
 .vectors       0x0000000000000000       0xc8 obj_srf06-cc26xx/startup_gcc.o
                0x0000000000000000                g_pfnVectors
 *(SORT(.text*))
 .text.value    0x00000000000000c8       0xa8 contiki-srf06-cc26xx.a(opt-3001-sensor)
 .text.value    0x0000000000000170       0x98 contiki-srf06-cc26xx.a(hdc-1000-sensor)
 .text.value    0x0000000000000208      0x1d8 contiki-srf06-cc26xx.a(mpu-9250-sensor)
 .text.__ieee754_pow
                0x00000000000003e0      0xb68 /usr/lib/gcc/arm-none-eabi/4.8.2/../../../arm-none-eabi/lib/armv7-m/libm.a(lib_a-e_pow.o)
                0x00000000000003e0                __ieee754_pow
 .text.scalbn   0x0000000000000f48      0x100 /usr/lib/gcc/arm-none-eabi/4.8.2/../../../arm-none-eabi/lib/armv7-m/libm.a(lib_a-s_scalbn.o)
                0x0000000000000f48                scalbn
 .text.FaultISR
                0x0000000000001048       0x1c obj_srf06-cc26xx/fault-handlers.o
                0x0000000000001048                FaultISR
 .text.NmiSRHandler
                0x0000000000001064        0x4 obj_srf06-cc26xx/startup_gcc.o
                0x0000000000001064                NmiSR
 .text.IntDefaultHandler
                0x0000000000001068        0x4 obj_srf06-cc26xx/startup_gcc.o
                0x0000000000001068                SSI0IntHandler
                0x0000000000001068                SWEvent0IntHandler
                0x0000000000001068                uDMAIntHandler
                0x0000000000001068                WatchdogIntHandler
                0x0000000000001068                RFCHardwareIntHandler
                0x0000000000001068                Timer1BIntHandler
                0x0000000000001068                I2SIntHandler
                0x0000000000001068                Timer2BIntHandler
                0x0000000000001068                Timer2AIntHandler
                0x0000000000001068                Timer1AIntHandler
                0x0000000000001068                AONIntHandler
                0x0000000000001068                AUXSWEvent0IntHandler
                0x0000000000001068                AUXADCIntHandler
                0x0000000000001068                PendSVIntHandler
                0x0000000000001068                AUXSWEvent1IntHandler
                0x0000000000001068                SVCallIntHandler
                0x0000000000001068                MPUFaultIntHandler
                0x0000000000001068                SysTickIntHandler
                0x0000000000001068                BusFaultIntHandler
                0x0000000000001068                AONProgIntHandler
                0x0000000000001068                AUXCompAIntHandler
                0x0000000000001068                SSI1IntHandler
                0x0000000000001068                FlashIntHandler
                0x0000000000001068                uDMAErrIntHandler
                0x0000000000001068                UsageFaultIntHandler
                0x0000000000001068                RFCCmdAckIntHandler
                0x0000000000001068                CryptoIntHandler
                0x0000000000001068                Timer0AIntHandler
                0x0000000000001068                I2CIntHandler
                0x0000000000001068                DebugMonIntHandler
                0x0000000000001068                Timer0BIntHandler
                0x0000000000001068                AUXCombEventIntHandler
                0x0000000000001068                Timer3AIntHandler
                0x0000000000001068                DynProgIntHandler
                0x0000000000001068                Timer3BIntHandler
 .text.ResetISR
                0x000000000000106c       0x5c obj_srf06-cc26xx/startup_gcc.o
                0x000000000000106c                ResetISR
 .text.timedout_runicast
                0x00000000000010c8       0x1c example-runicast.co
 .text.sent_runicast
                0x00000000000010e4       0x28 example-runicast.co
 .text.process_thread_test_runicast_process
                0x000000000000110c      0x2a0 example-runicast.co
 .text.recv_runicast
                0x00000000000013ac       0xa8 example-runicast.co
 .text.fade     0x0000000000001454       0x64 contiki-srf06-cc26xx.a(contiki-main.o)
 .text.startup.main
                0x00000000000014b8      0x264 contiki-srf06-cc26xx.a(contiki-main.o)
                0x00000000000014b8                main
 .text.process_thread_sensors_process
                0x000000000000171c      0x138 contiki-srf06-cc26xx.a(sensors.o)
 .text.sensors_changed
                0x0000000000001854       0x54 contiki-srf06-cc26xx.a(sensors.o)
                0x0000000000001854                sensors_changed
 .text.leds_init
                0x00000000000018a8       0x14 contiki-srf06-cc26xx.a(leds.o)
                0x00000000000018a8                leds_init
 .text.leds_on  0x00000000000018bc       0x14 contiki-srf06-cc26xx.a(leds.o)
                0x00000000000018bc                leds_on
 .text.leds_off
                0x00000000000018d0       0x18 contiki-srf06-cc26xx.a(leds.o)
                0x00000000000018d0                leds_off
 .text.leds_arch_init
                0x00000000000018e8       0x3c contiki-srf06-cc26xx.a(leds-arch.o)
                0x00000000000018e8                leds_arch_init
 .text.leds_arch_set
                0x0000000000001924       0x40 contiki-srf06-cc26xx.a(leds-arch.o)
                0x0000000000001924                leds_arch_set
 .text.status   0x0000000000001964       0x14 contiki-srf06-cc26xx.a(bmp-280-sensor.)
 .text.notify_ready
                0x0000000000001978       0x18 contiki-srf06-cc26xx.a(bmp-280-sensor.)
 .text.enable_sensor
                0x0000000000001990       0x2c contiki-srf06-cc26xx.a(bmp-280-sensor.)
 .text.configure
                0x00000000000019bc       0xb0 contiki-srf06-cc26xx.a(bmp-280-sensor.)
 .text.value    0x0000000000001a6c      0x168 contiki-srf06-cc26xx.a(bmp-280-sensor.)
 .text.status   0x0000000000001bd4       0x14 contiki-srf06-cc26xx.a(tmp-007-sensor.)
 .text.notify_ready
                0x0000000000001be8       0x18 contiki-srf06-cc26xx.a(tmp-007-sensor.)
 .text.enable_sensor
                0x0000000000001c00       0x2c contiki-srf06-cc26xx.a(tmp-007-sensor.)
 .text.configure
                0x0000000000001c2c       0xac contiki-srf06-cc26xx.a(tmp-007-sensor.)
 .text.value    0x0000000000001cd8      0x10c contiki-srf06-cc26xx.a(tmp-007-sensor.)
 .text.status   0x0000000000001de4        0xc contiki-srf06-cc26xx.a(opt-3001-sensor)
 .text.enable_sensor
                0x0000000000001df0       0x48 contiki-srf06-cc26xx.a(opt-3001-sensor)
 .text.notify_ready
                0x0000000000001e38       0x5c contiki-srf06-cc26xx.a(opt-3001-sensor)
 .text.configure
                0x0000000000001e94       0x54 contiki-srf06-cc26xx.a(opt-3001-sensor)
 .text.status   0x0000000000001ee8       0x14 contiki-srf06-cc26xx.a(hdc-1000-sensor)
 .text.notify_ready
                0x0000000000001efc       0x6c contiki-srf06-cc26xx.a(hdc-1000-sensor)
 .text.configure
                0x0000000000001f68       0xdc contiki-srf06-cc26xx.a(hdc-1000-sensor)
 .text.acc_convert
                0x0000000000002044       0x74 contiki-srf06-cc26xx.a(mpu-9250-sensor)
 .text.status   0x00000000000020b8       0x14 contiki-srf06-cc26xx.a(mpu-9250-sensor)
 .text.notify_ready
                0x00000000000020cc       0x18 contiki-srf06-cc26xx.a(mpu-9250-sensor)
 .text.sensor_sleep
                0x00000000000020e4       0x3c contiki-srf06-cc26xx.a(mpu-9250-sensor)
 .text.configure
                0x0000000000002120      0x118 contiki-srf06-cc26xx.a(mpu-9250-sensor)
 .text.int_status
                0x0000000000002238       0x28 contiki-srf06-cc26xx.a(mpu-9250-sensor)
 .text.initialise
                0x0000000000002260      0x110 contiki-srf06-cc26xx.a(mpu-9250-sensor)
 .text.status.part.0
                0x0000000000002370       0x18 contiki-srf06-cc26xx.a(button-sensor.o)
 .text.value_left
                0x0000000000002388       0x28 contiki-srf06-cc26xx.a(button-sensor.o)
 .text.value_right
                0x00000000000023b0       0x1c contiki-srf06-cc26xx.a(button-sensor.o)
 .text.status_left
                0x00000000000023cc       0x10 contiki-srf06-cc26xx.a(button-sensor.o)
 .text.status_right
                0x00000000000023dc       0x10 contiki-srf06-cc26xx.a(button-sensor.o)
 .text.config_buttons
                0x00000000000023ec       0xa0 contiki-srf06-cc26xx.a(button-sensor.o)
 .text.config_left
                0x000000000000248c        0xc contiki-srf06-cc26xx.a(button-sensor.o)
 .text.config_right
                0x0000000000002498        0xc contiki-srf06-cc26xx.a(button-sensor.o)
 .text.button_press_handler
                0x00000000000024a4       0x68 contiki-srf06-cc26xx.a(button-sensor.o)
 .text.value    0x000000000000250c       0x10 contiki-srf06-cc26xx.a(reed-relay.o)
 .text.status   0x000000000000251c       0x24 contiki-srf06-cc26xx.a(reed-relay.o)
 .text.configure
                0x0000000000002540       0x7c contiki-srf06-cc26xx.a(reed-relay.o)
 .text.reed_interrupt_handler
                0x00000000000025bc       0x30 contiki-srf06-cc26xx.a(reed-relay.o)
 .text.write_enable
                0x00000000000025ec       0x30 contiki-srf06-cc26xx.a(ext-flash.o)
 .text.verify_part
                0x000000000000261c       0x8c contiki-srf06-cc26xx.a(ext-flash.o)
 .text.wait_ready
                0x00000000000026a8       0x74 contiki-srf06-cc26xx.a(ext-flash.o)
 .text.power_down
                0x000000000000271c       0x58 contiki-srf06-cc26xx.a(ext-flash.o)
 .text.ext_flash_open
                0x0000000000002774       0x6c contiki-srf06-cc26xx.a(ext-flash.o)
                0x0000000000002774                ext_flash_open
 .text.ext_flash_close
                0x00000000000027e0       0x10 contiki-srf06-cc26xx.a(ext-flash.o)
                0x00000000000027e0                ext_flash_close
 .text.ext_flash_read
                0x00000000000027f0       0x58 contiki-srf06-cc26xx.a(ext-flash.o)
                0x00000000000027f0                ext_flash_read
 .text.ext_flash_write
                0x0000000000002848       0xb4 contiki-srf06-cc26xx.a(ext-flash.o)
                0x0000000000002848                ext_flash_write
 .text.ext_flash_erase
                0x00000000000028fc       0x9c contiki-srf06-cc26xx.a(ext-flash.o)
                0x00000000000028fc                ext_flash_erase
 .text.ext_flash_init
                0x0000000000002998       0x14 contiki-srf06-cc26xx.a(ext-flash.o)
                0x0000000000002998                ext_flash_init
 .text.power_domains_on
                0x00000000000029ac       0x20 contiki-srf06-cc26xx.a(board.o)
 .text.lpm_wakeup_handler
                0x00000000000029cc        0x4 contiki-srf06-cc26xx.a(board.o)
 .text.shutdown_handler
                0x00000000000029d0       0x78 contiki-srf06-cc26xx.a(board.o)
 .text.board_init
                0x0000000000002a48      0x124 contiki-srf06-cc26xx.a(board.o)
                0x0000000000002a48                board_init
 .text.accessible
                0x0000000000002b6c       0x2c contiki-srf06-cc26xx.a(board-spi.o)
 .text.board_spi_write
                0x0000000000002b98       0x40 contiki-srf06-cc26xx.a(board-spi.o)
                0x0000000000002b98                board_spi_write
 .text.board_spi_read
                0x0000000000002bd8       0x4c contiki-srf06-cc26xx.a(board-spi.o)
                0x0000000000002bd8                board_spi_read
 .text.board_spi_flush
                0x0000000000002c24       0x28 contiki-srf06-cc26xx.a(board-spi.o)
                0x0000000000002c24                board_spi_flush
 .text.board_spi_open
                0x0000000000002c4c       0xcc contiki-srf06-cc26xx.a(board-spi.o)
                0x0000000000002c4c                board_spi_open
 .text.board_spi_close
                0x0000000000002d18       0x74 contiki-srf06-cc26xx.a(board-spi.o)
                0x0000000000002d18                board_spi_close
 .text.i2c_status
                0x0000000000002d8c       0x3c contiki-srf06-cc26xx.a(board-i2c.o)
 .text.accessible
                0x0000000000002dc8       0x2c contiki-srf06-cc26xx.a(board-i2c.o)
 .text.board_i2c_wakeup
                0x0000000000002df4       0x6c contiki-srf06-cc26xx.a(board-i2c.o)
                0x0000000000002df4                board_i2c_wakeup
 .text.board_i2c_shutdown
                0x0000000000002e60       0xb0 contiki-srf06-cc26xx.a(board-i2c.o)
                0x0000000000002e60                board_i2c_shutdown
 .text.board_i2c_write
                0x0000000000002f10      0x16c contiki-srf06-cc26xx.a(board-i2c.o)
                0x0000000000002f10                board_i2c_write
 .text.board_i2c_write_single
                0x000000000000307c       0x80 contiki-srf06-cc26xx.a(board-i2c.o)
                0x000000000000307c                board_i2c_write_single
 .text.board_i2c_read
                0x00000000000030fc      0x144 contiki-srf06-cc26xx.a(board-i2c.o)
                0x00000000000030fc                board_i2c_read
 .text.board_i2c_write_read
                0x0000000000003240      0x214 contiki-srf06-cc26xx.a(board-i2c.o)
                0x0000000000003240                board_i2c_write_read
 .text.board_i2c_select
                0x0000000000003454       0xf4 contiki-srf06-cc26xx.a(board-i2c.o)
                0x0000000000003454                board_i2c_select
 .text.power_domain_on
                0x0000000000003548       0x20 contiki-srf06-cc26xx.a(clock.o)
 .text.clock_init
                0x0000000000003568       0xac contiki-srf06-cc26xx.a(clock.o)
                0x0000000000003568                clock_init
 .text.clock_time
                0x0000000000003614       0x38 contiki-srf06-cc26xx.a(clock.o)
                0x0000000000003614                clock_time
 .text.clock_update
                0x000000000000364c       0x40 contiki-srf06-cc26xx.a(clock.o)
                0x000000000000364c                clock_update
 .text.rtimer_arch_init
                0x000000000000368c        0x4 contiki-srf06-cc26xx.a(rtimer-arch.o)
                0x000000000000368c                rtimer_arch_init
 .text.rtimer_arch_schedule
                0x0000000000003690        0x8 contiki-srf06-cc26xx.a(rtimer-arch.o)
                0x0000000000003690                rtimer_arch_schedule
 .text.rtimer_arch_now
                0x0000000000003698        0x4 contiki-srf06-cc26xx.a(rtimer-arch.o)
                0x0000000000003698                rtimer_arch_now
 .text.soc_rtc_init
                0x000000000000369c       0xac contiki-srf06-cc26xx.a(soc-rtc.o)
                0x000000000000369c                soc_rtc_init
 .text.soc_rtc_schedule_one_shot
                0x0000000000003748       0x6c contiki-srf06-cc26xx.a(soc-rtc.o)
                0x0000000000003748                soc_rtc_schedule_one_shot
 .text.soc_rtc_last_isr_time
                0x00000000000037b4        0xc contiki-srf06-cc26xx.a(soc-rtc.o)
                0x00000000000037b4                soc_rtc_last_isr_time
 .text.AONRTCIntHandler
                0x00000000000037c0       0xa0 contiki-srf06-cc26xx.a(soc-rtc.o)
                0x00000000000037c0                AONRTCIntHandler
 .text.lock_config
                0x0000000000003860       0x1c contiki-srf06-cc26xx.a(contiki-watchdo)
 .text.unlock_config
                0x000000000000387c       0x30 contiki-srf06-cc26xx.a(contiki-watchdo)
 .text.watchdog_init
                0x00000000000038ac       0x20 contiki-srf06-cc26xx.a(contiki-watchdo)
                0x00000000000038ac                watchdog_init
 .text.watchdog_start
                0x00000000000038cc       0x34 contiki-srf06-cc26xx.a(contiki-watchdo)
                0x00000000000038cc                watchdog_start
 .text.watchdog_periodic
                0x0000000000003900       0x1c contiki-srf06-cc26xx.a(contiki-watchdo)
                0x0000000000003900                watchdog_periodic
 .text.putchar  0x000000000000391c       0x10 contiki-srf06-cc26xx.a(putchar.o)
                0x000000000000391c                putchar
 .text.puts     0x000000000000392c       0x2c contiki-srf06-cc26xx.a(putchar.o)
                0x000000000000392c                puts
 .text.dbg_send_bytes
                0x0000000000003958       0x40 contiki-srf06-cc26xx.a(putchar.o)
                0x0000000000003958                dbg_send_bytes
 .text.ieee_addr_cpy_to
                0x0000000000003998       0x4c contiki-srf06-cc26xx.a(ieee-addr.o)
                0x0000000000003998                ieee_addr_cpy_to
 .text.power_and_clock
                0x00000000000039e4       0x4c contiki-srf06-cc26xx.a(cc26xx-uart.o)
 .text.enable   0x0000000000003a30      0x108 contiki-srf06-cc26xx.a(cc26xx-uart.o)
 .text.accessible
                0x0000000000003b38       0x2c contiki-srf06-cc26xx.a(cc26xx-uart.o)
 .text.lpm_drop_handler
                0x0000000000003b64       0xe0 contiki-srf06-cc26xx.a(cc26xx-uart.o)
 .text.cc26xx_uart_init
                0x0000000000003c44       0x2c contiki-srf06-cc26xx.a(cc26xx-uart.o)
                0x0000000000003c44                cc26xx_uart_init
 .text.cc26xx_uart_write_byte
                0x0000000000003c70       0x28 contiki-srf06-cc26xx.a(cc26xx-uart.o)
                0x0000000000003c70                cc26xx_uart_write_byte
 .text.cc26xx_uart_busy
                0x0000000000003c98       0x18 contiki-srf06-cc26xx.a(cc26xx-uart.o)
                0x0000000000003c98                cc26xx_uart_busy
 .text.UART0IntHandler
                0x0000000000003cb0       0x60 contiki-srf06-cc26xx.a(cc26xx-uart.o)
                0x0000000000003cb0                UART0IntHandler
 .text.lpm_shutdown
                0x0000000000003d10      0x1bc contiki-srf06-cc26xx.a(lpm.o)
                0x0000000000003d10                lpm_shutdown
 .text.lpm_sleep
                0x0000000000003ecc       0x14 contiki-srf06-cc26xx.a(lpm.o)
                0x0000000000003ecc                lpm_sleep
 .text.lpm_drop
                0x0000000000003ee0      0x2a4 contiki-srf06-cc26xx.a(lpm.o)
                0x0000000000003ee0                lpm_drop
 .text.lpm_register_module
                0x0000000000004184       0x10 contiki-srf06-cc26xx.a(lpm.o)
                0x0000000000004184                lpm_register_module
 .text.lpm_unregister_module
                0x0000000000004194       0x10 contiki-srf06-cc26xx.a(lpm.o)
                0x0000000000004194                lpm_unregister_module
 .text.lpm_init
                0x00000000000041a4       0x24 contiki-srf06-cc26xx.a(lpm.o)
                0x00000000000041a4                lpm_init
 .text.lpm_pin_set_default_state
                0x00000000000041c8       0x30 contiki-srf06-cc26xx.a(lpm.o)
                0x00000000000041c8                lpm_pin_set_default_state
 .text.gpio_interrupt_register_handler
                0x00000000000041f8       0x30 contiki-srf06-cc26xx.a(gpio-interrupt.)
                0x00000000000041f8                gpio_interrupt_register_handler
 .text.gpio_interrupt_init
                0x0000000000004228       0x28 contiki-srf06-cc26xx.a(gpio-interrupt.)
                0x0000000000004228                gpio_interrupt_init
 .text.GPIOIntHandler
                0x0000000000004250       0x34 contiki-srf06-cc26xx.a(gpio-interrupt.)
                0x0000000000004250                GPIOIntHandler
 .text.oscillators_select_lf_xosc
                0x0000000000004284       0x54 contiki-srf06-cc26xx.a(oscillators.o)
                0x0000000000004284                oscillators_select_lf_xosc
 .text.oscillators_select_lf_rcosc
                0x00000000000042d8       0x3c contiki-srf06-cc26xx.a(oscillators.o)
                0x00000000000042d8                oscillators_select_lf_rcosc
 .text.oscillators_request_hf_xosc
                0x0000000000004314       0x30 contiki-srf06-cc26xx.a(oscillators.o)
                0x0000000000004314                oscillators_request_hf_xosc
 .text.oscillators_switch_to_hf_xosc
                0x0000000000004344       0x34 contiki-srf06-cc26xx.a(oscillators.o)
                0x0000000000004344                oscillators_switch_to_hf_xosc
 .text.oscillators_switch_to_hf_rc
                0x0000000000004378       0x38 contiki-srf06-cc26xx.a(oscillators.o)
                0x0000000000004378                oscillators_switch_to_hf_rc
 .text.request  0x00000000000043b0       0x20 contiki-srf06-cc26xx.a(ieee-mode.o)
 .text.rx_on    0x00000000000043d0       0x70 contiki-srf06-cc26xx.a(ieee-mode.o)
 .text.prepare  0x0000000000004440       0x1c contiki-srf06-cc26xx.a(ieee-mode.o)
 .text.rf_radio_setup
                0x000000000000445c       0x64 contiki-srf06-cc26xx.a(ieee-mode.o)
 .text.soft_on  0x00000000000044c0       0x18 contiki-srf06-cc26xx.a(ieee-mode.o)
 .text.pending_packet
                0x00000000000044d8       0x4c contiki-srf06-cc26xx.a(ieee-mode.o)
 .text.soft_off
                0x0000000000004524       0x44 contiki-srf06-cc26xx.a(ieee-mode.o)
 .text.get_object
                0x0000000000004568       0x64 contiki-srf06-cc26xx.a(ieee-mode.o)
 .text.transmitting
                0x00000000000045cc       0x44 contiki-srf06-cc26xx.a(ieee-mode.o)
 .text.rx_off   0x0000000000004610       0x70 contiki-srf06-cc26xx.a(ieee-mode.o)
 .text.off      0x0000000000004680       0x74 contiki-srf06-cc26xx.a(ieee-mode.o)
 .text.set_object
                0x00000000000046f4       0x6c contiki-srf06-cc26xx.a(ieee-mode.o)
 .text.get_cca_info
                0x0000000000004760       0x48 contiki-srf06-cc26xx.a(ieee-mode.o)
 .text.check_rat_overflow
                0x00000000000047a8       0x98 contiki-srf06-cc26xx.a(ieee-mode.o)
 .text.receiving_packet
                0x0000000000004840       0x38 contiki-srf06-cc26xx.a(ieee-mode.o)
 .text.on       0x0000000000004878       0xb8 contiki-srf06-cc26xx.a(ieee-mode.o)
 .text.set_value
                0x0000000000004930      0x19c contiki-srf06-cc26xx.a(ieee-mode.o)
 .text.get_value
                0x0000000000004acc      0x1a0 contiki-srf06-cc26xx.a(ieee-mode.o)
 .text.transmit
                0x0000000000004c6c       0xf0 contiki-srf06-cc26xx.a(ieee-mode.o)
 .text.send     0x0000000000004d5c       0x24 contiki-srf06-cc26xx.a(ieee-mode.o)
 .text.channel_clear
                0x0000000000004d80       0x60 contiki-srf06-cc26xx.a(ieee-mode.o)
 .text.read_frame
                0x0000000000004de0      0x1ac contiki-srf06-cc26xx.a(ieee-mode.o)
 .text.handle_rat_overflow
                0x0000000000004f8c       0x74 contiki-srf06-cc26xx.a(ieee-mode.o)
 .text.init     0x0000000000005000      0x134 contiki-srf06-cc26xx.a(ieee-mode.o)
 .text.random_rand
                0x0000000000005134        0xc contiki-srf06-cc26xx.a(random.o)
                0x0000000000005134                random_rand
 .text.random_init
                0x0000000000005140        0x4 contiki-srf06-cc26xx.a(random.o)
                0x0000000000005140                random_init
 .text.power_up
                0x0000000000005144       0x4c contiki-srf06-cc26xx.a(soc-trng.o)
 .text.request  0x0000000000005190       0x14 contiki-srf06-cc26xx.a(soc-trng.o)
 .text.process_thread_soc_trng_process
                0x00000000000051a4       0xb0 contiki-srf06-cc26xx.a(soc-trng.o)
 .text.accessible
                0x0000000000005254       0x2c contiki-srf06-cc26xx.a(soc-trng.o)
 .text.soc_trng_rand_synchronous
                0x0000000000005280       0xd8 contiki-srf06-cc26xx.a(soc-trng.o)
                0x0000000000005280                soc_trng_rand_synchronous
 .text.TRNGIntHandler
                0x0000000000005358       0x5c contiki-srf06-cc26xx.a(soc-trng.o)
                0x0000000000005358                TRNGIntHandler
 .text.soc_trng_init
                0x00000000000053b4       0x2c contiki-srf06-cc26xx.a(soc-trng.o)
                0x00000000000053b4                soc_trng_init
 .text.write_str
                0x00000000000053e0       0x10 contiki-srf06-cc26xx.a(dbg-printf.o)
 .text.printf   0x00000000000053f0       0x28 contiki-srf06-cc26xx.a(dbg-printf.o)
                0x00000000000053f0                printf
 .text.buffer_str
                0x0000000000005418       0x18 contiki-srf06-cc26xx.a(dbg-sprintf.o)
 .text.sprintf  0x0000000000005430       0x38 contiki-srf06-cc26xx.a(dbg-sprintf.o)
                0x0000000000005430                sprintf
 .text.fill_space
                0x0000000000005468       0x38 contiki-srf06-cc26xx.a(strformat.o)
 .text.format_str_v
                0x00000000000054a0      0x904 contiki-srf06-cc26xx.a(strformat.o)
                0x00000000000054a0                format_str_v
 .text.autostart_start
                0x0000000000005da4       0x18 contiki-srf06-cc26xx.a(autostart.o)
                0x0000000000005da4                autostart_start
 .text.process_thread_ctimer_process
                0x0000000000005dbc       0xa4 contiki-srf06-cc26xx.a(ctimer.o)
 .text.ctimer_init
                0x0000000000005e60       0x2c contiki-srf06-cc26xx.a(ctimer.o)
                0x0000000000005e60                ctimer_init
 .text.ctimer_set_with_process
                0x0000000000005e8c       0x4c contiki-srf06-cc26xx.a(ctimer.o)
                0x0000000000005e8c                ctimer_set_with_process
 .text.ctimer_set
                0x0000000000005ed8       0x18 contiki-srf06-cc26xx.a(ctimer.o)
                0x0000000000005ed8                ctimer_set
 .text.ctimer_restart
                0x0000000000005ef0       0x40 contiki-srf06-cc26xx.a(ctimer.o)
                0x0000000000005ef0                ctimer_restart
 .text.ctimer_stop
                0x0000000000005f30       0x30 contiki-srf06-cc26xx.a(ctimer.o)
                0x0000000000005f30                ctimer_stop
 .text.energest_init
                0x0000000000005f60        0x4 contiki-srf06-cc26xx.a(energest.o)
                0x0000000000005f60                energest_init
 .text.update_time
                0x0000000000005f64       0x50 contiki-srf06-cc26xx.a(etimer.o)
 .text.process_thread_etimer_process
                0x0000000000005fb4       0xd8 contiki-srf06-cc26xx.a(etimer.o)
 .text.add_timer
                0x000000000000608c       0x60 contiki-srf06-cc26xx.a(etimer.o)
 .text.etimer_request_poll
                0x00000000000060ec        0xc contiki-srf06-cc26xx.a(etimer.o)
                0x00000000000060ec                etimer_request_poll
 .text.etimer_set
                0x00000000000060f8       0x14 contiki-srf06-cc26xx.a(etimer.o)
                0x00000000000060f8                etimer_set
 .text.etimer_restart
                0x000000000000610c       0x14 contiki-srf06-cc26xx.a(etimer.o)
                0x000000000000610c                etimer_restart
 .text.etimer_expired
                0x0000000000006120        0xc contiki-srf06-cc26xx.a(etimer.o)
                0x0000000000006120                etimer_expired
 .text.etimer_pending
                0x000000000000612c       0x14 contiki-srf06-cc26xx.a(etimer.o)
                0x000000000000612c                etimer_pending
 .text.etimer_next_expiration_time
                0x0000000000006140       0x18 contiki-srf06-cc26xx.a(etimer.o)
                0x0000000000006140                etimer_next_expiration_time
 .text.etimer_stop
                0x0000000000006158       0x4c contiki-srf06-cc26xx.a(etimer.o)
                0x0000000000006158                etimer_stop
 .text.exit_process
                0x00000000000061a4       0xac contiki-srf06-cc26xx.a(process.o)
 .text.call_process.part.0
                0x0000000000006250       0x3c contiki-srf06-cc26xx.a(process.o)
 .text.do_poll  0x000000000000628c       0x40 contiki-srf06-cc26xx.a(process.o)
 .text.process_alloc_event
                0x00000000000062cc       0x10 contiki-srf06-cc26xx.a(process.o)
                0x00000000000062cc                process_alloc_event
 .text.process_init
                0x00000000000062dc       0x3c contiki-srf06-cc26xx.a(process.o)
                0x00000000000062dc                process_init
 .text.process_run
                0x0000000000006318       0xbc contiki-srf06-cc26xx.a(process.o)
                0x0000000000006318                process_run
 .text.process_nevents
                0x00000000000063d4       0x18 contiki-srf06-cc26xx.a(process.o)
                0x00000000000063d4                process_nevents
 .text.process_post
                0x00000000000063ec       0x48 contiki-srf06-cc26xx.a(process.o)
                0x00000000000063ec                process_post
 .text.process_post_synch
                0x0000000000006434       0x1c contiki-srf06-cc26xx.a(process.o)
                0x0000000000006434                process_post_synch
 .text.process_start
                0x0000000000006450       0x44 contiki-srf06-cc26xx.a(process.o)
                0x0000000000006450                process_start
 .text.process_poll
                0x0000000000006494       0x20 contiki-srf06-cc26xx.a(process.o)
                0x0000000000006494                process_poll
 .text.rtimer_init
                0x00000000000064b4        0x4 contiki-srf06-cc26xx.a(rtimer.o)
                0x00000000000064b4                rtimer_init
 .text.rtimer_set
                0x00000000000064b8       0x2c contiki-srf06-cc26xx.a(rtimer.o)
                0x00000000000064b8                rtimer_set
 .text.rtimer_run_next
                0x00000000000064e4       0x2c contiki-srf06-cc26xx.a(rtimer.o)
                0x00000000000064e4                rtimer_run_next
 .text.timer_set
                0x0000000000006510       0x10 contiki-srf06-cc26xx.a(timer.o)
                0x0000000000006510                timer_set
 .text.timer_restart
                0x0000000000006520        0xc contiki-srf06-cc26xx.a(timer.o)
                0x0000000000006520                timer_restart
 .text.timer_expired
                0x000000000000652c       0x1c contiki-srf06-cc26xx.a(timer.o)
                0x000000000000652c                timer_expired
 .text.process_thread_serial_line_process
                0x0000000000006548       0xd8 contiki-srf06-cc26xx.a(serial-line.o)
 .text.serial_line_init
                0x0000000000006620       0x2c contiki-srf06-cc26xx.a(serial-line.o)
                0x0000000000006620                serial_line_init
 .text.list_init
                0x000000000000664c        0x8 contiki-srf06-cc26xx.a(list.o)
                0x000000000000664c                list_init
 .text.list_head
                0x0000000000006654        0x4 contiki-srf06-cc26xx.a(list.o)
                0x0000000000006654                list_head
 .text.list_add
                0x0000000000006658       0x60 contiki-srf06-cc26xx.a(list.o)
                0x0000000000006658                list_add
 .text.list_push
                0x00000000000066b8       0x48 contiki-srf06-cc26xx.a(list.o)
                0x00000000000066b8                list_push
 .text.list_chop
                0x0000000000006700       0x24 contiki-srf06-cc26xx.a(list.o)
                0x0000000000006700                list_chop
 .text.list_remove
                0x0000000000006724       0x40 contiki-srf06-cc26xx.a(list.o)
                0x0000000000006724                list_remove
 .text.list_item_next
                0x0000000000006764        0x8 contiki-srf06-cc26xx.a(list.o)
                0x0000000000006764                list_item_next
 .text.memb_init
                0x000000000000676c       0x24 contiki-srf06-cc26xx.a(memb.o)
                0x000000000000676c                memb_init
 .text.memb_alloc
                0x0000000000006790       0x3c contiki-srf06-cc26xx.a(memb.o)
                0x0000000000006790                memb_alloc
 .text.memb_free
                0x00000000000067cc       0x44 contiki-srf06-cc26xx.a(memb.o)
                0x00000000000067cc                memb_free
 .text.memb_inmemb
                0x0000000000006810       0x1c contiki-srf06-cc26xx.a(memb.o)
                0x0000000000006810                memb_inmemb
 .text.ringbuf_init
                0x000000000000682c       0x10 contiki-srf06-cc26xx.a(ringbuf.o)
                0x000000000000682c                ringbuf_init
 .text.ringbuf_get
                0x000000000000683c       0x28 contiki-srf06-cc26xx.a(ringbuf.o)
                0x000000000000683c                ringbuf_get
 .text.packet_sent
                0x0000000000006864       0x3c contiki-srf06-cc26xx.a(rime.o)
 .text.input    0x00000000000068a0       0x38 contiki-srf06-cc26xx.a(rime.o)
 .text.init     0x00000000000068d8       0x28 contiki-srf06-cc26xx.a(rime.o)
 .text.rime_output
                0x0000000000006900       0x28 contiki-srf06-cc26xx.a(rime.o)
                0x0000000000006900                rime_output
 .text.recv_from_stunicast
                0x0000000000006928       0xa4 contiki-srf06-cc26xx.a(runicast.o)
 .text.sent_by_stunicast
                0x00000000000069cc       0x58 contiki-srf06-cc26xx.a(runicast.o)
 .text.runicast_open
                0x0000000000006a24       0x34 contiki-srf06-cc26xx.a(runicast.o)
                0x0000000000006a24                runicast_open
 .text.runicast_close
                0x0000000000006a58        0x4 contiki-srf06-cc26xx.a(runicast.o)
                0x0000000000006a58                runicast_close
 .text.runicast_is_transmitting
                0x0000000000006a5c        0x8 contiki-srf06-cc26xx.a(runicast.o)
                0x0000000000006a5c                runicast_is_transmitting
 .text.runicast_send
                0x0000000000006a64       0x58 contiki-srf06-cc26xx.a(runicast.o)
                0x0000000000006a64                runicast_send
 .text.recv_from_uc
                0x0000000000006abc        0xc contiki-srf06-cc26xx.a(stunicast.o)
 .text.sent_by_uc
                0x0000000000006ac8        0xc contiki-srf06-cc26xx.a(stunicast.o)
 .text.send     0x0000000000006ad4       0x24 contiki-srf06-cc26xx.a(stunicast.o)
 .text.stunicast_open
                0x0000000000006af8       0x18 contiki-srf06-cc26xx.a(stunicast.o)
                0x0000000000006af8                stunicast_open
 .text.stunicast_receiver
                0x0000000000006b10        0x4 contiki-srf06-cc26xx.a(stunicast.o)
                0x0000000000006b10                stunicast_receiver
 .text.stunicast_send_stubborn
                0x0000000000006b14       0x44 contiki-srf06-cc26xx.a(stunicast.o)
                0x0000000000006b14                stunicast_send_stubborn
 .text.stunicast_send
                0x0000000000006b58        0x4 contiki-srf06-cc26xx.a(stunicast.o)
                0x0000000000006b58                stunicast_send
 .text.stunicast_cancel
                0x0000000000006b5c       0x18 contiki-srf06-cc26xx.a(stunicast.o)
                0x0000000000006b5c                stunicast_cancel
 .text.stunicast_close
                0x0000000000006b74       0x14 contiki-srf06-cc26xx.a(stunicast.o)
                0x0000000000006b74                stunicast_close
 .text.sent_by_broadcast
                0x0000000000006b88        0xc contiki-srf06-cc26xx.a(unicast.o)
 .text.recv_from_broadcast
                0x0000000000006b94       0x28 contiki-srf06-cc26xx.a(unicast.o)
 .text.unicast_open
                0x0000000000006bbc       0x28 contiki-srf06-cc26xx.a(unicast.o)
                0x0000000000006bbc                unicast_open
 .text.unicast_close
                0x0000000000006be4        0x4 contiki-srf06-cc26xx.a(unicast.o)
                0x0000000000006be4                unicast_close
 .text.unicast_send
                0x0000000000006be8       0x14 contiki-srf06-cc26xx.a(unicast.o)
                0x0000000000006be8                unicast_send
 .text.SafeHapiVoid
                0x0000000000006bfc       0x34 contiki-srf06-cc26xx.a(adi.o)
                0x0000000000006bfc                SafeHapiVoid
 .text.NOROM_AONRTCCurrentCompareValueGet
                0x0000000000006c30       0x28 contiki-srf06-cc26xx.a(aon_rtc.o)
                0x0000000000006c30                NOROM_AONRTCCurrentCompareValueGet
 .text.NOROM_ChipInfo_GetSupportedProtocol_BV
                0x0000000000006c58       0x10 contiki-srf06-cc26xx.a(chipinfo.o)
                0x0000000000006c58                NOROM_ChipInfo_GetSupportedProtocol_BV
 .text.NOROM_ChipInfo_GetChipFamily
                0x0000000000006c68       0x50 contiki-srf06-cc26xx.a(chipinfo.o)
                0x0000000000006c68                NOROM_ChipInfo_GetChipFamily
 .text.NOROM_ChipInfo_GetChipType
                0x0000000000006cb8       0x5c contiki-srf06-cc26xx.a(chipinfo.o)
                0x0000000000006cb8                NOROM_ChipInfo_GetChipType
 .text.NOROM_ChipInfo_GetHwRevision
                0x0000000000006d14       0x94 contiki-srf06-cc26xx.a(chipinfo.o)
                0x0000000000006d14                NOROM_ChipInfo_GetHwRevision
 .text.NOROM_ThisCodeIsBuiltForCC26xxHwRev22AndLater_HaltIfViolated
                0x0000000000006da8       0x14 contiki-srf06-cc26xx.a(chipinfo.o)
                0x0000000000006da8                NOROM_ThisCodeIsBuiltForCC26xxHwRev22AndLater_HaltIfViolated
 .text.NOROM_CPUcpsid
                0x0000000000006dbc        0x8 contiki-srf06-cc26xx.a(cpu.o)
                0x0000000000006dbc                NOROM_CPUcpsid
 .text.NOROM_CPUcpsie
                0x0000000000006dc4        0x8 contiki-srf06-cc26xx.a(cpu.o)
                0x0000000000006dc4                NOROM_CPUcpsie
 .text.NOROM_CPUdelay
                0x0000000000006dcc        0x8 contiki-srf06-cc26xx.a(cpu.o)
                0x0000000000006dcc                NOROM_CPUdelay
 .text.NOROM_DDI32RegWrite
                0x0000000000006dd4       0x3c contiki-srf06-cc26xx.a(ddi.o)
                0x0000000000006dd4                NOROM_DDI32RegWrite
 .text.NOROM_DDI16BitfieldWrite
                0x0000000000006e10       0x50 contiki-srf06-cc26xx.a(ddi.o)
                0x0000000000006e10                NOROM_DDI16BitfieldWrite
 .text.NOROM_DDI16BitfieldRead
                0x0000000000006e60       0x54 contiki-srf06-cc26xx.a(ddi.o)
                0x0000000000006e60                NOROM_DDI16BitfieldRead
 .text.NOROM_OSCClockSourceSet
                0x0000000000006eb4       0x60 contiki-srf06-cc26xx.a(osc.o)
                0x0000000000006eb4                NOROM_OSCClockSourceSet
 .text.NOROM_OSCClockSourceGet
                0x0000000000006f14       0x24 contiki-srf06-cc26xx.a(osc.o)
                0x0000000000006f14                NOROM_OSCClockSourceGet
 .text.NOROM_PowerCtrlSourceSet
                0x0000000000006f38       0x34 contiki-srf06-cc26xx.a(pwr_ctrl.o)
                0x0000000000006f38                NOROM_PowerCtrlSourceSet
 .text.TrimAfterColdResetWakeupFromShutDown
                0x0000000000006f6c      0x104 contiki-srf06-cc26xx.a(setup.o)
 .text.NOROM_SetupTrimDevice
                0x0000000000007070       0xb4 contiki-srf06-cc26xx.a(setup.o)
                0x0000000000007070                NOROM_SetupTrimDevice
 .text.NOROM_SetupAfterColdResetWakeupFromShutDownCfg1
                0x0000000000007124       0x80 contiki-srf06-cc26xx.a(setup_rom.o)
                0x0000000000007124                NOROM_SetupAfterColdResetWakeupFromShutDownCfg1
 .text.NOROM_SetupAfterColdResetWakeupFromShutDownCfg3
                0x00000000000071a4      0x1f0 contiki-srf06-cc26xx.a(setup_rom.o)
                0x00000000000071a4                NOROM_SetupAfterColdResetWakeupFromShutDownCfg3
 .text.NOROM_SetupGetTrimForAnabypassValue1
                0x0000000000007394       0x64 contiki-srf06-cc26xx.a(setup_rom.o)
                0x0000000000007394                NOROM_SetupGetTrimForAnabypassValue1
 .text.NOROM_SetupGetTrimForAmpcompCtrl
                0x00000000000073f8       0x78 contiki-srf06-cc26xx.a(setup_rom.o)
                0x00000000000073f8                NOROM_SetupGetTrimForAmpcompCtrl
 .text.NOROM_SetupAfterColdResetWakeupFromShutDownCfg2
                0x0000000000007470      0x220 contiki-srf06-cc26xx.a(setup_rom.o)
                0x0000000000007470                NOROM_SetupAfterColdResetWakeupFromShutDownCfg2
 .text.NOROM_SetupSetCacheModeAccordingToCcfgSetting
                0x0000000000007690       0x78 contiki-srf06-cc26xx.a(setup_rom.o)
                0x0000000000007690                NOROM_SetupSetCacheModeAccordingToCcfgSetting
 .text.NOROM_SysCtrlSetRechargeBeforePowerDown
                0x0000000000007708      0x2b0 contiki-srf06-cc26xx.a(sys_ctrl.o)
                0x0000000000007708                NOROM_SysCtrlSetRechargeBeforePowerDown
 .text.NOROM_SysCtrlAdjustRechargeAfterPowerDown
                0x00000000000079b8       0x80 contiki-srf06-cc26xx.a(sys_ctrl.o)
                0x00000000000079b8                NOROM_SysCtrlAdjustRechargeAfterPowerDown
 .text.NOROM_SysCtrl_DCDC_VoltageConditionalControl
                0x0000000000007a38       0x88 contiki-srf06-cc26xx.a(sys_ctrl.o)
                0x0000000000007a38                NOROM_SysCtrl_DCDC_VoltageConditionalControl
 .text.NOROM_TRNGConfigure
                0x0000000000007ac0       0x3c contiki-srf06-cc26xx.a(trng.o)
                0x0000000000007ac0                NOROM_TRNGConfigure
 .text.linkaddr_copy
                0x0000000000007afc        0x8 contiki-srf06-cc26xx.a(linkaddr.o)
                0x0000000000007afc                linkaddr_copy
 .text.linkaddr_cmp
                0x0000000000007b04       0x14 contiki-srf06-cc26xx.a(linkaddr.o)
                0x0000000000007b04                linkaddr_cmp
 .text.netstack_init
                0x0000000000007b18       0x40 contiki-srf06-cc26xx.a(netstack.o)
                0x0000000000007b18                netstack_init
 .text.packetbuf_compact
                0x0000000000007b58       0x50 contiki-srf06-cc26xx.a(packetbuf.o)
                0x0000000000007b58                packetbuf_compact
 .text.packetbuf_copyto
                0x0000000000007ba8       0x54 contiki-srf06-cc26xx.a(packetbuf.o)
                0x0000000000007ba8                packetbuf_copyto
 .text.packetbuf_hdralloc
                0x0000000000007bfc       0x60 contiki-srf06-cc26xx.a(packetbuf.o)
                0x0000000000007bfc                packetbuf_hdralloc
 .text.packetbuf_hdrreduce
                0x0000000000007c5c       0x34 contiki-srf06-cc26xx.a(packetbuf.o)
                0x0000000000007c5c                packetbuf_hdrreduce
 .text.packetbuf_set_datalen
                0x0000000000007c90        0xc contiki-srf06-cc26xx.a(packetbuf.o)
                0x0000000000007c90                packetbuf_set_datalen
 .text.packetbuf_dataptr
                0x0000000000007c9c       0x24 contiki-srf06-cc26xx.a(packetbuf.o)
                0x0000000000007c9c                packetbuf_dataptr
 .text.packetbuf_hdrptr
                0x0000000000007cc0        0xc contiki-srf06-cc26xx.a(packetbuf.o)
                0x0000000000007cc0                packetbuf_hdrptr
 .text.packetbuf_datalen
                0x0000000000007ccc        0xc contiki-srf06-cc26xx.a(packetbuf.o)
                0x0000000000007ccc                packetbuf_datalen
 .text.packetbuf_totlen
                0x0000000000007cd8       0x28 contiki-srf06-cc26xx.a(packetbuf.o)
                0x0000000000007cd8                packetbuf_totlen
 .text.packetbuf_attr_clear
                0x0000000000007d00       0x48 contiki-srf06-cc26xx.a(packetbuf.o)
                0x0000000000007d00                packetbuf_attr_clear
 .text.packetbuf_clear
                0x0000000000007d48       0x24 contiki-srf06-cc26xx.a(packetbuf.o)
                0x0000000000007d48                packetbuf_clear
 .text.packetbuf_copyfrom
                0x0000000000007d6c       0x48 contiki-srf06-cc26xx.a(packetbuf.o)
                0x0000000000007d6c                packetbuf_copyfrom
 .text.packetbuf_attr_copyto
                0x0000000000007db4       0x44 contiki-srf06-cc26xx.a(packetbuf.o)
                0x0000000000007db4                packetbuf_attr_copyto
 .text.packetbuf_attr_copyfrom
                0x0000000000007df8       0x40 contiki-srf06-cc26xx.a(packetbuf.o)
                0x0000000000007df8                packetbuf_attr_copyfrom
 .text.packetbuf_set_attr
                0x0000000000007e38       0x10 contiki-srf06-cc26xx.a(packetbuf.o)
                0x0000000000007e38                packetbuf_set_attr
 .text.packetbuf_attr
                0x0000000000007e48       0x10 contiki-srf06-cc26xx.a(packetbuf.o)
                0x0000000000007e48                packetbuf_attr
 .text.packetbuf_set_addr
                0x0000000000007e58       0x18 contiki-srf06-cc26xx.a(packetbuf.o)
                0x0000000000007e58                packetbuf_set_addr
 .text.packetbuf_addr
                0x0000000000007e70       0x10 contiki-srf06-cc26xx.a(packetbuf.o)
                0x0000000000007e70                packetbuf_addr
 .text.packetbuf_holds_broadcast
                0x0000000000007e80       0x14 contiki-srf06-cc26xx.a(packetbuf.o)
                0x0000000000007e80                packetbuf_holds_broadcast
 .text.queuebuf_init
                0x0000000000007e94       0x20 contiki-srf06-cc26xx.a(queuebuf.o)
                0x0000000000007e94                queuebuf_init
 .text.queuebuf_new_from_packetbuf
                0x0000000000007eb4       0x50 contiki-srf06-cc26xx.a(queuebuf.o)
                0x0000000000007eb4                queuebuf_new_from_packetbuf
 .text.queuebuf_update_from_packetbuf
                0x0000000000007f04       0x1c contiki-srf06-cc26xx.a(queuebuf.o)
                0x0000000000007f04                queuebuf_update_from_packetbuf
 .text.queuebuf_free
                0x0000000000007f20       0x38 contiki-srf06-cc26xx.a(queuebuf.o)
                0x0000000000007f20                queuebuf_free
 .text.queuebuf_to_packetbuf
                0x0000000000007f58       0x34 contiki-srf06-cc26xx.a(queuebuf.o)
                0x0000000000007f58                queuebuf_to_packetbuf
 .text.send_packet
                0x0000000000007f8c       0x10 contiki-srf06-cc26xx.a(nullmac.o)
 .text.packet_input
                0x0000000000007f9c       0x10 contiki-srf06-cc26xx.a(nullmac.o)
 .text.on       0x0000000000007fac       0x10 contiki-srf06-cc26xx.a(nullmac.o)
 .text.off      0x0000000000007fbc       0x10 contiki-srf06-cc26xx.a(nullmac.o)
 .text.channel_check_interval
                0x0000000000007fcc        0x4 contiki-srf06-cc26xx.a(nullmac.o)
 .text.init     0x0000000000007fd0        0x4 contiki-srf06-cc26xx.a(nullmac.o)
 .text.duty_cycle
                0x0000000000007fd4        0x4 contiki-srf06-cc26xx.a(contikimac.o)
 .text.init     0x0000000000007fd8       0x4c contiki-srf06-cc26xx.a(contikimac.o)
 .text.on       0x0000000000008024       0x30 contiki-srf06-cc26xx.a(contikimac.o)
 .text.off      0x0000000000008054       0x3c contiki-srf06-cc26xx.a(contikimac.o)
 .text.recv_burst_off
                0x0000000000008090       0x14 contiki-srf06-cc26xx.a(contikimac.o)
 .text.powercycle_turn_radio_off.part.2
                0x00000000000080a4       0x14 contiki-srf06-cc26xx.a(contikimac.o)
 .text.turn_off
                0x00000000000080b8       0x44 contiki-srf06-cc26xx.a(contikimac.o)
 .text.turn_on  0x00000000000080fc       0x48 contiki-srf06-cc26xx.a(contikimac.o)
 .text.schedule_powercycle_fixed.part.5
                0x0000000000008144       0x30 contiki-srf06-cc26xx.a(contikimac.o)
 .text.input_packet
                0x0000000000008174       0xb4 contiki-srf06-cc26xx.a(contikimac.o)
 .text.send_packet.isra.8
                0x0000000000008228      0x250 contiki-srf06-cc26xx.a(contikimac.o)
 .text.qsend_list
                0x0000000000008478       0xe0 contiki-srf06-cc26xx.a(contikimac.o)
 .text.qsend_packet
                0x0000000000008558       0x24 contiki-srf06-cc26xx.a(contikimac.o)
 .text.powercycle_wrapper
                0x000000000000857c      0x2a0 contiki-srf06-cc26xx.a(contikimac.o)
 .text.init     0x000000000000881c        0x4 contiki-srf06-cc26xx.a(nullsec.o)
 .text.input    0x0000000000008820       0x10 contiki-srf06-cc26xx.a(nullsec.o)
 .text.send     0x0000000000008830       0x20 contiki-srf06-cc26xx.a(nullsec.o)
 .text.sensor_common_read_reg
                0x0000000000008850       0x1c contiki-srf06-cc26xx.a(sensor-common.o)
                0x0000000000008850                sensor_common_read_reg
 .text.sensor_common_write_reg
                0x000000000000886c       0x30 contiki-srf06-cc26xx.a(sensor-common.o)
                0x000000000000886c                sensor_common_write_reg
 .text.sensor_common_set_error_data
                0x000000000000889c       0x10 contiki-srf06-cc26xx.a(sensor-common.o)
                0x000000000000889c                sensor_common_set_error_data
 .text.buzzer_init
                0x00000000000088ac       0x10 contiki-srf06-cc26xx.a(buzzer.o)
                0x00000000000088ac                buzzer_init
 .text.buzzer_stop
                0x00000000000088bc       0x80 contiki-srf06-cc26xx.a(buzzer.o)
                0x00000000000088bc                buzzer_stop
 .text.aux_ctrl_power_up
                0x000000000000893c       0x2c contiki-srf06-cc26xx.a(aux-ctrl.o)
                0x000000000000893c                aux_ctrl_power_up
 .text.aux_ctrl_register_consumer
                0x0000000000008968       0x44 contiki-srf06-cc26xx.a(aux-ctrl.o)
                0x0000000000008968                aux_ctrl_register_consumer
 .text.aux_ctrl_power_down
                0x00000000000089ac       0x80 contiki-srf06-cc26xx.a(aux-ctrl.o)
                0x00000000000089ac                aux_ctrl_power_down
 .text.aux_ctrl_unregister_consumer
                0x0000000000008a2c       0x2c contiki-srf06-cc26xx.a(aux-ctrl.o)
                0x0000000000008a2c                aux_ctrl_unregister_consumer
 .text.process_thread_rf_core_process
                0x0000000000008a58       0x5c contiki-srf06-cc26xx.a(rf-core.o)
 .text.rf_core_is_accessible
                0x0000000000008ab4       0x10 contiki-srf06-cc26xx.a(rf-core.o)
                0x0000000000008ab4                rf_core_is_accessible
 .text.rf_core_send_cmd
                0x0000000000008ac4       0xac contiki-srf06-cc26xx.a(rf-core.o)
                0x0000000000008ac4                rf_core_send_cmd
 .text.rf_core_wait_cmd_done
                0x0000000000008b70       0x34 contiki-srf06-cc26xx.a(rf-core.o)
                0x0000000000008b70                rf_core_wait_cmd_done
 .text.rf_core_power_up
                0x0000000000008ba4       0xe4 contiki-srf06-cc26xx.a(rf-core.o)
                0x0000000000008ba4                rf_core_power_up
 .text.rf_core_start_rat
                0x0000000000008c88       0x6c contiki-srf06-cc26xx.a(rf-core.o)
                0x0000000000008c88                rf_core_start_rat
 .text.rf_core_stop_rat
                0x0000000000008cf4       0x80 contiki-srf06-cc26xx.a(rf-core.o)
                0x0000000000008cf4                rf_core_stop_rat
 .text.rf_core_power_down
                0x0000000000008d74      0x104 contiki-srf06-cc26xx.a(rf-core.o)
                0x0000000000008d74                rf_core_power_down
 .text.rf_core_set_modesel
                0x0000000000008e78       0x54 contiki-srf06-cc26xx.a(rf-core.o)
                0x0000000000008e78                rf_core_set_modesel
 .text.rf_core_boot
                0x0000000000008ecc       0x1c contiki-srf06-cc26xx.a(rf-core.o)
                0x0000000000008ecc                rf_core_boot
 .text.rf_core_restart_rat
                0x0000000000008ee8       0x18 contiki-srf06-cc26xx.a(rf-core.o)
                0x0000000000008ee8                rf_core_restart_rat
 .text.rf_core_setup_interrupts
                0x0000000000008f00       0x80 contiki-srf06-cc26xx.a(rf-core.o)
                0x0000000000008f00                rf_core_setup_interrupts
 .text.rf_core_cmd_done_en
                0x0000000000008f80       0x2c contiki-srf06-cc26xx.a(rf-core.o)
                0x0000000000008f80                rf_core_cmd_done_en
 .text.rf_core_cmd_done_dis
                0x0000000000008fac       0x18 contiki-srf06-cc26xx.a(rf-core.o)
                0x0000000000008fac                rf_core_cmd_done_dis
 .text.rf_core_get_last_radio_op
                0x0000000000008fc4        0xc contiki-srf06-cc26xx.a(rf-core.o)
                0x0000000000008fc4                rf_core_get_last_radio_op
 .text.rf_core_init_radio_op
                0x0000000000008fd0       0x1c contiki-srf06-cc26xx.a(rf-core.o)
                0x0000000000008fd0                rf_core_init_radio_op
 .text.rf_core_primary_mode_register
                0x0000000000008fec        0xc contiki-srf06-cc26xx.a(rf-core.o)
                0x0000000000008fec                rf_core_primary_mode_register
 .text.RFCCPE1IntHandler
                0x0000000000008ff8       0x2c contiki-srf06-cc26xx.a(rf-core.o)
                0x0000000000008ff8                RFCCPE1IntHandler
 .text.RFCCPE0IntHandler
                0x0000000000009024       0x6c contiki-srf06-cc26xx.a(rf-core.o)
                0x0000000000009024                RFCCPE0IntHandler
 .text.rf_ble_is_active
                0x0000000000009090        0xc contiki-srf06-cc26xx.a(rf-ble.o)
                0x0000000000009090                rf_ble_is_active
 .text.abc_open
                0x000000000000909c       0x20 contiki-srf06-cc26xx.a(abc.o)
                0x000000000000909c                abc_open
 .text.abc_close
                0x00000000000090bc        0x4 contiki-srf06-cc26xx.a(abc.o)
                0x00000000000090bc                abc_close
 .text.abc_send
                0x00000000000090c0        0x4 contiki-srf06-cc26xx.a(abc.o)
                0x00000000000090c0                abc_send
 .text.abc_input
                0x00000000000090c4        0xc contiki-srf06-cc26xx.a(abc.o)
                0x00000000000090c4                abc_input
 .text.abc_sent
                0x00000000000090d0        0xc contiki-srf06-cc26xx.a(abc.o)
                0x00000000000090d0                abc_sent
 .text.announcement_init
                0x00000000000090dc        0xc contiki-srf06-cc26xx.a(announcement.o)
                0x00000000000090dc                announcement_init
 .text.announcement_register_observer_callback
                0x00000000000090e8        0xc contiki-srf06-cc26xx.a(announcement.o)
                0x00000000000090e8                announcement_register_observer_callback
 .text.announcement_list
                0x00000000000090f4        0xc contiki-srf06-cc26xx.a(announcement.o)
                0x00000000000090f4                announcement_list
 .text.announcement_heard
                0x0000000000009100       0x34 contiki-srf06-cc26xx.a(announcement.o)
                0x0000000000009100                announcement_heard
 .text.adv_packet_sent
                0x0000000000009134        0x4 contiki-srf06-cc26xx.a(broadcast-annou)
 .text.set_timers
                0x0000000000009138       0x44 contiki-srf06-cc26xx.a(broadcast-annou)
 .text.send_timer
                0x000000000000917c       0x1c contiki-srf06-cc26xx.a(broadcast-annou)
 .text.send_adv
                0x0000000000009198       0x5c contiki-srf06-cc26xx.a(broadcast-annou)
 .text.adv_packet_received
                0x00000000000091f4       0x48 contiki-srf06-cc26xx.a(broadcast-annou)
 .text.new_announcement
                0x000000000000923c       0x1c contiki-srf06-cc26xx.a(broadcast-annou)
 .text.broadcast_announcement_init
                0x0000000000009258       0x38 contiki-srf06-cc26xx.a(broadcast-annou)
                0x0000000000009258                broadcast_announcement_init
 .text.sent_by_abc
                0x0000000000009290        0xc contiki-srf06-cc26xx.a(broadcast.o)
 .text.recv_from_abc
                0x000000000000929c       0x24 contiki-srf06-cc26xx.a(broadcast.o)
 .text.broadcast_open
                0x00000000000092c0       0x28 contiki-srf06-cc26xx.a(broadcast.o)
                0x00000000000092c0                broadcast_open
 .text.broadcast_close
                0x00000000000092e8        0x4 contiki-srf06-cc26xx.a(broadcast.o)
                0x00000000000092e8                broadcast_close
 .text.broadcast_send
                0x00000000000092ec       0x1c contiki-srf06-cc26xx.a(broadcast.o)
                0x00000000000092ec                broadcast_send
 .text.chameleon_init
                0x0000000000009308        0x4 contiki-srf06-cc26xx.a(chameleon.o)
                0x0000000000009308                chameleon_init
 .text.chameleon_parse
                0x000000000000930c       0x20 contiki-srf06-cc26xx.a(chameleon.o)
                0x000000000000930c                chameleon_parse
 .text.chameleon_create
                0x000000000000932c       0x24 contiki-srf06-cc26xx.a(chameleon.o)
                0x000000000000932c                chameleon_create
 .text.chameleon_hdrsize
                0x0000000000009350       0x10 contiki-srf06-cc26xx.a(chameleon.o)
                0x0000000000009350                chameleon_hdrsize
 .text.channel_init
                0x0000000000009360        0xc contiki-srf06-cc26xx.a(channel.o)
                0x0000000000009360                channel_init
 .text.channel_open
                0x000000000000936c       0x14 contiki-srf06-cc26xx.a(channel.o)
                0x000000000000936c                channel_open
 .text.channel_close
                0x0000000000009380       0x10 contiki-srf06-cc26xx.a(channel.o)
                0x0000000000009380                channel_close
 .text.channel_lookup
                0x0000000000009390       0x30 contiki-srf06-cc26xx.a(channel.o)
                0x0000000000009390                channel_lookup
 .text.channel_set_attributes
                0x00000000000093c0       0x18 contiki-srf06-cc26xx.a(channel.o)
                0x00000000000093c0                channel_set_attributes
 .text.NOROM_AONBatMonTemperatureGetDegC
                0x00000000000093d8       0x38 contiki-srf06-cc26xx.a(aon_batmon.o)
                0x00000000000093d8                NOROM_AONBatMonTemperatureGetDegC
 .text.parse    0x0000000000009410       0xa4 contiki-srf06-cc26xx.a(framer-802154.o)
 .text.create_frame.isra.0
                0x00000000000094b4      0x14c contiki-srf06-cc26xx.a(framer-802154.o)
 .text.create   0x0000000000009600        0x8 contiki-srf06-cc26xx.a(framer-802154.o)
 .text.hdr_length
                0x0000000000009608        0x8 contiki-srf06-cc26xx.a(framer-802154.o)
 .text.mac_call_sent_callback
                0x0000000000009610       0x10 contiki-srf06-cc26xx.a(mac.o)
                0x0000000000009610                mac_call_sent_callback
 .text.mac_sequence_is_duplicate
                0x0000000000009620       0x54 contiki-srf06-cc26xx.a(mac-sequence.o)
                0x0000000000009620                mac_sequence_is_duplicate
 .text.mac_sequence_register_seqno
                0x0000000000009674       0x74 contiki-srf06-cc26xx.a(mac-sequence.o)
                0x0000000000009674                mac_sequence_register_seqno
 .text.header_size
                0x00000000000096e8       0x1c contiki-srf06-cc26xx.a(chameleon-bitop)
 .text.get_bits
                0x0000000000009704       0xc0 contiki-srf06-cc26xx.a(chameleon-bitop)
                0x0000000000009704                get_bits
 .text.unpack_header
                0x00000000000097c4       0xbc contiki-srf06-cc26xx.a(chameleon-bitop)
 .text.set_bits
                0x0000000000009880       0xd4 contiki-srf06-cc26xx.a(chameleon-bitop)
                0x0000000000009880                set_bits
 .text.pack_header
                0x0000000000009954       0xb0 contiki-srf06-cc26xx.a(chameleon-bitop)
 .text.frame802154_get_pan_id
                0x0000000000009a04        0xc contiki-srf06-cc26xx.a(frame802154.o)
                0x0000000000009a04                frame802154_get_pan_id
 .text.frame802154_has_panid
                0x0000000000009a10       0xac contiki-srf06-cc26xx.a(frame802154.o)
                0x0000000000009a10                frame802154_has_panid
 .text.field_len
                0x0000000000009abc       0x9c contiki-srf06-cc26xx.a(frame802154.o)
 .text.frame802154_is_broadcast_addr
                0x0000000000009b58       0x24 contiki-srf06-cc26xx.a(frame802154.o)
                0x0000000000009b58                frame802154_is_broadcast_addr
 .text.frame802154_hdrlen
                0x0000000000009b7c       0x34 contiki-srf06-cc26xx.a(frame802154.o)
                0x0000000000009b7c                frame802154_hdrlen
 .text.frame802154_create_fcf
                0x0000000000009bb0       0x64 contiki-srf06-cc26xx.a(frame802154.o)
                0x0000000000009bb0                frame802154_create_fcf
 .text.frame802154_create
                0x0000000000009c14       0xc8 contiki-srf06-cc26xx.a(frame802154.o)
                0x0000000000009c14                frame802154_create
 .text.frame802154_parse_fcf
                0x0000000000009cdc       0x50 contiki-srf06-cc26xx.a(frame802154.o)
                0x0000000000009cdc                frame802154_parse_fcf
 .text.frame802154_parse
                0x0000000000009d2c      0x14c contiki-srf06-cc26xx.a(frame802154.o)
                0x0000000000009d2c                frame802154_parse
 .text.exp2     0x0000000000009e78       0x10 /usr/lib/gcc/arm-none-eabi/4.8.2/../../../arm-none-eabi/lib/armv7-m/libm.a(lib_a-w_exp2.o)
                0x0000000000009e78                exp2
 .text.pow      0x0000000000009e88      0x32c /usr/lib/gcc/arm-none-eabi/4.8.2/../../../arm-none-eabi/lib/armv7-m/libm.a(lib_a-w_pow.o)
                0x0000000000009e88                pow
 .text.__ieee754_sqrt
                0x000000000000a1b4      0x180 /usr/lib/gcc/arm-none-eabi/4.8.2/../../../arm-none-eabi/lib/armv7-m/libm.a(lib_a-e_sqrt.o)
                0x000000000000a1b4                __ieee754_sqrt
 .text.fabs     0x000000000000a334        0x8 /usr/lib/gcc/arm-none-eabi/4.8.2/../../../arm-none-eabi/lib/armv7-m/libm.a(lib_a-s_fabs.o)
                0x000000000000a334                fabs
 .text.finite   0x000000000000a33c        0xc /usr/lib/gcc/arm-none-eabi/4.8.2/../../../arm-none-eabi/lib/armv7-m/libm.a(lib_a-s_finite.o)
                0x000000000000a33c                finite
 .text.__fpclassifyd
                0x000000000000a348       0x50 /usr/lib/gcc/arm-none-eabi/4.8.2/../../../arm-none-eabi/lib/armv7-m/libm.a(lib_a-s_fpclassify.o)
                0x000000000000a348                __fpclassifyd
 .text.matherr  0x000000000000a398        0x4 /usr/lib/gcc/arm-none-eabi/4.8.2/../../../arm-none-eabi/lib/armv7-m/libm.a(lib_a-s_matherr.o)
                0x000000000000a398                matherr
 .text.nan      0x000000000000a39c        0xc /usr/lib/gcc/arm-none-eabi/4.8.2/../../../arm-none-eabi/lib/armv7-m/libm.a(lib_a-s_nan.o)
                0x000000000000a39c                nan
 .text.rint     0x000000000000a3a8      0x120 /usr/lib/gcc/arm-none-eabi/4.8.2/../../../arm-none-eabi/lib/armv7-m/libm.a(lib_a-s_rint.o)
                0x000000000000a3a8                rint
 .text.copysign
                0x000000000000a4c8       0x14 /usr/lib/gcc/arm-none-eabi/4.8.2/../../../arm-none-eabi/lib/armv7-m/libm.a(lib_a-s_copysign.o)
                0x000000000000a4c8                copysign
 .text          0x000000000000a4dc      0x370 /usr/lib/gcc/arm-none-eabi/4.8.2/armv7-m/libgcc.a(_arm_addsubdf3.o)
                0x000000000000a4dc                __aeabi_drsub
                0x000000000000a4e4                __aeabi_dsub
                0x000000000000a4e4                __subdf3
                0x000000000000a4e8                __adddf3
                0x000000000000a4e8                __aeabi_dadd
                0x000000000000a760                __aeabi_ui2d
                0x000000000000a760                __floatunsidf
                0x000000000000a780                __floatsidf
                0x000000000000a780                __aeabi_i2d
                0x000000000000a7a4                __extendsfdf2
                0x000000000000a7a4                __aeabi_f2d
                0x000000000000a7e0                __aeabi_ul2d
                0x000000000000a7e0                __floatundidf
                0x000000000000a7f0                __floatdidf
                0x000000000000a7f0                __aeabi_l2d
 .text          0x000000000000a84c      0x424 /usr/lib/gcc/arm-none-eabi/4.8.2/armv7-m/libgcc.a(_arm_muldivdf3.o)
                0x000000000000a84c                __aeabi_dmul
                0x000000000000a84c                __muldf3
                0x000000000000aaa0                __aeabi_ddiv
                0x000000000000aaa0                __divdf3
 .text          0x000000000000ac70      0x110 /usr/lib/gcc/arm-none-eabi/4.8.2/armv7-m/libgcc.a(_arm_cmpdf2.o)
                0x000000000000ac70                __gtdf2
                0x000000000000ac70                __gedf2
                0x000000000000ac78                __ltdf2
                0x000000000000ac78                __ledf2
                0x000000000000ac80                __cmpdf2
                0x000000000000ac80                __eqdf2
                0x000000000000ac80                __nedf2
                0x000000000000acfc                __aeabi_cdrcmple
                0x000000000000ad0c                __aeabi_cdcmple
                0x000000000000ad0c                __aeabi_cdcmpeq
                0x000000000000ad1c                __aeabi_dcmpeq
                0x000000000000ad30                __aeabi_dcmplt
                0x000000000000ad44                __aeabi_dcmple
                0x000000000000ad58                __aeabi_dcmpge
                0x000000000000ad6c                __aeabi_dcmpgt
 .text          0x000000000000ad80       0xa0 /usr/lib/gcc/arm-none-eabi/4.8.2/armv7-m/libgcc.a(_arm_truncdfsf2.o)
                0x000000000000ad80                __aeabi_d2f
                0x000000000000ad80                __truncdfsf2
 .text          0x000000000000ae20      0x21c /usr/lib/gcc/arm-none-eabi/4.8.2/armv7-m/libgcc.a(_arm_addsubsf3.o)
                0x000000000000ae20                __aeabi_frsub
                0x000000000000ae28                __subsf3
                0x000000000000ae28                __aeabi_fsub
                0x000000000000ae2c                __aeabi_fadd
                0x000000000000ae2c                __addsf3
                0x000000000000af8c                __aeabi_ui2f
                0x000000000000af8c                __floatunsisf
                0x000000000000af94                __aeabi_i2f
                0x000000000000af94                __floatsisf
                0x000000000000afb0                __floatundisf
                0x000000000000afb0                __aeabi_ul2f
                0x000000000000afc0                __floatdisf
                0x000000000000afc0                __aeabi_l2f
 .text          0x000000000000b03c      0x2a0 /usr/lib/gcc/arm-none-eabi/4.8.2/armv7-m/libgcc.a(_arm_muldivsf3.o)
                0x000000000000b03c                __mulsf3
                0x000000000000b03c                __aeabi_fmul
                0x000000000000b1a4                __divsf3
                0x000000000000b1a4                __aeabi_fdiv
 .text          0x000000000000b2dc       0x4c /usr/lib/gcc/arm-none-eabi/4.8.2/armv7-m/libgcc.a(_arm_fixsfsi.o)
                0x000000000000b2dc                __fixsfsi
                0x000000000000b2dc                __aeabi_f2iz
 .text          0x000000000000b328       0x2c /usr/lib/gcc/arm-none-eabi/4.8.2/armv7-m/libgcc.a(_aeabi_uldivmod.o)
                0x000000000000b328                __aeabi_uldivmod
 .text          0x000000000000b354       0x60 /usr/lib/gcc/arm-none-eabi/4.8.2/armv7-m/libgcc.a(bpabi.o)
                0x000000000000b354                __gnu_ldivmod_helper
                0x000000000000b384                __gnu_uldivmod_helper
 .text          0x000000000000b3b4        0x4 /usr/lib/gcc/arm-none-eabi/4.8.2/armv7-m/libgcc.a(_dvmd_tls.o)
                0x000000000000b3b4                __aeabi_ldiv0
                0x000000000000b3b4                __aeabi_idiv0
 .text          0x000000000000b3b8      0x2bc /usr/lib/gcc/arm-none-eabi/4.8.2/armv7-m/libgcc.a(_divdi3.o)
                0x000000000000b3b8                __divdi3
 .text          0x000000000000b674      0x284 /usr/lib/gcc/arm-none-eabi/4.8.2/armv7-m/libgcc.a(_udivdi3.o)
                0x000000000000b674                __udivdi3
 .text.__errno  0x000000000000b8f8        0xc /usr/lib/gcc/arm-none-eabi/4.8.2/../../../arm-none-eabi/lib/armv7-m/libc.a(lib_a-errno.o)
                0x000000000000b8f8                __errno
 .text.memcmp   0x000000000000b904       0x68 /usr/lib/gcc/arm-none-eabi/4.8.2/../../../arm-none-eabi/lib/armv7-m/libc.a(lib_a-memcmp.o)
                0x000000000000b904                memcmp
 .text          0x000000000000b96c       0xec /usr/lib/gcc/arm-none-eabi/4.8.2/../../../arm-none-eabi/lib/armv7-m/libc.a(lib_a-memcpy.o)
                0x000000000000b96c                memcpy
 .text.memset   0x000000000000ba58       0x94 /usr/lib/gcc/arm-none-eabi/4.8.2/../../../arm-none-eabi/lib/armv7-m/libc.a(lib_a-memset.o)
                0x000000000000ba58                memset
 .text.strlen   0x000000000000baec       0x60 /usr/lib/gcc/arm-none-eabi/4.8.2/../../../arm-none-eabi/lib/armv7-m/libc.a(lib_a-strlen.o)
                0x000000000000baec                strlen
 *(SORT(.rodata*))
 *fill*         0x000000000000bb4c        0x4 00000000
 .rodata.dp_h   0x000000000000bb50       0x10 /usr/lib/gcc/arm-none-eabi/4.8.2/../../../arm-none-eabi/lib/armv7-m/libm.a(lib_a-e_pow.o)
 .rodata.dp_l   0x000000000000bb60       0x10 /usr/lib/gcc/arm-none-eabi/4.8.2/../../../arm-none-eabi/lib/armv7-m/libm.a(lib_a-e_pow.o)
 .rodata.bp     0x000000000000bb70       0x10 /usr/lib/gcc/arm-none-eabi/4.8.2/../../../arm-none-eabi/lib/armv7-m/libm.a(lib_a-e_pow.o)
 .rodata.TWO52  0x000000000000bb80       0x10 /usr/lib/gcc/arm-none-eabi/4.8.2/../../../arm-none-eabi/lib/armv7-m/libm.a(lib_a-s_rint.o)
 .rodata.autostart_processes
                0x000000000000bb90        0x8 example-runicast.co
                0x000000000000bb90                autostart_processes
 .rodata.str1.4
                0x000000000000bb98      0x1c6 example-runicast.co
                                        0x1c8 (size before relaxing)
 *fill*         0x000000000000bd5e        0x2 00000000
 .rodata.runicast_callbacks
                0x000000000000bd60        0xc example-runicast.co
 .rodata.str1.4
                0x000000000000bd6c       0xee contiki-srf06-cc26xx.a(contiki-main.o)
                                         0xf0 (size before relaxing)
 *fill*         0x000000000000be5a        0x2 00000000
 .rodata.str1.4
                0x000000000000be5c        0x8 contiki-srf06-cc26xx.a(sensors.o)
 .rodata.str1.4
                0x000000000000be64        0x7 contiki-srf06-cc26xx.a(bmp-280-sensor.)
                                          0x8 (size before relaxing)
 *fill*         0x000000000000be6b        0x1 00000000
 .rodata.bmp_280_sensor
                0x000000000000be6c       0x10 contiki-srf06-cc26xx.a(bmp-280-sensor.)
                0x000000000000be6c                bmp_280_sensor
 .rodata.tmp_007_sensor
                0x000000000000be7c       0x10 contiki-srf06-cc26xx.a(tmp-007-sensor.)
                0x000000000000be7c                tmp_007_sensor
 .rodata.str1.4
                0x000000000000be8c        0x7 contiki-srf06-cc26xx.a(tmp-007-sensor.)
                                          0x8 (size before relaxing)
 *fill*         0x000000000000be93        0x1 00000000
 .rodata.str1.4
                0x000000000000be94        0x8 contiki-srf06-cc26xx.a(opt-3001-sensor)
 .rodata.opt_3001_sensor
                0x000000000000be9c       0x10 contiki-srf06-cc26xx.a(opt-3001-sensor)
                0x000000000000be9c                opt_3001_sensor
 .rodata.hdc_1000_sensor
                0x000000000000beac       0x10 contiki-srf06-cc26xx.a(hdc-1000-sensor)
                0x000000000000beac                hdc_1000_sensor
 .rodata.str1.4
                0x000000000000bebc        0x8 contiki-srf06-cc26xx.a(hdc-1000-sensor)
 .rodata.mpu_9250_sensor
                0x000000000000bec4       0x10 contiki-srf06-cc26xx.a(mpu-9250-sensor)
                0x000000000000bec4                mpu_9250_sensor
 .rodata.str1.4
                0x000000000000bed4        0x8 contiki-srf06-cc26xx.a(mpu-9250-sensor)
 .rodata.str1.4
                0x000000000000bedc        0x7 contiki-srf06-cc26xx.a(button-sensor.o)
                                          0x8 (size before relaxing)
 *fill*         0x000000000000bee3        0x1 00000000
 .rodata.button_left_sensor
                0x000000000000bee4       0x10 contiki-srf06-cc26xx.a(button-sensor.o)
                0x000000000000bee4                button_left_sensor
 .rodata.button_right_sensor
                0x000000000000bef4       0x10 contiki-srf06-cc26xx.a(button-sensor.o)
                0x000000000000bef4                button_right_sensor
 .rodata.str1.4
                0x000000000000bf04        0x5 contiki-srf06-cc26xx.a(reed-relay.o)
                                          0x8 (size before relaxing)
 *fill*         0x000000000000bf09        0x3 00000000
 .rodata.reed_relay_sensor
                0x000000000000bf0c       0x10 contiki-srf06-cc26xx.a(reed-relay.o)
                0x000000000000bf0c                reed_relay_sensor
 .rodata        0x000000000000bf1c        0x4 contiki-srf06-cc26xx.a(ext-flash.o)
 .rodata.output_power
                0x000000000000bf20       0x68 contiki-srf06-cc26xx.a(ieee-mode.o)
 .rodata.mode_ieee
                0x000000000000bf88        0x8 contiki-srf06-cc26xx.a(ieee-mode.o)
 .rodata.ieee_mode_driver
                0x000000000000bf90       0x38 contiki-srf06-cc26xx.a(ieee-mode.o)
                0x000000000000bf90                ieee_mode_driver
 .rodata.str1.4
                0x000000000000bfc8       0x1b contiki-srf06-cc26xx.a(soc-trng.o)
                                         0x1c (size before relaxing)
 *fill*         0x000000000000bfe3        0x1 00000000
 .rodata.buffer.4002
                0x000000000000bfe4       0x10 contiki-srf06-cc26xx.a(strformat.o)
 .rodata.buffer.4011
                0x000000000000bff4       0x10 contiki-srf06-cc26xx.a(strformat.o)
 .rodata.str1.4
                0x000000000000c004       0x46 contiki-srf06-cc26xx.a(strformat.o)
                                         0x48 (size before relaxing)
 *fill*         0x000000000000c04a        0x2 00000000
 .rodata.str1.4
                0x000000000000c04c        0xf contiki-srf06-cc26xx.a(ctimer.o)
                                         0x10 (size before relaxing)
 *fill*         0x000000000000c05b        0x1 00000000
 .rodata.str1.4
                0x000000000000c05c        0xc contiki-srf06-cc26xx.a(etimer.o)
 .rodata.str1.4
                0x000000000000c068        0xe contiki-srf06-cc26xx.a(serial-line.o)
                                         0x10 (size before relaxing)
 *fill*         0x000000000000c076        0x2 00000000
 .rodata.str1.4
                0x000000000000c078        0x5 contiki-srf06-cc26xx.a(rime.o)
                                          0x8 (size before relaxing)
 *fill*         0x000000000000c07d        0x3 00000000
 .rodata.rime_driver
                0x000000000000c080        0xc contiki-srf06-cc26xx.a(rime.o)
                0x000000000000c080                rime_driver
 .rodata.attributes
                0x000000000000c08c        0xc contiki-srf06-cc26xx.a(runicast.o)
 .rodata.runicast
                0x000000000000c098        0x8 contiki-srf06-cc26xx.a(runicast.o)
 .rodata.stunicast
                0x000000000000c0a0        0x8 contiki-srf06-cc26xx.a(stunicast.o)
 .rodata.uc     0x000000000000c0a8        0x8 contiki-srf06-cc26xx.a(unicast.o)
 .rodata.attributes
                0x000000000000c0b0        0x8 contiki-srf06-cc26xx.a(unicast.o)
 .rodata.linkaddr_null
                0x000000000000c0b8        0x4 contiki-srf06-cc26xx.a(linkaddr.o)
                0x000000000000c0b8                linkaddr_null
 .rodata.nullmac_driver
                0x000000000000c0bc       0x1c contiki-srf06-cc26xx.a(nullmac.o)
                0x000000000000c0bc                nullmac_driver
 .rodata.str1.4
                0x000000000000c0d8        0x8 contiki-srf06-cc26xx.a(nullmac.o)
 .rodata.str1.4
                0x000000000000c0e0        0xb contiki-srf06-cc26xx.a(contikimac.o)
                                          0xc (size before relaxing)
 *fill*         0x000000000000c0eb        0x1 00000000
 .rodata.contikimac_driver
                0x000000000000c0ec       0x20 contiki-srf06-cc26xx.a(contikimac.o)
                0x000000000000c0ec                contikimac_driver
 .rodata.str1.4
                0x000000000000c10c        0x8 contiki-srf06-cc26xx.a(nullsec.o)
 .rodata.nullsec_driver
                0x000000000000c114       0x10 contiki-srf06-cc26xx.a(nullsec.o)
                0x000000000000c114                nullsec_driver
 .rodata.str1.4
                0x000000000000c124       0x46 contiki-srf06-cc26xx.a(rf-core.o)
                                         0x48 (size before relaxing)
 *fill*         0x000000000000c16a        0x2 00000000
 .rodata.attributes
                0x000000000000c16c        0x4 contiki-srf06-cc26xx.a(abc.o)
 .rodata.broadcast_callbacks
                0x000000000000c170        0x8 contiki-srf06-cc26xx.a(broadcast-annou)
 .rodata.attributes
                0x000000000000c178        0x4 contiki-srf06-cc26xx.a(broadcast.o)
 .rodata.broadcast
                0x000000000000c17c        0x8 contiki-srf06-cc26xx.a(broadcast.o)
 .rodata.framer_802154
                0x000000000000c184        0xc contiki-srf06-cc26xx.a(framer-802154.o)
                0x000000000000c184                framer_802154
 .rodata.chameleon_bitopt
                0x000000000000c190        0xc contiki-srf06-cc26xx.a(chameleon-bitop)
                0x000000000000c190                chameleon_bitopt
 .rodata.bitmask
                0x000000000000c19c        0xc contiki-srf06-cc26xx.a(chameleon-bitop)
 .rodata.str1.4
                0x000000000000c1a8        0x4 /usr/lib/gcc/arm-none-eabi/4.8.2/../../../arm-none-eabi/lib/armv7-m/libm.a(lib_a-w_pow.o)
 .rodata.str1.4
                0x0000000000000000        0x4 /usr/lib/gcc/arm-none-eabi/4.8.2/../../../arm-none-eabi/lib/armv7-m/libm.a(lib_a-e_pow.o)
 .rodata.str1.4
                0x000000000000c1ac        0x4 /usr/lib/gcc/arm-none-eabi/4.8.2/../../../arm-none-eabi/lib/armv7-m/libc.a(lib_a-impure.o)
                0x000000000000c1b0                _etext = .

.glue_7         0x000000000000c1b0        0x0
 .glue_7        0x0000000000000000        0x0 linker stubs

.glue_7t        0x000000000000c1b0        0x0
 .glue_7t       0x0000000000000000        0x0 linker stubs

.vfp11_veneer   0x000000000000c1b0        0x0
 .vfp11_veneer  0x0000000000000000        0x0 linker stubs

.v4_bx          0x000000000000c1b0        0x0
 .v4_bx         0x0000000000000000        0x0 linker stubs

.iplt           0x000000000000c1b0        0x0
 .iplt          0x0000000000000000        0x0 obj_srf06-cc26xx/startup_gcc.o

.data           0x0000000020000000      0x585 load address 0x000000000000c1b0
                0x0000000020000000                _data = .
 *(SORT(vtable))
 *(SORT(.data*))
 .data.impure_data
                0x0000000020000000      0x428 /usr/lib/gcc/arm-none-eabi/4.8.2/../../../arm-none-eabi/lib/armv7-m/libc.a(lib_a-impure.o)
 .data.history_mem
                0x0000000020000428        0xc example-runicast.co
 .data.test_runicast_process
                0x0000000020000434       0x10 example-runicast.co
                0x0000000020000434                test_runicast_process
 .data.sensors_process
                0x0000000020000444       0x10 contiki-srf06-cc26xx.a(sensors.o)
                0x0000000020000444                sensors_process
 .data.sensors  0x0000000020000454       0x24 contiki-srf06-cc26xx.a(sensortag-senso)
                0x0000000020000454                sensors
 .data.sensortag_module
                0x0000000020000478       0x14 contiki-srf06-cc26xx.a(board.o)
 .data.uart_module
                0x000000002000048c       0x14 contiki-srf06-cc26xx.a(cc26xx-uart.o)
 .data.cc26xx_rf_lpm_module
                0x00000000200004a0       0x14 contiki-srf06-cc26xx.a(ieee-mode.o)
 .data.ieee_overrides
                0x00000000200004b4       0x2c contiki-srf06-cc26xx.a(ieee-mode.o)
 .data.tx_power_current
                0x00000000200004e0        0x4 contiki-srf06-cc26xx.a(ieee-mode.o)
                0x00000000200004e0                tx_power_current
 .data.rng_module
                0x00000000200004e4       0x14 contiki-srf06-cc26xx.a(soc-trng.o)
 .data.soc_trng_process
                0x00000000200004f8       0x10 contiki-srf06-cc26xx.a(soc-trng.o)
                0x00000000200004f8                soc_trng_process
 .data.ctxt     0x0000000020000508        0x8 contiki-srf06-cc26xx.a(dbg-printf.o)
 .data.ctimer_process
                0x0000000020000510       0x10 contiki-srf06-cc26xx.a(ctimer.o)
                0x0000000020000510                ctimer_process
 .data.etimer_process
                0x0000000020000520       0x10 contiki-srf06-cc26xx.a(etimer.o)
                0x0000000020000520                etimer_process
 .data.serial_line_process
                0x0000000020000530       0x10 contiki-srf06-cc26xx.a(serial-line.o)
                0x0000000020000530                serial_line_process
 .data.bufmem   0x0000000020000540        0xc contiki-srf06-cc26xx.a(queuebuf.o)
 .data.buframmem
                0x000000002000054c        0xc contiki-srf06-cc26xx.a(queuebuf.o)
 .data.buzzer_module
                0x0000000020000558       0x14 contiki-srf06-cc26xx.a(buzzer.o)
 .data.rf_core_process
                0x000000002000056c       0x10 contiki-srf06-cc26xx.a(rf-core.o)
                0x000000002000056c                rf_core_process
 .data._impure_ptr
                0x000000002000057c        0x4 /usr/lib/gcc/arm-none-eabi/4.8.2/../../../arm-none-eabi/lib/armv7-m/libc.a(lib_a-impure.o)
                0x000000002000057c                _impure_ptr
 .data.mac_pan_id
                0x0000000020000580        0x2 contiki-srf06-cc26xx.a(frame802154.o)
 .data.interface
                0x0000000020000582        0x1 contiki-srf06-cc26xx.a(board-i2c.o)
 .data.rng_ready_event
                0x0000000020000583        0x1 contiki-srf06-cc26xx.a(soc-trng.o)
 .data.__fdlib_version
                0x0000000020000584        0x1 /usr/lib/gcc/arm-none-eabi/4.8.2/../../../arm-none-eabi/lib/armv7-m/libm.a(lib_a-s_lib_ver.o)
                0x0000000020000584                __fdlib_version
                0x0000000020000585                _edata = .

.igot.plt       0x0000000020000588        0x0 load address 0x000000000000c735
 .igot.plt      0x0000000000000000        0x0 obj_srf06-cc26xx/startup_gcc.o

.ARM.exidx      0x000000000000c738        0x8
 *(SORT(.ARM.exidx*))
 .ARM.exidx     0x000000000000c738        0x8 /usr/lib/gcc/arm-none-eabi/4.8.2/armv7-m/libgcc.a(_divdi3.o)
 .ARM.exidx     0x000000000000c740        0x0 /usr/lib/gcc/arm-none-eabi/4.8.2/armv7-m/libgcc.a(_udivdi3.o)
                                          0x8 (size before relaxing)

.bss            0x0000000020000588     0x129e
                0x0000000020000588                _bss = .
 *(SORT(.bss*))
 .bss.count     0x0000000020000588        0x8 contiki-srf06-cc26xx.a(clock.o)
 .bss.last_rat_timestamp64
                0x0000000020000590        0x8 contiki-srf06-cc26xx.a(ieee-mode.o)
 .bss.rands_cache
                0x0000000020000598       0x20 contiki-srf06-cc26xx.a(soc-trng.o)
 .bss.data_next
                0x00000000200005b8        0x4 example-runicast.co
 .bss.buff.7029
                0x00000000200005bc       0x64 example-runicast.co
 .bss.runicast  0x0000000020000620       0x50 example-runicast.co
 .bss.history_mem_memb_count
                0x0000000020000670       0x14 example-runicast.co
 .bss.history_mem_memb_mem
                0x0000000020000684       0xa0 example-runicast.co
 .bss.history_table_list
                0x0000000020000724        0x4 example-runicast.co
 .bss.input_data_buf
                0x0000000020000728        0x4 example-runicast.co
 .bss.et.7026   0x000000002000072c       0x10 example-runicast.co
 .bss.i.4754    0x000000002000073c        0x4 contiki-srf06-cc26xx.a(sensors.o)
 .bss.events.4755
                0x0000000020000740        0x4 contiki-srf06-cc26xx.a(sensors.o)
 .bss.inited    0x0000000020000744        0x4 contiki-srf06-cc26xx.a(leds-arch.o)
 .bss.sensor_value
                0x0000000020000748        0x8 contiki-srf06-cc26xx.a(bmp-280-sensor.)
 .bss.calibration_data
                0x0000000020000750       0x1c contiki-srf06-cc26xx.a(bmp-280-sensor.)
 .bss.startup_timer
                0x000000002000076c       0x20 contiki-srf06-cc26xx.a(bmp-280-sensor.)
 .bss.enabled   0x000000002000078c        0x4 contiki-srf06-cc26xx.a(bmp-280-sensor.)
 .bss.obj_temp_latched
                0x0000000020000790        0x4 contiki-srf06-cc26xx.a(tmp-007-sensor.)
 .bss.startup_timer
                0x0000000020000794       0x20 contiki-srf06-cc26xx.a(tmp-007-sensor.)
 .bss.enabled   0x00000000200007b4        0x4 contiki-srf06-cc26xx.a(tmp-007-sensor.)
 .bss.buf       0x00000000200007b8        0x4 contiki-srf06-cc26xx.a(tmp-007-sensor.)
 .bss.amb_temp_latched
                0x00000000200007bc        0x4 contiki-srf06-cc26xx.a(tmp-007-sensor.)
 .bss.startup_timer
                0x00000000200007c0       0x20 contiki-srf06-cc26xx.a(opt-3001-sensor)
 .bss.state     0x00000000200007e0        0x4 contiki-srf06-cc26xx.a(opt-3001-sensor)
 .bss.startup_timer
                0x00000000200007e4       0x20 contiki-srf06-cc26xx.a(hdc-1000-sensor)
 .bss.enabled   0x0000000020000804        0x4 contiki-srf06-cc26xx.a(hdc-1000-sensor)
 .bss.data      0x0000000020000808        0x4 contiki-srf06-cc26xx.a(hdc-1000-sensor)
 .bss.sensor_value
                0x000000002000080c        0x8 contiki-srf06-cc26xx.a(mpu-9250-sensor)
 .bss.startup_timer
                0x0000000020000814       0x20 contiki-srf06-cc26xx.a(mpu-9250-sensor)
 .bss.state     0x0000000020000834        0x4 contiki-srf06-cc26xx.a(mpu-9250-sensor)
 .bss.elements  0x0000000020000838        0x4 contiki-srf06-cc26xx.a(mpu-9250-sensor)
 .bss.left_timer
                0x000000002000083c       0x10 contiki-srf06-cc26xx.a(button-sensor.o)
 .bss.debouncetimer
                0x000000002000084c        0x8 contiki-srf06-cc26xx.a(reed-relay.o)
 .bss.last_isr_time
                0x0000000020000854        0x4 contiki-srf06-cc26xx.a(soc-rtc.o)
 .bss.input_handler
                0x0000000020000858        0x4 contiki-srf06-cc26xx.a(cc26xx-uart.o)
 .bss.modules_list_list
                0x000000002000085c        0x4 contiki-srf06-cc26xx.a(lpm.o)
 .bss.handlers  0x0000000020000860       0x80 contiki-srf06-cc26xx.a(gpio-interrupt.)
 .bss.last_value.8664
                0x00000000200008e0        0x4 contiki-srf06-cc26xx.a(ieee-mode.o)
 .bss.rat_overflow_counter
                0x00000000200008e4        0x4 contiki-srf06-cc26xx.a(ieee-mode.o)
 .bss.rx_buf_0  0x00000000200008e8       0x90 contiki-srf06-cc26xx.a(ieee-mode.o)
 .bss.rx_buf_1  0x0000000020000978       0x90 contiki-srf06-cc26xx.a(ieee-mode.o)
 .bss.rx_buf_2  0x0000000020000a08       0x90 contiki-srf06-cc26xx.a(ieee-mode.o)
 .bss.rx_buf_3  0x0000000020000a98       0x90 contiki-srf06-cc26xx.a(ieee-mode.o)
 .bss.last_packet_timestamp
                0x0000000020000b28        0x4 contiki-srf06-cc26xx.a(ieee-mode.o)
 .bss.rx_data_queue
                0x0000000020000b2c        0x8 contiki-srf06-cc26xx.a(ieee-mode.o)
 .bss.rat_overflow_timer
                0x0000000020000b34       0x20 contiki-srf06-cc26xx.a(ieee-mode.o)
 .bss.filter_cmd
                0x0000000020000b54        0x8 contiki-srf06-cc26xx.a(ieee-mode.o)
 .bss.rx_read_entry
                0x0000000020000b5c        0x4 contiki-srf06-cc26xx.a(ieee-mode.o)
 .bss.last_rat_overflow
                0x0000000020000b60        0x4 contiki-srf06-cc26xx.a(ieee-mode.o)
 .bss.cmd_ieee_rx_buf
                0x0000000020000b64       0x80 contiki-srf06-cc26xx.a(ieee-mode.o)
 .bss.rf_stats  0x0000000020000be4       0x10 contiki-srf06-cc26xx.a(ieee-mode.o)
 .bss.tx_buf    0x0000000020000bf4       0xb8 contiki-srf06-cc26xx.a(ieee-mode.o)
 .bss.notify_cb
                0x0000000020000cac        0x4 contiki-srf06-cc26xx.a(soc-trng.o)
 .bss.rands_mask
                0x0000000020000cb0        0x4 contiki-srf06-cc26xx.a(soc-trng.o)
 .bss.ctimer_list_list
                0x0000000020000cb4        0x4 contiki-srf06-cc26xx.a(ctimer.o)
 .bss.timerlist
                0x0000000020000cb8        0x4 contiki-srf06-cc26xx.a(etimer.o)
 .bss.next_expiration
                0x0000000020000cbc        0x4 contiki-srf06-cc26xx.a(etimer.o)
 .bss.process_current
                0x0000000020000cc0        0x4 contiki-srf06-cc26xx.a(process.o)
                0x0000000020000cc0                process_current
 .bss.process_list
                0x0000000020000cc4        0x4 contiki-srf06-cc26xx.a(process.o)
                0x0000000020000cc4                process_list
 .bss.events    0x0000000020000cc8      0x180 contiki-srf06-cc26xx.a(process.o)
 .bss.next_rtimer
                0x0000000020000e48        0x4 contiki-srf06-cc26xx.a(rtimer.o)
 .bss.rxbuf_data
                0x0000000020000e4c       0x80 contiki-srf06-cc26xx.a(serial-line.o)
 .bss.rxbuf     0x0000000020000ecc        0x8 contiki-srf06-cc26xx.a(serial-line.o)
 .bss.buf.4738  0x0000000020000ed4       0x80 contiki-srf06-cc26xx.a(serial-line.o)
 .bss.ptr.4739  0x0000000020000f54        0x4 contiki-srf06-cc26xx.a(serial-line.o)
 .bss.sniffers_list
                0x0000000020000f58        0x4 contiki-srf06-cc26xx.a(rime.o)
 .bss.powerQualGlobals
                0x0000000020000f5c        0x8 contiki-srf06-cc26xx.a(sys_ctrl.o)
 .bss.packetbuf_aligned
                0x0000000020000f64       0x80 contiki-srf06-cc26xx.a(packetbuf.o)
 .bss.buframmem_memb_count
                0x0000000020000fe4        0x8 contiki-srf06-cc26xx.a(queuebuf.o)
 .bss.bufmem_memb_mem
                0x0000000020000fec       0x20 contiki-srf06-cc26xx.a(queuebuf.o)
 .bss.buframmem_memb_mem
                0x000000002000100c      0x5f0 contiki-srf06-cc26xx.a(queuebuf.o)
 .bss.bufmem_memb_count
                0x00000000200015fc        0x8 contiki-srf06-cc26xx.a(queuebuf.o)
 .bss.cycle_start
                0x0000000020001604        0x4 contiki-srf06-cc26xx.a(contikimac.o)
 .bss.we_are_receiving_burst
                0x0000000020001608        0x4 contiki-srf06-cc26xx.a(contikimac.o)
 .bss.rt        0x000000002000160c        0xc contiki-srf06-cc26xx.a(contikimac.o)
 .bss.ct.6954   0x0000000020001618       0x20 contiki-srf06-cc26xx.a(contikimac.o)
 .bss.start.6879
                0x0000000020001638        0x4 contiki-srf06-cc26xx.a(contikimac.o)
 .bss.pt        0x000000002000163c        0x4 contiki-srf06-cc26xx.a(contikimac.o)
 .bss.buffer    0x0000000020001640       0x20 contiki-srf06-cc26xx.a(sensor-common.o)
 .bss.consumers_list_list
                0x0000000020001660        0x4 contiki-srf06-cc26xx.a(aux-ctrl.o)
 .bss.last_radio_op
                0x0000000020001664        0x4 contiki-srf06-cc26xx.a(rf-core.o)
 .bss.primary_mode
                0x0000000020001668        0x4 contiki-srf06-cc26xx.a(rf-core.o)
 .bss.rat_offset
                0x000000002000166c        0x4 contiki-srf06-cc26xx.a(rf-core.o)
                0x000000002000166c                rat_offset
 .bss.announcements_list
                0x0000000020001670        0x4 contiki-srf06-cc26xx.a(announcement.o)
 .bss.observer_callback
                0x0000000020001674        0x4 contiki-srf06-cc26xx.a(announcement.o)
 .bss.c         0x0000000020001678       0x6c contiki-srf06-cc26xx.a(broadcast-annou)
 .bss.channel_list_list
                0x00000000200016e4        0x4 contiki-srf06-cc26xx.a(channel.o)
 .bss.received_seqnos
                0x00000000200016e8       0xc0 contiki-srf06-cc26xx.a(mac-sequence.o)
 .bss.node_id   0x00000000200017a8        0x2 contiki-srf06-cc26xx.a(contiki-main.o)
                0x00000000200017a8                node_id
 .bss.val       0x00000000200017aa        0x2 contiki-srf06-cc26xx.a(tmp-007-sensor.)
 .bss.raw_temp  0x00000000200017ac        0x2 contiki-srf06-cc26xx.a(hdc-1000-sensor)
 .bss.raw_hum   0x00000000200017ae        0x2 contiki-srf06-cc26xx.a(hdc-1000-sensor)
 .bss.buflen    0x00000000200017b0        0x2 contiki-srf06-cc26xx.a(packetbuf.o)
 .bss.bufptr    0x00000000200017b2        0x2 contiki-srf06-cc26xx.a(packetbuf.o)
 .bss.num_sensors
                0x00000000200017b4        0x1 contiki-srf06-cc26xx.a(sensors.o)
 .bss.leds      0x00000000200017b5        0x1 contiki-srf06-cc26xx.a(leds.o)
 .bss.c         0x00000000200017b6        0x1 contiki-srf06-cc26xx.a(leds-arch.o)
 .bss.success   0x00000000200017b7        0x1 contiki-srf06-cc26xx.a(hdc-1000-sensor)
 .bss.interrupt_status
                0x00000000200017b8        0x1 contiki-srf06-cc26xx.a(mpu-9250-sensor)
 .bss.acc_range_reg
                0x00000000200017b9        0x1 contiki-srf06-cc26xx.a(mpu-9250-sensor)
 .bss.mpu_config
                0x00000000200017ba        0x1 contiki-srf06-cc26xx.a(mpu-9250-sensor)
 .bss.acc_range
                0x00000000200017bb        0x1 contiki-srf06-cc26xx.a(mpu-9250-sensor)
 .bss.val       0x00000000200017bc        0x1 contiki-srf06-cc26xx.a(mpu-9250-sensor)
 .bss.slave_addr
                0x00000000200017bd        0x1 contiki-srf06-cc26xx.a(board-i2c.o)
 .bss.poll_mode