Archive member included to satisfy reference by file (symbol)

contiki-srf06-cc26xx.a(contiki-main.o)
                              obj_srf06-cc26xx/startup_gcc.o (main)
contiki-srf06-cc26xx.a(sensors.o)
                              contiki-srf06-cc26xx.a(contiki-main.o) (sensors_process)
contiki-srf06-cc26xx.a(leds.o)
                              contiki-srf06-cc26xx.a(contiki-main.o) (leds_init)
contiki-srf06-cc26xx.a(leds-arch.o)
                              contiki-srf06-cc26xx.a(leds.o) (leds_arch_init)
contiki-srf06-cc26xx.a(sensortag-senso)
                              contiki-srf06-cc26xx.a(sensors.o) (sensors_flags)
contiki-srf06-cc26xx.a(bmp-280-sensor.)
                              contiki-srf06-cc26xx.a(sensortag-senso) (bmp_280_sensor)
contiki-srf06-cc26xx.a(tmp-007-sensor.)
                              contiki-srf06-cc26xx.a(sensortag-senso) (tmp_007_sensor)
contiki-srf06-cc26xx.a(opt-3001-sensor)
                              contiki-srf06-cc26xx.a(sensortag-senso) (opt_3001_sensor)
contiki-srf06-cc26xx.a(hdc-1000-sensor)
                              contiki-srf06-cc26xx.a(sensortag-senso) (hdc_1000_sensor)
contiki-srf06-cc26xx.a(mpu-9250-sensor)
                              contiki-srf06-cc26xx.a(sensortag-senso) (mpu_9250_sensor)
contiki-srf06-cc26xx.a(button-sensor.o)
                              contiki-srf06-cc26xx.a(sensortag-senso) (button_right_sensor)
contiki-srf06-cc26xx.a(reed-relay.o)
                              contiki-srf06-cc26xx.a(sensortag-senso) (reed_relay_sensor)
contiki-srf06-cc26xx.a(ext-flash.o)
                              example-runicast.co (ext_flash_open)
contiki-srf06-cc26xx.a(board.o)
                              contiki-srf06-cc26xx.a(contiki-main.o) (board_init)
contiki-srf06-cc26xx.a(board-spi.o)
                              contiki-srf06-cc26xx.a(ext-flash.o) (board_spi_write)
contiki-srf06-cc26xx.a(board-i2c.o)
                              contiki-srf06-cc26xx.a(board.o) (board_i2c_wakeup)
contiki-srf06-cc26xx.a(clock.o)
                              contiki-srf06-cc26xx.a(contiki-main.o) (clock_init)
contiki-srf06-cc26xx.a(rtimer-arch.o)
                              contiki-srf06-cc26xx.a(mpu-9250-sensor) (rtimer_arch_now)
contiki-srf06-cc26xx.a(soc-rtc.o)
                              contiki-srf06-cc26xx.a(contiki-main.o) (soc_rtc_init)
contiki-srf06-cc26xx.a(contiki-watchdo)
                              contiki-srf06-cc26xx.a(contiki-main.o) (watchdog_init)
contiki-srf06-cc26xx.a(putchar.o)
                              contiki-srf06-cc26xx.a(contiki-main.o) (putchar)
contiki-srf06-cc26xx.a(ieee-addr.o)
                              contiki-srf06-cc26xx.a(contiki-main.o) (ieee_addr_cpy_to)
contiki-srf06-cc26xx.a(cc26xx-uart.o)
                              contiki-srf06-cc26xx.a(contiki-main.o) (cc26xx_uart_init)
contiki-srf06-cc26xx.a(lpm.o)
                              contiki-srf06-cc26xx.a(button-sensor.o) (lpm_shutdown)
contiki-srf06-cc26xx.a(gpio-interrupt.)
                              contiki-srf06-cc26xx.a(button-sensor.o) (gpio_interrupt_register_handler)
contiki-srf06-cc26xx.a(oscillators.o)
                              contiki-srf06-cc26xx.a(contiki-main.o) (oscillators_select_lf_xosc)
contiki-srf06-cc26xx.a(ieee-mode.o)
                              contiki-srf06-cc26xx.a(contiki-main.o) (ieee_mode_driver)
contiki-srf06-cc26xx.a(random.o)
                              contiki-srf06-cc26xx.a(contiki-main.o) (random_init)
contiki-srf06-cc26xx.a(soc-trng.o)
                              contiki-srf06-cc26xx.a(random.o) (soc_trng_rand_synchronous)
contiki-srf06-cc26xx.a(dbg-printf.o)
                              example-runicast.co (printf)
contiki-srf06-cc26xx.a(strformat.o)
                              contiki-srf06-cc26xx.a(dbg-printf.o) (format_str_v)
contiki-srf06-cc26xx.a(autostart.o)
                              contiki-srf06-cc26xx.a(contiki-main.o) (autostart_start)
contiki-srf06-cc26xx.a(energest.o)
                              contiki-srf06-cc26xx.a(contiki-main.o) (energest_init)
contiki-srf06-cc26xx.a(etimer.o)
                              contiki-srf06-cc26xx.a(clock.o) (etimer_request_poll)
contiki-srf06-cc26xx.a(ctimer.o)
                              contiki-srf06-cc26xx.a(contiki-main.o) (ctimer_init)
contiki-srf06-cc26xx.a(process.o)
                              contiki-srf06-cc26xx.a(sensors.o) (process_alloc_event)
contiki-srf06-cc26xx.a(rtimer.o)
                              contiki-srf06-cc26xx.a(contiki-main.o) (rtimer_init)
contiki-srf06-cc26xx.a(timer.o)
                              contiki-srf06-cc26xx.a(button-sensor.o) (timer_set)
contiki-srf06-cc26xx.a(serial-line.o)
                              contiki-srf06-cc26xx.a(contiki-main.o) (serial_line_init)
contiki-srf06-cc26xx.a(list.o)
                              example-runicast.co (list_init)
contiki-srf06-cc26xx.a(memb.o)
                              example-runicast.co (memb_init)
contiki-srf06-cc26xx.a(ringbuf.o)
[...]
Memory Configuration

Name             Origin             Length             Attributes
FLASH            0x0000000000000000 0x000000000001ffa8 xr
FLASH_CCFG       0x000000000001ffa8 0x0000000000000058 xr
SRAM             0x0000000020000000 0x0000000000005000 xrw
GPRAM            0x0000000011000000 0x0000000000002000 xrw
*default*        0x0000000000000000 0xffffffffffffffff

Linker script and memory map

LOAD obj_srf06-cc26xx/fault-handlers.o
LOAD obj_srf06-cc26xx/ccfg.o
LOAD obj_srf06-cc26xx/startup_gcc.o
LOAD example-runicast.co
LOAD contiki-srf06-cc26xx.a
LOAD /usr/lib/gcc/arm-none-eabi/4.9.3/../../../arm-none-eabi/lib/armv7-m/libm.a
START GROUP
LOAD /usr/lib/gcc/arm-none-eabi/4.9.3/armv7-m/libgcc.a
LOAD /usr/lib/gcc/arm-none-eabi/4.9.3/../../../arm-none-eabi/lib/armv7-m/libc.a
END GROUP
                0x0000000020005000                _estack = (ORIGIN (SRAM) + LENGTH (SRAM))
                0x0000000000000000                _Min_Heap_Size = 0x0
                0x0000000000000100                _Min_Stack_Size = 0x100

.text           0x0000000000000000     0xb234
                0x0000000000000000                _text = .
 *(SORT(.vectors))
 .vectors       0x0000000000000000       0xc8 obj_srf06-cc26xx/startup_gcc.o
                0x0000000000000000                g_pfnVectors
 *(SORT(.text*))
 .text.value    0x00000000000000c8       0xb0 contiki-srf06-cc26xx.a(opt-3001-sensor)
 .text.value    0x0000000000000178       0x9c contiki-srf06-cc26xx.a(hdc-1000-sensor)
 *fill*         0x0000000000000214        0x4 00000000
 .text.value    0x0000000000000218      0x1b4 contiki-srf06-cc26xx.a(mpu-9250-sensor)
 *fill*         0x00000000000003cc        0x4 00000000
 .text.__ieee754_pow
                0x00000000000003d0      0xaa0 /usr/lib/gcc/arm-none-eabi/4.9.3/../../../arm-none-eabi/lib/armv7-m/libm.a(lib_a-e_pow.o)
                0x00000000000003d0                __ieee754_pow
 .text.scalbn   0x0000000000000e70       0xf0 /usr/lib/gcc/arm-none-eabi/4.9.3/../../../arm-none-eabi/lib/armv7-m/libm.a(lib_a-s_scalbn.o)
                0x0000000000000e70                scalbn
 .text.FaultISR
                0x0000000000000f60       0x18 obj_srf06-cc26xx/fault-handlers.o
                0x0000000000000f60                FaultISR
 .text.NmiSRHandler
                0x0000000000000f78        0x4 obj_srf06-cc26xx/startup_gcc.o
                0x0000000000000f78                NmiSR
 .text.IntDefaultHandler
                0x0000000000000f7c        0x4 obj_srf06-cc26xx/startup_gcc.o
                0x0000000000000f7c                SSI0IntHandler
                0x0000000000000f7c                SWEvent0IntHandler
                0x0000000000000f7c                uDMAIntHandler
                0x0000000000000f7c                WatchdogIntHandler
                0x0000000000000f7c                RFCHardwareIntHandler
                0x0000000000000f7c                Timer1BIntHandler
                0x0000000000000f7c                I2SIntHandler
                0x0000000000000f7c                Timer2BIntHandler
                0x0000000000000f7c                Timer2AIntHandler
                0x0000000000000f7c                Timer1AIntHandler
                0x0000000000000f7c                AONIntHandler
                0x0000000000000f7c                AUXSWEvent0IntHandler
                0x0000000000000f7c                AUXADCIntHandler
                0x0000000000000f7c                PendSVIntHandler
                0x0000000000000f7c                AUXSWEvent1IntHandler
                0x0000000000000f7c                SVCallIntHandler
                0x0000000000000f7c                MPUFaultIntHandler
                0x0000000000000f7c                SysTickIntHandler
                0x0000000000000f7c                BusFaultIntHandler
                0x0000000000000f7c                AONProgIntHandler
                0x0000000000000f7c                AUXCompAIntHandler
                0x0000000000000f7c                SSI1IntHandler
                0x0000000000000f7c                FlashIntHandler
                0x0000000000000f7c                uDMAErrIntHandler
                0x0000000000000f7c                UsageFaultIntHandler
                0x0000000000000f7c                RFCCmdAckIntHandler
                0x0000000000000f7c                CryptoIntHandler
                0x0000000000000f7c                Timer0AIntHandler
                0x0000000000000f7c                I2CIntHandler
                0x0000000000000f7c                DebugMonIntHandler
                0x0000000000000f7c                Timer0BIntHandler
                0x0000000000000f7c                AUXCombEventIntHandler
                0x0000000000000f7c                Timer3AIntHandler
                0x0000000000000f7c                DynProgIntHandler
                0x0000000000000f7c                Timer3BIntHandler
 .text.ResetISR
                0x0000000000000f80       0x5c obj_srf06-cc26xx/startup_gcc.o
                0x0000000000000f80                ResetISR
 .text.timedout_runicast
                0x0000000000000fdc       0x14 example-runicast.co
 .text.sent_runicast
                0x0000000000000ff0       0x14 example-runicast.co
 .text.process_thread_test_runicast_process
                0x0000000000001004      0x140 example-runicast.co
 .text.recv_runicast
                0x0000000000001144       0x94 example-runicast.co
 .text.fade     0x00000000000011d8       0x64 contiki-srf06-cc26xx.a(contiki-main.o)
 .text.startup.main
                0x000000000000123c      0x22c contiki-srf06-cc26xx.a(contiki-main.o)
                0x000000000000123c                main
 .text.process_thread_sensors_process
                0x0000000000001468       0xf8 contiki-srf06-cc26xx.a(sensors.o)
 .text.sensors_changed
                0x0000000000001560       0x50 contiki-srf06-cc26xx.a(sensors.o)
                0x0000000000001560                sensors_changed
 .text.leds_init
                0x00000000000015b0       0x14 contiki-srf06-cc26xx.a(leds.o)
                0x00000000000015b0                leds_init
 .text.leds_on  0x00000000000015c4       0x14 contiki-srf06-cc26xx.a(leds.o)
                0x00000000000015c4                leds_on
 .text.leds_off
                0x00000000000015d8       0x14 contiki-srf06-cc26xx.a(leds.o)
                0x00000000000015d8                leds_off
 .text.leds_arch_init
                0x00000000000015ec       0x38 contiki-srf06-cc26xx.a(leds-arch.o)
                0x00000000000015ec                leds_arch_init
 .text.leds_arch_set
                0x0000000000001624       0x34 contiki-srf06-cc26xx.a(leds-arch.o)
                0x0000000000001624                leds_arch_set
 .text.status   0x0000000000001658       0x14 contiki-srf06-cc26xx.a(bmp-280-sensor.)
 .text.notify_ready
                0x000000000000166c       0x14 contiki-srf06-cc26xx.a(bmp-280-sensor.)
 .text.enable_sensor
                0x0000000000001680       0x2c contiki-srf06-cc26xx.a(bmp-280-sensor.)
 .text.configure
                0x00000000000016ac       0x94 contiki-srf06-cc26xx.a(bmp-280-sensor.)
 .text.value    0x0000000000001740      0x15c contiki-srf06-cc26xx.a(bmp-280-sensor.)
 .text.status   0x000000000000189c       0x14 contiki-srf06-cc26xx.a(tmp-007-sensor.)
 .text.notify_ready
                0x00000000000018b0       0x14 contiki-srf06-cc26xx.a(tmp-007-sensor.)
 .text.enable_sensor
                0x00000000000018c4       0x2c contiki-srf06-cc26xx.a(tmp-007-sensor.)
 .text.configure
                0x00000000000018f0       0x94 contiki-srf06-cc26xx.a(tmp-007-sensor.)
 .text.value    0x0000000000001984       0xec contiki-srf06-cc26xx.a(tmp-007-sensor.)
 .text.status   0x0000000000001a70        0xc contiki-srf06-cc26xx.a(opt-3001-sensor)
 .text.enable_sensor
                0x0000000000001a7c       0x44 contiki-srf06-cc26xx.a(opt-3001-sensor)
 .text.notify_ready
                0x0000000000001ac0       0x54 contiki-srf06-cc26xx.a(opt-3001-sensor)
 .text.configure
                0x0000000000001b14       0x4c contiki-srf06-cc26xx.a(opt-3001-sensor)
 .text.status   0x0000000000001b60       0x14 contiki-srf06-cc26xx.a(hdc-1000-sensor)
 .text.notify_ready
                0x0000000000001b74       0x60 contiki-srf06-cc26xx.a(hdc-1000-sensor)
 .text.configure
                0x0000000000001bd4       0xb8 contiki-srf06-cc26xx.a(hdc-1000-sensor)
 .text.acc_convert
                0x0000000000001c8c       0x70 contiki-srf06-cc26xx.a(mpu-9250-sensor)
 .text.status   0x0000000000001cfc       0x14 contiki-srf06-cc26xx.a(mpu-9250-sensor)
 .text.notify_ready
                0x0000000000001d10       0x14 contiki-srf06-cc26xx.a(mpu-9250-sensor)
 .text.sensor_sleep
                0x0000000000001d24       0x38 contiki-srf06-cc26xx.a(mpu-9250-sensor)
 .text.configure
                0x0000000000001d5c       0xdc contiki-srf06-cc26xx.a(mpu-9250-sensor)
 .text.int_status
                0x0000000000001e38       0x28 contiki-srf06-cc26xx.a(mpu-9250-sensor)
 .text.initialise
                0x0000000000001e60       0xfc contiki-srf06-cc26xx.a(mpu-9250-sensor)
 .text.status.part.0
                0x0000000000001f5c       0x14 contiki-srf06-cc26xx.a(button-sensor.o)
 .text.value_left
                0x0000000000001f70       0x24 contiki-srf06-cc26xx.a(button-sensor.o)
 .text.value_right
                0x0000000000001f94       0x18 contiki-srf06-cc26xx.a(button-sensor.o)
 .text.status_left
                0x0000000000001fac       0x10 contiki-srf06-cc26xx.a(button-sensor.o)
 .text.status_right
                0x0000000000001fbc       0x10 contiki-srf06-cc26xx.a(button-sensor.o)
 .text.config_buttons
                0x0000000000001fcc       0x84 contiki-srf06-cc26xx.a(button-sensor.o)
 .text.config_left
                0x0000000000002050        0xc contiki-srf06-cc26xx.a(button-sensor.o)
 .text.config_right
                0x000000000000205c        0xc contiki-srf06-cc26xx.a(button-sensor.o)
 .text.button_press_handler
                0x0000000000002068       0x64 contiki-srf06-cc26xx.a(button-sensor.o)
 .text.value    0x00000000000020cc       0x10 contiki-srf06-cc26xx.a(reed-relay.o)
 .text.status   0x00000000000020dc       0x20 contiki-srf06-cc26xx.a(reed-relay.o)
 .text.configure
                0x00000000000020fc       0x6c contiki-srf06-cc26xx.a(reed-relay.o)
 .text.reed_interrupt_handler
                0x0000000000002168       0x28 contiki-srf06-cc26xx.a(reed-relay.o)
 .text.verify_part
                0x0000000000002190       0x7c contiki-srf06-cc26xx.a(ext-flash.o)
 .text.wait_ready
                0x000000000000220c       0x64 contiki-srf06-cc26xx.a(ext-flash.o)
 .text.power_down
                0x0000000000002270       0x50 contiki-srf06-cc26xx.a(ext-flash.o)
 .text.ext_flash_open
                0x00000000000022c0       0x60 contiki-srf06-cc26xx.a(ext-flash.o)
                0x00000000000022c0                ext_flash_open
 .text.ext_flash_read
                0x0000000000002320       0x54 contiki-srf06-cc26xx.a(ext-flash.o)
                0x0000000000002320                ext_flash_read
 .text.ext_flash_init
                0x0000000000002374       0x14 contiki-srf06-cc26xx.a(ext-flash.o)
                0x0000000000002374                ext_flash_init
 .text.power_domains_on
                0x0000000000002388       0x20 contiki-srf06-cc26xx.a(board.o)
 .text.lpm_wakeup_handler
                0x00000000000023a8        0x4 contiki-srf06-cc26xx.a(board.o)
 .text.shutdown_handler
                0x00000000000023ac       0x68 contiki-srf06-cc26xx.a(board.o)
 .text.board_init
                0x0000000000002414      0x118 contiki-srf06-cc26xx.a(board.o)
                0x0000000000002414                board_init
 .text.accessible
                0x000000000000252c       0x24 contiki-srf06-cc26xx.a(board-spi.o)
 .text.board_spi_write
                0x0000000000002550       0x3c contiki-srf06-cc26xx.a(board-spi.o)
                0x0000000000002550                board_spi_write
 .text.board_spi_read
                0x000000000000258c       0x48 contiki-srf06-cc26xx.a(board-spi.o)
                0x000000000000258c                board_spi_read
 .text.board_spi_flush
                0x00000000000025d4       0x24 contiki-srf06-cc26xx.a(board-spi.o)
                0x00000000000025d4                board_spi_flush
 .text.board_spi_open
                0x00000000000025f8       0xc0 contiki-srf06-cc26xx.a(board-spi.o)
                0x00000000000025f8                board_spi_open
 .text.board_spi_close
                0x00000000000026b8       0x70 contiki-srf06-cc26xx.a(board-spi.o)
                0x00000000000026b8                board_spi_close
 .text.i2c_status
                0x0000000000002728       0x34 contiki-srf06-cc26xx.a(board-i2c.o)
 .text.accessible
                0x000000000000275c       0x24 contiki-srf06-cc26xx.a(board-i2c.o)
 .text.board_i2c_wakeup
                0x0000000000002780       0x5c contiki-srf06-cc26xx.a(board-i2c.o)
                0x0000000000002780                board_i2c_wakeup
 .text.board_i2c_shutdown
                0x00000000000027dc       0xa4 contiki-srf06-cc26xx.a(board-i2c.o)
                0x00000000000027dc                board_i2c_shutdown
 .text.board_i2c_write
                0x0000000000002880      0x138 contiki-srf06-cc26xx.a(board-i2c.o)
                0x0000000000002880                board_i2c_write
 .text.board_i2c_write_single
                0x00000000000029b8       0x70 contiki-srf06-cc26xx.a(board-i2c.o)
                0x00000000000029b8                board_i2c_write_single
 .text.board_i2c_read
                0x0000000000002a28      0x118 contiki-srf06-cc26xx.a(board-i2c.o)
                0x0000000000002a28                board_i2c_read
 .text.board_i2c_write_read
                0x0000000000002b40      0x1cc contiki-srf06-cc26xx.a(board-i2c.o)
                0x0000000000002b40                board_i2c_write_read
 .text.board_i2c_select
                0x0000000000002d0c       0xdc contiki-srf06-cc26xx.a(board-i2c.o)
                0x0000000000002d0c                board_i2c_select
 .text.power_domain_on
                0x0000000000002de8       0x20 contiki-srf06-cc26xx.a(clock.o)
 .text.clock_init
                0x0000000000002e08       0x98 contiki-srf06-cc26xx.a(clock.o)
                0x0000000000002e08                clock_init
 .text.clock_time
                0x0000000000002ea0       0x34 contiki-srf06-cc26xx.a(clock.o)
                0x0000000000002ea0                clock_time
 .text.clock_update
                0x0000000000002ed4       0x3c contiki-srf06-cc26xx.a(clock.o)
                0x0000000000002ed4                clock_update
 .text.rtimer_arch_init
                0x0000000000002f10        0x4 contiki-srf06-cc26xx.a(rtimer-arch.o)
                0x0000000000002f10                rtimer_arch_init
 .text.rtimer_arch_schedule
                0x0000000000002f14        0x8 contiki-srf06-cc26xx.a(rtimer-arch.o)
                0x0000000000002f14                rtimer_arch_schedule
 .text.rtimer_arch_now
                0x0000000000002f1c        0x4 contiki-srf06-cc26xx.a(rtimer-arch.o)
                0x0000000000002f1c                rtimer_arch_now
 .text.soc_rtc_init
                0x0000000000002f20       0xa0 contiki-srf06-cc26xx.a(soc-rtc.o)
                0x0000000000002f20                soc_rtc_init
 .text.soc_rtc_schedule_one_shot
                0x0000000000002fc0       0x70 contiki-srf06-cc26xx.a(soc-rtc.o)
                0x0000000000002fc0                soc_rtc_schedule_one_shot
 .text.soc_rtc_last_isr_time
                0x0000000000003030        0xc contiki-srf06-cc26xx.a(soc-rtc.o)
                0x0000000000003030                soc_rtc_last_isr_time
 .text.AONRTCIntHandler
                0x000000000000303c       0x88 contiki-srf06-cc26xx.a(soc-rtc.o)
                0x000000000000303c                AONRTCIntHandler
 .text.lock_config
                0x00000000000030c4       0x18 contiki-srf06-cc26xx.a(contiki-watchdo)
 .text.unlock_config
                0x00000000000030dc       0x2c contiki-srf06-cc26xx.a(contiki-watchdo)
 .text.watchdog_init
                0x0000000000003108       0x1c contiki-srf06-cc26xx.a(contiki-watchdo)
                0x0000000000003108                watchdog_init
 .text.watchdog_start
                0x0000000000003124       0x30 contiki-srf06-cc26xx.a(contiki-watchdo)
                0x0000000000003124                watchdog_start
 .text.watchdog_periodic
                0x0000000000003154       0x1c contiki-srf06-cc26xx.a(contiki-watchdo)
                0x0000000000003154                watchdog_periodic
 .text.putchar  0x0000000000003170       0x10 contiki-srf06-cc26xx.a(putchar.o)
                0x0000000000003170                putchar
 .text.puts     0x0000000000003180       0x30 contiki-srf06-cc26xx.a(putchar.o)
                0x0000000000003180                puts
 .text.dbg_send_bytes
                0x00000000000031b0       0x40 contiki-srf06-cc26xx.a(putchar.o)
                0x00000000000031b0                dbg_send_bytes
 .text.ieee_addr_cpy_to
                0x00000000000031f0       0x40 contiki-srf06-cc26xx.a(ieee-addr.o)
                0x00000000000031f0                ieee_addr_cpy_to
 .text.power_and_clock
                0x0000000000003230       0x40 contiki-srf06-cc26xx.a(cc26xx-uart.o)
 .text.enable   0x0000000000003270       0xf4 contiki-srf06-cc26xx.a(cc26xx-uart.o)
 .text.accessible
                0x0000000000003364       0x24 contiki-srf06-cc26xx.a(cc26xx-uart.o)
 .text.lpm_drop_handler
                0x0000000000003388       0xcc contiki-srf06-cc26xx.a(cc26xx-uart.o)
 .text.cc26xx_uart_init
                0x0000000000003454       0x28 contiki-srf06-cc26xx.a(cc26xx-uart.o)
                0x0000000000003454                cc26xx_uart_init
 .text.cc26xx_uart_write_byte
                0x000000000000347c       0x28 contiki-srf06-cc26xx.a(cc26xx-uart.o)
                0x000000000000347c                cc26xx_uart_write_byte
 .text.cc26xx_uart_busy
                0x00000000000034a4       0x18 contiki-srf06-cc26xx.a(cc26xx-uart.o)
                0x00000000000034a4                cc26xx_uart_busy
 .text.UART0IntHandler
                0x00000000000034bc       0x54 contiki-srf06-cc26xx.a(cc26xx-uart.o)
                0x00000000000034bc                UART0IntHandler
 .text.lpm_shutdown
                0x0000000000003510      0x19c contiki-srf06-cc26xx.a(lpm.o)
                0x0000000000003510                lpm_shutdown
 .text.lpm_sleep
                0x00000000000036ac       0x14 contiki-srf06-cc26xx.a(lpm.o)
                0x00000000000036ac                lpm_sleep
 .text.lpm_drop
                0x00000000000036c0      0x25c contiki-srf06-cc26xx.a(lpm.o)
                0x00000000000036c0                lpm_drop
 .text.lpm_register_module
                0x000000000000391c        0xc contiki-srf06-cc26xx.a(lpm.o)
                0x000000000000391c                lpm_register_module
 .text.lpm_unregister_module
                0x0000000000003928        0xc contiki-srf06-cc26xx.a(lpm.o)
                0x0000000000003928                lpm_unregister_module
 .text.lpm_init
                0x0000000000003934       0x20 contiki-srf06-cc26xx.a(lpm.o)
                0x0000000000003934                lpm_init
 .text.lpm_pin_set_default_state
                0x0000000000003954       0x2c contiki-srf06-cc26xx.a(lpm.o)
                0x0000000000003954                lpm_pin_set_default_state
 .text.gpio_interrupt_register_handler
                0x0000000000003980       0x2c contiki-srf06-cc26xx.a(gpio-interrupt.)
                0x0000000000003980                gpio_interrupt_register_handler
 .text.gpio_interrupt_init
                0x00000000000039ac       0x24 contiki-srf06-cc26xx.a(gpio-interrupt.)
                0x00000000000039ac                gpio_interrupt_init
 .text.GPIOIntHandler
                0x00000000000039d0       0x30 contiki-srf06-cc26xx.a(gpio-interrupt.)
                0x00000000000039d0                GPIOIntHandler
 .text.oscillators_select_lf_xosc
                0x0000000000003a00       0x50 contiki-srf06-cc26xx.a(oscillators.o)
                0x0000000000003a00                oscillators_select_lf_xosc
 .text.oscillators_select_lf_rcosc
                0x0000000000003a50       0x3c contiki-srf06-cc26xx.a(oscillators.o)
                0x0000000000003a50                oscillators_select_lf_rcosc
 .text.oscillators_request_hf_xosc
                0x0000000000003a8c       0x30 contiki-srf06-cc26xx.a(oscillators.o)
                0x0000000000003a8c                oscillators_request_hf_xosc
 .text.oscillators_switch_to_hf_xosc
                0x0000000000003abc       0x34 contiki-srf06-cc26xx.a(oscillators.o)
                0x0000000000003abc                oscillators_switch_to_hf_xosc
 .text.oscillators_switch_to_hf_rc
                0x0000000000003af0       0x38 contiki-srf06-cc26xx.a(oscillators.o)
                0x0000000000003af0                oscillators_switch_to_hf_rc
 .text.request  0x0000000000003b28       0x20 contiki-srf06-cc26xx.a(ieee-mode.o)
 .text.rx_on    0x0000000000003b48       0x60 contiki-srf06-cc26xx.a(ieee-mode.o)
 .text.prepare  0x0000000000003ba8       0x1c contiki-srf06-cc26xx.a(ieee-mode.o)
 .text.rf_radio_setup
                0x0000000000003bc4       0x64 contiki-srf06-cc26xx.a(ieee-mode.o)
 .text.soft_on  0x0000000000003c28       0x18 contiki-srf06-cc26xx.a(ieee-mode.o)
 .text.pending_packet
                0x0000000000003c40       0x48 contiki-srf06-cc26xx.a(ieee-mode.o)
 .text.soft_off
                0x0000000000003c88       0x44 contiki-srf06-cc26xx.a(ieee-mode.o)
 .text.get_object
                0x0000000000003ccc       0x4c contiki-srf06-cc26xx.a(ieee-mode.o)
 .text.transmitting
                0x0000000000003d18       0x4c contiki-srf06-cc26xx.a(ieee-mode.o)
 .text.rx_off   0x0000000000003d64       0x6c contiki-srf06-cc26xx.a(ieee-mode.o)
 .text.set_object
                0x0000000000003dd0       0x60 contiki-srf06-cc26xx.a(ieee-mode.o)
 .text.get_cca_info
                0x0000000000003e30       0x50 contiki-srf06-cc26xx.a(ieee-mode.o)
 .text.check_rat_overflow
                0x0000000000003e80       0x80 contiki-srf06-cc26xx.a(ieee-mode.o)
 .text.receiving_packet
                0x0000000000003f00       0x34 contiki-srf06-cc26xx.a(ieee-mode.o)
 .text.off      0x0000000000003f34       0x6c contiki-srf06-cc26xx.a(ieee-mode.o)
 .text.on       0x0000000000003fa0       0xac contiki-srf06-cc26xx.a(ieee-mode.o)
 .text.set_value
                0x000000000000404c      0x168 contiki-srf06-cc26xx.a(ieee-mode.o)
 .text.get_value
                0x00000000000041b4      0x188 contiki-srf06-cc26xx.a(ieee-mode.o)
 .text.transmit
                0x000000000000433c       0xec contiki-srf06-cc26xx.a(ieee-mode.o)
 .text.send     0x0000000000004428       0x24 contiki-srf06-cc26xx.a(ieee-mode.o)
 .text.channel_clear
                0x000000000000444c       0x68 contiki-srf06-cc26xx.a(ieee-mode.o)
 .text.read_frame
                0x00000000000044b4      0x1a0 contiki-srf06-cc26xx.a(ieee-mode.o)
 .text.handle_rat_overflow
                0x0000000000004654       0x60 contiki-srf06-cc26xx.a(ieee-mode.o)
 .text.init     0x00000000000046b4      0x118 contiki-srf06-cc26xx.a(ieee-mode.o)
 .text.random_rand
                0x00000000000047cc        0xc contiki-srf06-cc26xx.a(random.o)
                0x00000000000047cc                random_rand
 .text.random_init
                0x00000000000047d8        0x4 contiki-srf06-cc26xx.a(random.o)
                0x00000000000047d8                random_init
 .text.power_up
                0x00000000000047dc       0x40 contiki-srf06-cc26xx.a(soc-trng.o)
 .text.request  0x000000000000481c       0x14 contiki-srf06-cc26xx.a(soc-trng.o)
 .text.process_thread_soc_trng_process
                0x0000000000004830       0x94 contiki-srf06-cc26xx.a(soc-trng.o)
 .text.accessible
                0x00000000000048c4       0x24 contiki-srf06-cc26xx.a(soc-trng.o)
 .text.soc_trng_rand_synchronous
                0x00000000000048e8       0xc4 contiki-srf06-cc26xx.a(soc-trng.o)
                0x00000000000048e8                soc_trng_rand_synchronous
 .text.TRNGIntHandler
                0x00000000000049ac       0x50 contiki-srf06-cc26xx.a(soc-trng.o)
                0x00000000000049ac                TRNGIntHandler
 .text.soc_trng_init
                0x00000000000049fc       0x28 contiki-srf06-cc26xx.a(soc-trng.o)
                0x00000000000049fc                soc_trng_init
 .text.write_str
                0x0000000000004a24       0x14 contiki-srf06-cc26xx.a(dbg-printf.o)
 .text.printf   0x0000000000004a38       0x24 contiki-srf06-cc26xx.a(dbg-printf.o)
                0x0000000000004a38                printf
 .text.fill_space
                0x0000000000004a5c       0x3c contiki-srf06-cc26xx.a(strformat.o)
 .text.format_str_v
                0x0000000000004a98      0x95c contiki-srf06-cc26xx.a(strformat.o)
                0x0000000000004a98                format_str_v
 .text.autostart_start
                0x00000000000053f4       0x18 contiki-srf06-cc26xx.a(autostart.o)
                0x00000000000053f4                autostart_start
 .text.energest_init
                0x000000000000540c        0x4 contiki-srf06-cc26xx.a(energest.o)
                0x000000000000540c                energest_init
 .text.update_time
                0x0000000000005410       0x44 contiki-srf06-cc26xx.a(etimer.o)
 .text.process_thread_etimer_process
                0x0000000000005454       0xc8 contiki-srf06-cc26xx.a(etimer.o)
 .text.add_timer
                0x000000000000551c       0x54 contiki-srf06-cc26xx.a(etimer.o)
 .text.etimer_request_poll
                0x0000000000005570        0xc contiki-srf06-cc26xx.a(etimer.o)
                0x0000000000005570                etimer_request_poll
 .text.etimer_set
                0x000000000000557c       0x14 contiki-srf06-cc26xx.a(etimer.o)
                0x000000000000557c                etimer_set
 .text.etimer_restart
                0x0000000000005590       0x14 contiki-srf06-cc26xx.a(etimer.o)
                0x0000000000005590                etimer_restart
 .text.etimer_expired
                0x00000000000055a4        0xc contiki-srf06-cc26xx.a(etimer.o)
                0x00000000000055a4                etimer_expired
 .text.etimer_pending
                0x00000000000055b0       0x10 contiki-srf06-cc26xx.a(etimer.o)
                0x00000000000055b0                etimer_pending
 .text.etimer_next_expiration_time
                0x00000000000055c0       0x14 contiki-srf06-cc26xx.a(etimer.o)
                0x00000000000055c0                etimer_next_expiration_time
 .text.etimer_stop
                0x00000000000055d4       0x4c contiki-srf06-cc26xx.a(etimer.o)
                0x00000000000055d4                etimer_stop
 .text.process_thread_ctimer_process
                0x0000000000005620       0x94 contiki-srf06-cc26xx.a(ctimer.o)
 .text.ctimer_init
                0x00000000000056b4       0x28 contiki-srf06-cc26xx.a(ctimer.o)
                0x00000000000056b4                ctimer_init
 .text.ctimer_set_with_process
                0x00000000000056dc       0x4c contiki-srf06-cc26xx.a(ctimer.o)
                0x00000000000056dc                ctimer_set_with_process
 .text.ctimer_set
                0x0000000000005728       0x18 contiki-srf06-cc26xx.a(ctimer.o)
                0x0000000000005728                ctimer_set
 .text.ctimer_restart
                0x0000000000005740       0x38 contiki-srf06-cc26xx.a(ctimer.o)
                0x0000000000005740                ctimer_restart
 .text.ctimer_stop
                0x0000000000005778       0x34 contiki-srf06-cc26xx.a(ctimer.o)
                0x0000000000005778                ctimer_stop
 .text.exit_process
                0x00000000000057ac       0xb0 contiki-srf06-cc26xx.a(process.o)
 .text.call_process.part.0
                0x000000000000585c       0x38 contiki-srf06-cc26xx.a(process.o)
 .text.do_poll  0x0000000000005894       0x3c contiki-srf06-cc26xx.a(process.o)
 .text.process_alloc_event
                0x00000000000058d0       0x10 contiki-srf06-cc26xx.a(process.o)
                0x00000000000058d0                process_alloc_event
 .text.process_init
                0x00000000000058e0       0x34 contiki-srf06-cc26xx.a(process.o)
                0x00000000000058e0                process_init
 .text.process_run
                0x0000000000005914       0xac contiki-srf06-cc26xx.a(process.o)
                0x0000000000005914                process_run
 .text.process_nevents
                0x00000000000059c0       0x14 contiki-srf06-cc26xx.a(process.o)
                0x00000000000059c0                process_nevents
 .text.process_post
                0x00000000000059d4       0x40 contiki-srf06-cc26xx.a(process.o)
                0x00000000000059d4                process_post
 .text.process_post_synch
                0x0000000000005a14       0x18 contiki-srf06-cc26xx.a(process.o)
                0x0000000000005a14                process_post_synch
 .text.process_start
                0x0000000000005a2c       0x40 contiki-srf06-cc26xx.a(process.o)
                0x0000000000005a2c                process_start
 .text.process_poll
                0x0000000000005a6c       0x18 contiki-srf06-cc26xx.a(process.o)
                0x0000000000005a6c                process_poll
 .text.rtimer_init
                0x0000000000005a84        0x4 contiki-srf06-cc26xx.a(rtimer.o)
                0x0000000000005a84                rtimer_init
 .text.rtimer_set
                0x0000000000005a88       0x2c contiki-srf06-cc26xx.a(rtimer.o)
                0x0000000000005a88                rtimer_set
 .text.rtimer_run_next
                0x0000000000005ab4       0x28 contiki-srf06-cc26xx.a(rtimer.o)
                0x0000000000005ab4                rtimer_run_next
 .text.timer_set
                0x0000000000005adc       0x10 contiki-srf06-cc26xx.a(timer.o)
                0x0000000000005adc                timer_set
 .text.timer_restart
                0x0000000000005aec        0xc contiki-srf06-cc26xx.a(timer.o)
                0x0000000000005aec                timer_restart
 .text.timer_expired
                0x0000000000005af8       0x1c contiki-srf06-cc26xx.a(timer.o)
                0x0000000000005af8                timer_expired
 .text.process_thread_serial_line_process
                0x0000000000005b14       0xac contiki-srf06-cc26xx.a(serial-line.o)
 .text.serial_line_init
                0x0000000000005bc0       0x24 contiki-srf06-cc26xx.a(serial-line.o)
                0x0000000000005bc0                serial_line_init
 .text.list_init
                0x0000000000005be4        0x8 contiki-srf06-cc26xx.a(list.o)
                0x0000000000005be4                list_init
 .text.list_head
                0x0000000000005bec        0x4 contiki-srf06-cc26xx.a(list.o)
                0x0000000000005bec                list_head
 .text.list_add
                0x0000000000005bf0       0x48 contiki-srf06-cc26xx.a(list.o)
                0x0000000000005bf0                list_add
 .text.list_push
                0x0000000000005c38       0x40 contiki-srf06-cc26xx.a(list.o)
                0x0000000000005c38                list_push
 .text.list_chop
                0x0000000000005c78       0x24 contiki-srf06-cc26xx.a(list.o)
                0x0000000000005c78                list_chop
 .text.list_remove
                0x0000000000005c9c       0x2c contiki-srf06-cc26xx.a(list.o)
                0x0000000000005c9c                list_remove
 .text.list_item_next
                0x0000000000005cc8        0x8 contiki-srf06-cc26xx.a(list.o)
                0x0000000000005cc8                list_item_next
 .text.memb_init
                0x0000000000005cd0       0x24 contiki-srf06-cc26xx.a(memb.o)
                0x0000000000005cd0                memb_init
 .text.memb_alloc
                0x0000000000005cf4       0x3c contiki-srf06-cc26xx.a(memb.o)
                0x0000000000005cf4                memb_alloc
 .text.memb_free
                0x0000000000005d30       0x44 contiki-srf06-cc26xx.a(memb.o)
                0x0000000000005d30                memb_free
 .text.memb_inmemb
                0x0000000000005d74       0x1c contiki-srf06-cc26xx.a(memb.o)
                0x0000000000005d74                memb_inmemb
 .text.ringbuf_init
                0x0000000000005d90       0x10 contiki-srf06-cc26xx.a(ringbuf.o)
                0x0000000000005d90                ringbuf_init
 .text.ringbuf_get
                0x0000000000005da0       0x28 contiki-srf06-cc26xx.a(ringbuf.o)
                0x0000000000005da0                ringbuf_get
 .text.packet_sent
                0x0000000000005dc8       0x38 contiki-srf06-cc26xx.a(rime.o)
 .text.input    0x0000000000005e00       0x38 contiki-srf06-cc26xx.a(rime.o)
 .text.init     0x0000000000005e38       0x28 contiki-srf06-cc26xx.a(rime.o)
 .text.rime_output
                0x0000000000005e60       0x24 contiki-srf06-cc26xx.a(rime.o)
                0x0000000000005e60                rime_output
 .text.adv_packet_sent
                0x0000000000005e84        0x4 contiki-srf06-cc26xx.a(broadcast-annou)
 .text.set_timers
                0x0000000000005e88       0x3c contiki-srf06-cc26xx.a(broadcast-annou)
 .text.send_timer
                0x0000000000005ec4       0x18 contiki-srf06-cc26xx.a(broadcast-annou)
 .text.send_adv
                0x0000000000005edc       0x58 contiki-srf06-cc26xx.a(broadcast-annou)
 .text.adv_packet_received
                0x0000000000005f34       0x48 contiki-srf06-cc26xx.a(broadcast-annou)
 .text.new_announcement
                0x0000000000005f7c       0x18 contiki-srf06-cc26xx.a(broadcast-annou)
 .text.broadcast_announcement_init
                0x0000000000005f94       0x30 contiki-srf06-cc26xx.a(broadcast-annou)
                0x0000000000005f94                broadcast_announcement_init
 .text.recv_from_stunicast
                0x0000000000005fc4       0xac contiki-srf06-cc26xx.a(runicast.o)
 .text.sent_by_stunicast
                0x0000000000006070       0x58 contiki-srf06-cc26xx.a(runicast.o)
 .text.runicast_open
                0x00000000000060c8       0x30 contiki-srf06-cc26xx.a(runicast.o)
                0x00000000000060c8                runicast_open
 .text.runicast_close
                0x00000000000060f8        0x4 contiki-srf06-cc26xx.a(runicast.o)
                0x00000000000060f8                runicast_close
 .text.runicast_is_transmitting
                0x00000000000060fc        0x8 contiki-srf06-cc26xx.a(runicast.o)
                0x00000000000060fc                runicast_is_transmitting
 .text.runicast_send
                0x0000000000006104       0x58 contiki-srf06-cc26xx.a(runicast.o)
                0x0000000000006104                runicast_send
 .text.recv_from_uc
                0x000000000000615c        0xc contiki-srf06-cc26xx.a(stunicast.o)
 .text.sent_by_uc
                0x0000000000006168        0xc contiki-srf06-cc26xx.a(stunicast.o)
 .text.send     0x0000000000006174       0x24 contiki-srf06-cc26xx.a(stunicast.o)
 .text.stunicast_open
                0x0000000000006198       0x14 contiki-srf06-cc26xx.a(stunicast.o)
                0x0000000000006198                stunicast_open
 .text.stunicast_receiver
                0x00000000000061ac        0x4 contiki-srf06-cc26xx.a(stunicast.o)
                0x00000000000061ac                stunicast_receiver
 .text.stunicast_send_stubborn
                0x00000000000061b0       0x44 contiki-srf06-cc26xx.a(stunicast.o)
                0x00000000000061b0                stunicast_send_stubborn
 .text.stunicast_send
                0x00000000000061f4        0x4 contiki-srf06-cc26xx.a(stunicast.o)
                0x00000000000061f4                stunicast_send
 .text.stunicast_cancel
                0x00000000000061f8       0x18 contiki-srf06-cc26xx.a(stunicast.o)
                0x00000000000061f8                stunicast_cancel
 .text.stunicast_close
                0x0000000000006210       0x14 contiki-srf06-cc26xx.a(stunicast.o)
                0x0000000000006210                stunicast_close
 .text.chameleon_init
                0x0000000000006224        0x4 contiki-srf06-cc26xx.a(chameleon.o)
                0x0000000000006224                chameleon_init
 .text.chameleon_parse
                0x0000000000006228       0x1c contiki-srf06-cc26xx.a(chameleon.o)
                0x0000000000006228                chameleon_parse
 .text.chameleon_create
                0x0000000000006244       0x20 contiki-srf06-cc26xx.a(chameleon.o)
                0x0000000000006244                chameleon_create
 .text.chameleon_hdrsize
                0x0000000000006264        0xc contiki-srf06-cc26xx.a(chameleon.o)
                0x0000000000006264                chameleon_hdrsize
 .text.channel_init
                0x0000000000006270        0xc contiki-srf06-cc26xx.a(channel.o)
                0x0000000000006270                channel_init
 .text.channel_open
                0x000000000000627c       0x10 contiki-srf06-cc26xx.a(channel.o)
                0x000000000000627c                channel_open
 .text.channel_close
                0x000000000000628c        0xc contiki-srf06-cc26xx.a(channel.o)
                0x000000000000628c                channel_close
 .text.channel_lookup
                0x0000000000006298       0x30 contiki-srf06-cc26xx.a(channel.o)
                0x0000000000006298                channel_lookup
 .text.channel_set_attributes
                0x00000000000062c8       0x18 contiki-srf06-cc26xx.a(channel.o)
                0x00000000000062c8                channel_set_attributes
 .text.abc_open
                0x00000000000062e0       0x20 contiki-srf06-cc26xx.a(abc.o)
                0x00000000000062e0                abc_open
 .text.abc_close
                0x0000000000006300        0x4 contiki-srf06-cc26xx.a(abc.o)
                0x0000000000006300                abc_close
 .text.abc_send
                0x0000000000006304        0x4 contiki-srf06-cc26xx.a(abc.o)
                0x0000000000006304                abc_send
 .text.abc_input
                0x0000000000006308        0xc contiki-srf06-cc26xx.a(abc.o)
                0x0000000000006308                abc_input
 .text.abc_sent
                0x0000000000006314        0xc contiki-srf06-cc26xx.a(abc.o)
                0x0000000000006314                abc_sent
 .text.sent_by_abc
                0x0000000000006320        0xc contiki-srf06-cc26xx.a(broadcast.o)
 .text.recv_from_abc
                0x000000000000632c       0x24 contiki-srf06-cc26xx.a(broadcast.o)
 .text.broadcast_open
                0x0000000000006350       0x24 contiki-srf06-cc26xx.a(broadcast.o)
                0x0000000000006350                broadcast_open
 .text.broadcast_close
                0x0000000000006374        0x4 contiki-srf06-cc26xx.a(broadcast.o)
                0x0000000000006374                broadcast_close
 .text.broadcast_send
                0x0000000000006378       0x1c contiki-srf06-cc26xx.a(broadcast.o)
                0x0000000000006378                broadcast_send
 .text.sent_by_broadcast
                0x0000000000006394        0xc contiki-srf06-cc26xx.a(unicast.o)
 .text.recv_from_broadcast
                0x00000000000063a0       0x2c contiki-srf06-cc26xx.a(unicast.o)
 .text.unicast_open
                0x00000000000063cc       0x24 contiki-srf06-cc26xx.a(unicast.o)
                0x00000000000063cc                unicast_open
 .text.unicast_close
                0x00000000000063f0        0x4 contiki-srf06-cc26xx.a(unicast.o)
                0x00000000000063f0                unicast_close
 .text.unicast_send
                0x00000000000063f4       0x14 contiki-srf06-cc26xx.a(unicast.o)
                0x00000000000063f4                unicast_send
 .text.announcement_init
                0x0000000000006408        0xc contiki-srf06-cc26xx.a(announcement.o)
                0x0000000000006408                announcement_init
 .text.announcement_register_observer_callback
                0x0000000000006414        0xc contiki-srf06-cc26xx.a(announcement.o)
                0x0000000000006414                announcement_register_observer_callback
 .text.announcement_list
                0x0000000000006420        0xc contiki-srf06-cc26xx.a(announcement.o)
                0x0000000000006420                announcement_list
 .text.announcement_heard
                0x000000000000642c       0x3c contiki-srf06-cc26xx.a(announcement.o)
                0x000000000000642c                announcement_heard
 .text.TrimAfterColdResetWakeupFromShutDown
                0x0000000000006468       0xe4 contiki-srf06-cc26xx.a(setup.o)
 .text.NOROM_SetupTrimDevice
                0x000000000000654c       0xa4 contiki-srf06-cc26xx.a(setup.o)
                0x000000000000654c                NOROM_SetupTrimDevice
 .text.NOROM_AONRTCCurrentCompareValueGet
                0x00000000000065f0       0x24 contiki-srf06-cc26xx.a(aon_rtc.o)
                0x00000000000065f0                NOROM_AONRTCCurrentCompareValueGet
 .text.SafeHapiVoid
                0x0000000000006614       0x2c contiki-srf06-cc26xx.a(adi.o)
                0x0000000000006614                SafeHapiVoid
 .text.NOROM_DDI32RegWrite
                0x0000000000006640       0x34 contiki-srf06-cc26xx.a(ddi.o)
                0x0000000000006640                NOROM_DDI32RegWrite
 .text.NOROM_DDI16BitfieldWrite
                0x0000000000006674       0x4c contiki-srf06-cc26xx.a(ddi.o)
                0x0000000000006674                NOROM_DDI16BitfieldWrite
 .text.NOROM_DDI16BitfieldRead
                0x00000000000066c0       0x48 contiki-srf06-cc26xx.a(ddi.o)
                0x00000000000066c0                NOROM_DDI16BitfieldRead
 .text.NOROM_CPUcpsid
                0x0000000000006708        0x8 contiki-srf06-cc26xx.a(cpu.o)
                0x0000000000006708                NOROM_CPUcpsid
 .text.NOROM_CPUcpsie
                0x0000000000006710        0x8 contiki-srf06-cc26xx.a(cpu.o)
                0x0000000000006710                NOROM_CPUcpsie
 .text.NOROM_CPUdelay
                0x0000000000006718        0x8 contiki-srf06-cc26xx.a(cpu.o)
                0x0000000000006718                NOROM_CPUdelay
 .text.NOROM_SysCtrlSetRechargeBeforePowerDown
                0x0000000000006720      0x274 contiki-srf06-cc26xx.a(sys_ctrl.o)
                0x0000000000006720                NOROM_SysCtrlSetRechargeBeforePowerDown
 .text.NOROM_SysCtrlAdjustRechargeAfterPowerDown
                0x0000000000006994       0x64 contiki-srf06-cc26xx.a(sys_ctrl.o)
                0x0000000000006994                NOROM_SysCtrlAdjustRechargeAfterPowerDown
 .text.NOROM_SysCtrl_DCDC_VoltageConditionalControl
                0x00000000000069f8       0x7c contiki-srf06-cc26xx.a(sys_ctrl.o)
                0x00000000000069f8                NOROM_SysCtrl_DCDC_VoltageConditionalControl
 .text.NOROM_PowerCtrlSourceSet
                0x0000000000006a74       0x30 contiki-srf06-cc26xx.a(pwr_ctrl.o)
                0x0000000000006a74                NOROM_PowerCtrlSourceSet
 .text.NOROM_AONBatMonTemperatureGetDegC
                0x0000000000006aa4       0x30 contiki-srf06-cc26xx.a(aon_batmon.o)
                0x0000000000006aa4                NOROM_AONBatMonTemperatureGetDegC
 .text.NOROM_ChipInfo_GetSupportedProtocol_BV
                0x0000000000006ad4       0x10 contiki-srf06-cc26xx.a(chipinfo.o)
                0x0000000000006ad4                NOROM_ChipInfo_GetSupportedProtocol_BV
 .text.NOROM_ChipInfo_GetChipFamily
                0x0000000000006ae4       0x50 contiki-srf06-cc26xx.a(chipinfo.o)
                0x0000000000006ae4                NOROM_ChipInfo_GetChipFamily
 .text.NOROM_ChipInfo_GetChipType
                0x0000000000006b34       0x5c contiki-srf06-cc26xx.a(chipinfo.o)
                0x0000000000006b34                NOROM_ChipInfo_GetChipType
 .text.NOROM_ChipInfo_GetHwRevision
                0x0000000000006b90       0x70 contiki-srf06-cc26xx.a(chipinfo.o)
                0x0000000000006b90                NOROM_ChipInfo_GetHwRevision
 .text.NOROM_ThisCodeIsBuiltForCC26xxHwRev22AndLater_HaltIfViolated
                0x0000000000006c00       0x14 contiki-srf06-cc26xx.a(chipinfo.o)
                0x0000000000006c00                NOROM_ThisCodeIsBuiltForCC26xxHwRev22AndLater_HaltIfViolated
 .text.NOROM_OSCClockSourceSet
                0x0000000000006c14       0x50 contiki-srf06-cc26xx.a(osc.o)
                0x0000000000006c14                NOROM_OSCClockSourceSet
 .text.NOROM_OSCClockSourceGet
                0x0000000000006c64       0x24 contiki-srf06-cc26xx.a(osc.o)
                0x0000000000006c64                NOROM_OSCClockSourceGet
 .text.NOROM_TRNGConfigure
                0x0000000000006c88       0x38 contiki-srf06-cc26xx.a(trng.o)
                0x0000000000006c88                NOROM_TRNGConfigure
 .text.queuebuf_init
                0x0000000000006cc0       0x1c contiki-srf06-cc26xx.a(queuebuf.o)
                0x0000000000006cc0                queuebuf_init
 .text.queuebuf_new_from_packetbuf
                0x0000000000006cdc       0x48 contiki-srf06-cc26xx.a(queuebuf.o)
                0x0000000000006cdc                queuebuf_new_from_packetbuf
 .text.queuebuf_update_from_packetbuf
                0x0000000000006d24       0x1c contiki-srf06-cc26xx.a(queuebuf.o)
                0x0000000000006d24                queuebuf_update_from_packetbuf
 .text.queuebuf_free
                0x0000000000006d40       0x2c contiki-srf06-cc26xx.a(queuebuf.o)
                0x0000000000006d40                queuebuf_free
 .text.queuebuf_to_packetbuf
                0x0000000000006d6c       0x30 contiki-srf06-cc26xx.a(queuebuf.o)
                0x0000000000006d6c                queuebuf_to_packetbuf
 .text.packetbuf_compact
                0x0000000000006d9c       0x4c contiki-srf06-cc26xx.a(packetbuf.o)
                0x0000000000006d9c                packetbuf_compact
 .text.packetbuf_copyto
                0x0000000000006de8       0x50 contiki-srf06-cc26xx.a(packetbuf.o)
                0x0000000000006de8                packetbuf_copyto
 .text.packetbuf_hdralloc
                0x0000000000006e38       0x58 contiki-srf06-cc26xx.a(packetbuf.o)
                0x0000000000006e38                packetbuf_hdralloc
 .text.packetbuf_hdrreduce
                0x0000000000006e90       0x2c contiki-srf06-cc26xx.a(packetbuf.o)
                0x0000000000006e90                packetbuf_hdrreduce
 .text.packetbuf_set_datalen
                0x0000000000006ebc        0xc contiki-srf06-cc26xx.a(packetbuf.o)
                0x0000000000006ebc                packetbuf_set_datalen
 .text.packetbuf_dataptr
                0x0000000000006ec8       0x20 contiki-srf06-cc26xx.a(packetbuf.o)
                0x0000000000006ec8                packetbuf_dataptr
 .text.packetbuf_hdrptr
                0x0000000000006ee8        0x8 contiki-srf06-cc26xx.a(packetbuf.o)
                0x0000000000006ee8                packetbuf_hdrptr
 .text.packetbuf_datalen
                0x0000000000006ef0        0xc contiki-srf06-cc26xx.a(packetbuf.o)
                0x0000000000006ef0                packetbuf_datalen
 .text.packetbuf_totlen
                0x0000000000006efc       0x24 contiki-srf06-cc26xx.a(packetbuf.o)
                0x0000000000006efc                packetbuf_totlen
 .text.packetbuf_attr_clear
                0x0000000000006f20       0x30 contiki-srf06-cc26xx.a(packetbuf.o)
                0x0000000000006f20                packetbuf_attr_clear
 .text.packetbuf_clear
                0x0000000000006f50       0x20 contiki-srf06-cc26xx.a(packetbuf.o)
                0x0000000000006f50                packetbuf_clear
 .text.packetbuf_copyfrom
                0x0000000000006f70       0x40 contiki-srf06-cc26xx.a(packetbuf.o)
                0x0000000000006f70                packetbuf_copyfrom
 .text.packetbuf_attr_copyto
                0x0000000000006fb0       0x3c contiki-srf06-cc26xx.a(packetbuf.o)
                0x0000000000006fb0                packetbuf_attr_copyto
 .text.packetbuf_attr_copyfrom
                0x0000000000006fec       0x3c contiki-srf06-cc26xx.a(packetbuf.o)
                0x0000000000006fec                packetbuf_attr_copyfrom
 .text.packetbuf_set_attr
                0x0000000000007028       0x10 contiki-srf06-cc26xx.a(packetbuf.o)
                0x0000000000007028                packetbuf_set_attr
 .text.packetbuf_attr
                0x0000000000007038        0xc contiki-srf06-cc26xx.a(packetbuf.o)
                0x0000000000007038                packetbuf_attr
 .text.packetbuf_set_addr
                0x0000000000007044       0x18 contiki-srf06-cc26xx.a(packetbuf.o)
                0x0000000000007044                packetbuf_set_addr
 .text.packetbuf_addr
                0x000000000000705c       0x10 contiki-srf06-cc26xx.a(packetbuf.o)
                0x000000000000705c                packetbuf_addr
 .text.packetbuf_holds_broadcast
                0x000000000000706c       0x10 contiki-srf06-cc26xx.a(packetbuf.o)
                0x000000000000706c                packetbuf_holds_broadcast
 .text.netstack_init
                0x000000000000707c       0x38 contiki-srf06-cc26xx.a(netstack.o)
                0x000000000000707c                netstack_init
 .text.linkaddr_copy
                0x00000000000070b4        0x8 contiki-srf06-cc26xx.a(linkaddr.o)
                0x00000000000070b4                linkaddr_copy
 .text.linkaddr_cmp
                0x00000000000070bc       0x10 contiki-srf06-cc26xx.a(linkaddr.o)
                0x00000000000070bc                linkaddr_cmp
 .text.send_packet
                0x00000000000070cc        0xc contiki-srf06-cc26xx.a(nullmac.o)
 .text.packet_input
                0x00000000000070d8        0xc contiki-srf06-cc26xx.a(nullmac.o)
 .text.on       0x00000000000070e4        0xc contiki-srf06-cc26xx.a(nullmac.o)
 .text.off      0x00000000000070f0        0xc contiki-srf06-cc26xx.a(nullmac.o)
 .text.channel_check_interval
                0x00000000000070fc        0x4 contiki-srf06-cc26xx.a(nullmac.o)
 .text.init     0x0000000000007100        0x4 contiki-srf06-cc26xx.a(nullmac.o)
 .text.duty_cycle
                0x0000000000007104        0x4 contiki-srf06-cc26xx.a(contikimac.o)
 .text.init     0x0000000000007108       0x40 contiki-srf06-cc26xx.a(contikimac.o)
 .text.on       0x0000000000007148       0x2c contiki-srf06-cc26xx.a(contikimac.o)
 .text.off      0x0000000000007174       0x38 contiki-srf06-cc26xx.a(contikimac.o)
 .text.recv_burst_off
                0x00000000000071ac       0x14 contiki-srf06-cc26xx.a(contikimac.o)
 .text.powercycle_turn_radio_off.part.2
                0x00000000000071c0       0x10 contiki-srf06-cc26xx.a(contikimac.o)
 .text.turn_off
                0x00000000000071d0       0x48 contiki-srf06-cc26xx.a(contikimac.o)
 .text.turn_on  0x0000000000007218       0x40 contiki-srf06-cc26xx.a(contikimac.o)
 .text.schedule_powercycle_fixed.part.5
                0x0000000000007258       0x2c contiki-srf06-cc26xx.a(contikimac.o)
 .text.input_packet
                0x0000000000007284       0xac contiki-srf06-cc26xx.a(contikimac.o)
 .text.send_packet.isra.8
                0x0000000000007330      0x228 contiki-srf06-cc26xx.a(contikimac.o)
 .text.qsend_list
                0x0000000000007558       0xec contiki-srf06-cc26xx.a(contikimac.o)
 .text.qsend_packet
                0x0000000000007644       0x24 contiki-srf06-cc26xx.a(contikimac.o)
 .text.powercycle_wrapper
                0x0000000000007668      0x234 contiki-srf06-cc26xx.a(contikimac.o)
 .text.init     0x000000000000789c        0x4 contiki-srf06-cc26xx.a(nullsec.o)
 .text.input    0x00000000000078a0        0xc contiki-srf06-cc26xx.a(nullsec.o)
 .text.send     0x00000000000078ac       0x20 contiki-srf06-cc26xx.a(nullsec.o)
 .text.sensor_common_read_reg
                0x00000000000078cc       0x1c contiki-srf06-cc26xx.a(sensor-common.o)
                0x00000000000078cc                sensor_common_read_reg
 .text.sensor_common_write_reg
                0x00000000000078e8       0x38 contiki-srf06-cc26xx.a(sensor-common.o)
                0x00000000000078e8                sensor_common_write_reg
 .text.sensor_common_set_error_data
                0x0000000000007920       0x10 contiki-srf06-cc26xx.a(sensor-common.o)
                0x0000000000007920                sensor_common_set_error_data
 .text.buzzer_init
                0x0000000000007930        0xc contiki-srf06-cc26xx.a(buzzer.o)
                0x0000000000007930                buzzer_init
 .text.buzzer_stop
                0x000000000000793c       0x74 contiki-srf06-cc26xx.a(buzzer.o)
                0x000000000000793c                buzzer_stop
 .text.aux_ctrl_power_up
                0x00000000000079b0       0x28 contiki-srf06-cc26xx.a(aux-ctrl.o)
                0x00000000000079b0                aux_ctrl_power_up
 .text.aux_ctrl_register_consumer
                0x00000000000079d8       0x40 contiki-srf06-cc26xx.a(aux-ctrl.o)
                0x00000000000079d8                aux_ctrl_register_consumer
 .text.aux_ctrl_power_down
                0x0000000000007a18       0x6c contiki-srf06-cc26xx.a(aux-ctrl.o)
                0x0000000000007a18                aux_ctrl_power_down
 .text.aux_ctrl_unregister_consumer
                0x0000000000007a84       0x28 contiki-srf06-cc26xx.a(aux-ctrl.o)
                0x0000000000007a84                aux_ctrl_unregister_consumer
 .text.process_thread_rf_core_process
                0x0000000000007aac       0x58 contiki-srf06-cc26xx.a(rf-core.o)
 .text.rf_core_is_accessible
                0x0000000000007b04       0x10 contiki-srf06-cc26xx.a(rf-core.o)
                0x0000000000007b04                rf_core_is_accessible
 .text.rf_core_send_cmd
                0x0000000000007b14       0xa4 contiki-srf06-cc26xx.a(rf-core.o)
                0x0000000000007b14                rf_core_send_cmd
 .text.rf_core_wait_cmd_done
                0x0000000000007bb8       0x30 contiki-srf06-cc26xx.a(rf-core.o)
                0x0000000000007bb8                rf_core_wait_cmd_done
 .text.rf_core_power_up
                0x0000000000007be8       0xcc contiki-srf06-cc26xx.a(rf-core.o)
                0x0000000000007be8                rf_core_power_up
 .text.rf_core_start_rat
                0x0000000000007cb4       0x68 contiki-srf06-cc26xx.a(rf-core.o)
                0x0000000000007cb4                rf_core_start_rat
 .text.rf_core_stop_rat
                0x0000000000007d1c       0x7c contiki-srf06-cc26xx.a(rf-core.o)
                0x0000000000007d1c                rf_core_stop_rat
 .text.rf_core_power_down
                0x0000000000007d98       0xec contiki-srf06-cc26xx.a(rf-core.o)
                0x0000000000007d98                rf_core_power_down
 .text.rf_core_set_modesel
                0x0000000000007e84       0x44 contiki-srf06-cc26xx.a(rf-core.o)
                0x0000000000007e84                rf_core_set_modesel
 .text.rf_core_boot
                0x0000000000007ec8       0x1c contiki-srf06-cc26xx.a(rf-core.o)
                0x0000000000007ec8                rf_core_boot
 .text.rf_core_restart_rat
                0x0000000000007ee4       0x18 contiki-srf06-cc26xx.a(rf-core.o)
                0x0000000000007ee4                rf_core_restart_rat
 .text.rf_core_setup_interrupts
                0x0000000000007efc       0x74 contiki-srf06-cc26xx.a(rf-core.o)
                0x0000000000007efc                rf_core_setup_interrupts
 .text.rf_core_cmd_done_en
                0x0000000000007f70       0x28 contiki-srf06-cc26xx.a(rf-core.o)
                0x0000000000007f70                rf_core_cmd_done_en
 .text.rf_core_cmd_done_dis
                0x0000000000007f98       0x18 contiki-srf06-cc26xx.a(rf-core.o)
                0x0000000000007f98                rf_core_cmd_done_dis
 .text.rf_core_get_last_radio_op
                0x0000000000007fb0        0xc contiki-srf06-cc26xx.a(rf-core.o)
                0x0000000000007fb0                rf_core_get_last_radio_op
 .text.rf_core_init_radio_op
                0x0000000000007fbc       0x20 contiki-srf06-cc26xx.a(rf-core.o)
                0x0000000000007fbc                rf_core_init_radio_op
 .text.rf_core_primary_mode_register
                0x0000000000007fdc        0xc contiki-srf06-cc26xx.a(rf-core.o)
                0x0000000000007fdc                rf_core_primary_mode_register
 .text.RFCCPE1IntHandler
                0x0000000000007fe8       0x28 contiki-srf06-cc26xx.a(rf-core.o)
                0x0000000000007fe8                RFCCPE1IntHandler
 .text.RFCCPE0IntHandler
                0x0000000000008010       0x5c contiki-srf06-cc26xx.a(rf-core.o)
                0x0000000000008010                RFCCPE0IntHandler
 .text.rf_ble_is_active
                0x000000000000806c        0xc contiki-srf06-cc26xx.a(rf-ble.o)
                0x000000000000806c                rf_ble_is_active
 .text.header_size
                0x0000000000008078       0x1c contiki-srf06-cc26xx.a(chameleon-bitop)
 .text.get_bits
                0x0000000000008094       0xa8 contiki-srf06-cc26xx.a(chameleon-bitop)
                0x0000000000008094                get_bits
 .text.unpack_header
                0x000000000000813c       0xb8 contiki-srf06-cc26xx.a(chameleon-bitop)
 .text.set_bits
                0x00000000000081f4       0xcc contiki-srf06-cc26xx.a(chameleon-bitop)
                0x00000000000081f4                set_bits
 .text.pack_header
                0x00000000000082c0       0xa8 contiki-srf06-cc26xx.a(chameleon-bitop)
 .text.NOROM_SetupGetTrimForXoscHfCtl.part.3
                0x0000000000008368       0x20 contiki-srf06-cc26xx.a(setup_rom.o)
 .text.NOROM_SetupGetTrimForRadcExtCfg.part.4
                0x0000000000008388       0x20 contiki-srf06-cc26xx.a(setup_rom.o)
 .text.NOROM_SetupAfterColdResetWakeupFromShutDownCfg1
                0x00000000000083a8       0x7c contiki-srf06-cc26xx.a(setup_rom.o)
                0x00000000000083a8                NOROM_SetupAfterColdResetWakeupFromShutDownCfg1
 .text.NOROM_SetupAfterColdResetWakeupFromShutDownCfg3
                0x0000000000008424      0x194 contiki-srf06-cc26xx.a(setup_rom.o)
                0x0000000000008424                NOROM_SetupAfterColdResetWakeupFromShutDownCfg3
 .text.NOROM_SetupGetTrimForAnabypassValue1
                0x00000000000085b8       0x64 contiki-srf06-cc26xx.a(setup_rom.o)
                0x00000000000085b8                NOROM_SetupGetTrimForAnabypassValue1
 .text.NOROM_SetupGetTrimForAmpcompCtrl
                0x000000000000861c       0x74 contiki-srf06-cc26xx.a(setup_rom.o)
                0x000000000000861c                NOROM_SetupGetTrimForAmpcompCtrl
 .text.NOROM_SetupAfterColdResetWakeupFromShutDownCfg2
                0x0000000000008690      0x194 contiki-srf06-cc26xx.a(setup_rom.o)
                0x0000000000008690                NOROM_SetupAfterColdResetWakeupFromShutDownCfg2
 .text.NOROM_SetupSetCacheModeAccordingToCcfgSetting
                0x0000000000008824       0x6c contiki-srf06-cc26xx.a(setup_rom.o)
                0x0000000000008824                NOROM_SetupSetCacheModeAccordingToCcfgSetting
 .text.mac_sequence_is_duplicate
                0x0000000000008890       0x50 contiki-srf06-cc26xx.a(mac-sequence.o)
                0x0000000000008890                mac_sequence_is_duplicate
 .text.mac_sequence_register_seqno
                0x00000000000088e0       0x6c contiki-srf06-cc26xx.a(mac-sequence.o)
                0x00000000000088e0                mac_sequence_register_seqno
 .text.mac_call_sent_callback
                0x000000000000894c       0x10 contiki-srf06-cc26xx.a(mac.o)
                0x000000000000894c                mac_call_sent_callback
 .text.parse    0x000000000000895c       0xa4 contiki-srf06-cc26xx.a(framer-802154.o)
 .text.create_frame.isra.0
                0x0000000000008a00      0x140 contiki-srf06-cc26xx.a(framer-802154.o)
 .text.create   0x0000000000008b40        0x8 contiki-srf06-cc26xx.a(framer-802154.o)
 .text.hdr_length
                0x0000000000008b48        0x8 contiki-srf06-cc26xx.a(framer-802154.o)
 .text.frame802154_get_pan_id
                0x0000000000008b50        0xc contiki-srf06-cc26xx.a(frame802154.o)
                0x0000000000008b50                frame802154_get_pan_id
 .text.frame802154_has_panid
                0x0000000000008b5c       0xb8 contiki-srf06-cc26xx.a(frame802154.o)
                0x0000000000008b5c                frame802154_has_panid
 .text.field_len
                0x0000000000008c14       0x9c contiki-srf06-cc26xx.a(frame802154.o)
 .text.frame802154_is_broadcast_addr
                0x0000000000008cb0       0x20 contiki-srf06-cc26xx.a(frame802154.o)
                0x0000000000008cb0                frame802154_is_broadcast_addr
 .text.frame802154_hdrlen
                0x0000000000008cd0       0x34 contiki-srf06-cc26xx.a(frame802154.o)
                0x0000000000008cd0                frame802154_hdrlen
 .text.frame802154_create_fcf
                0x0000000000008d04       0x64 contiki-srf06-cc26xx.a(frame802154.o)
                0x0000000000008d04                frame802154_create_fcf
 .text.frame802154_create
                0x0000000000008d68       0xb8 contiki-srf06-cc26xx.a(frame802154.o)
                0x0000000000008d68                frame802154_create
 .text.frame802154_parse_fcf
                0x0000000000008e20       0x4c contiki-srf06-cc26xx.a(frame802154.o)
                0x0000000000008e20                frame802154_parse_fcf
 .text.frame802154_parse
                0x0000000000008e6c      0x134 contiki-srf06-cc26xx.a(frame802154.o)
                0x0000000000008e6c                frame802154_parse
 .text.exp2     0x0000000000008fa0       0x10 /usr/lib/gcc/arm-none-eabi/4.9.3/../../../arm-none-eabi/lib/armv7-m/libm.a(lib_a-w_exp2.o)
                0x0000000000008fa0                exp2
 .text.pow      0x0000000000008fb0      0x2f0 /usr/lib/gcc/arm-none-eabi/4.9.3/../../../arm-none-eabi/lib/armv7-m/libm.a(lib_a-w_pow.o)
                0x0000000000008fb0                pow
 .text.__ieee754_sqrt
                0x00000000000092a0      0x18c /usr/lib/gcc/arm-none-eabi/4.9.3/../../../arm-none-eabi/lib/armv7-m/libm.a(lib_a-e_sqrt.o)
                0x00000000000092a0                __ieee754_sqrt
 .text.fabs     0x000000000000942c        0x8 /usr/lib/gcc/arm-none-eabi/4.9.3/../../../arm-none-eabi/lib/armv7-m/libm.a(lib_a-s_fabs.o)
                0x000000000000942c                fabs
 .text.finite   0x0000000000009434        0xc /usr/lib/gcc/arm-none-eabi/4.9.3/../../../arm-none-eabi/lib/armv7-m/libm.a(lib_a-s_finite.o)
                0x0000000000009434                finite
 .text.__fpclassifyd
                0x0000000000009440       0x58 /usr/lib/gcc/arm-none-eabi/4.9.3/../../../arm-none-eabi/lib/armv7-m/libm.a(lib_a-s_fpclassify.o)
                0x0000000000009440                __fpclassifyd
 .text.matherr  0x0000000000009498        0x4 /usr/lib/gcc/arm-none-eabi/4.9.3/../../../arm-none-eabi/lib/armv7-m/libm.a(lib_a-s_matherr.o)
                0x0000000000009498                matherr
 .text.nan      0x000000000000949c        0xc /usr/lib/gcc/arm-none-eabi/4.9.3/../../../arm-none-eabi/lib/armv7-m/libm.a(lib_a-s_nan.o)
                0x000000000000949c                nan
 .text.rint     0x00000000000094a8      0x11c /usr/lib/gcc/arm-none-eabi/4.9.3/../../../arm-none-eabi/lib/armv7-m/libm.a(lib_a-s_rint.o)
                0x00000000000094a8                rint
 .text.copysign
                0x00000000000095c4       0x10 /usr/lib/gcc/arm-none-eabi/4.9.3/../../../arm-none-eabi/lib/armv7-m/libm.a(lib_a-s_copysign.o)
                0x00000000000095c4                copysign
 .text          0x00000000000095d4      0x370 /usr/lib/gcc/arm-none-eabi/4.9.3/armv7-m/libgcc.a(_arm_addsubdf3.o)
                0x00000000000095d4                __aeabi_drsub
                0x00000000000095dc                __aeabi_dsub
                0x00000000000095dc                __subdf3
                0x00000000000095e0                __adddf3
                0x00000000000095e0                __aeabi_dadd
                0x0000000000009858                __aeabi_ui2d
                0x0000000000009858                __floatunsidf
                0x0000000000009878                __floatsidf
                0x0000000000009878                __aeabi_i2d
                0x000000000000989c                __extendsfdf2
                0x000000000000989c                __aeabi_f2d
                0x00000000000098d8                __aeabi_ul2d
                0x00000000000098d8                __floatundidf
                0x00000000000098e8                __floatdidf
                0x00000000000098e8                __aeabi_l2d
 .text          0x0000000000009944      0x424 /usr/lib/gcc/arm-none-eabi/4.9.3/armv7-m/libgcc.a(_arm_muldivdf3.o)
                0x0000000000009944                __aeabi_dmul
                0x0000000000009944                __muldf3
                0x0000000000009b98                __aeabi_ddiv
                0x0000000000009b98                __divdf3
 .text          0x0000000000009d68      0x110 /usr/lib/gcc/arm-none-eabi/4.9.3/armv7-m/libgcc.a(_arm_cmpdf2.o)
                0x0000000000009d68                __gtdf2
                0x0000000000009d68                __gedf2
                0x0000000000009d70                __ltdf2
                0x0000000000009d70                __ledf2
                0x0000000000009d78                __cmpdf2
                0x0000000000009d78                __eqdf2
                0x0000000000009d78                __nedf2
                0x0000000000009df4                __aeabi_cdrcmple
                0x0000000000009e04                __aeabi_cdcmple
                0x0000000000009e04                __aeabi_cdcmpeq
                0x0000000000009e14                __aeabi_dcmpeq
                0x0000000000009e28                __aeabi_dcmplt
                0x0000000000009e3c                __aeabi_dcmple
                0x0000000000009e50                __aeabi_dcmpge
                0x0000000000009e64                __aeabi_dcmpgt
 .text          0x0000000000009e78       0xa0 /usr/lib/gcc/arm-none-eabi/4.9.3/armv7-m/libgcc.a(_arm_truncdfsf2.o)
                0x0000000000009e78                __aeabi_d2f
                0x0000000000009e78                __truncdfsf2
 .text          0x0000000000009f18      0x21c /usr/lib/gcc/arm-none-eabi/4.9.3/armv7-m/libgcc.a(_arm_addsubsf3.o)
                0x0000000000009f18                __aeabi_frsub
                0x0000000000009f20                __subsf3
                0x0000000000009f20                __aeabi_fsub
                0x0000000000009f24                __aeabi_fadd
                0x0000000000009f24                __addsf3
                0x000000000000a084                __aeabi_ui2f
                0x000000000000a084                __floatunsisf
                0x000000000000a08c                __aeabi_i2f
                0x000000000000a08c                __floatsisf
                0x000000000000a0a8                __floatundisf
                0x000000000000a0a8                __aeabi_ul2f
                0x000000000000a0b8                __floatdisf
                0x000000000000a0b8                __aeabi_l2f
 .text          0x000000000000a134      0x2a0 /usr/lib/gcc/arm-none-eabi/4.9.3/armv7-m/libgcc.a(_arm_muldivsf3.o)
                0x000000000000a134                __mulsf3
                0x000000000000a134                __aeabi_fmul
                0x000000000000a29c                __divsf3
                0x000000000000a29c                __aeabi_fdiv
 .text          0x000000000000a3d4       0x4c /usr/lib/gcc/arm-none-eabi/4.9.3/armv7-m/libgcc.a(_arm_fixsfsi.o)
                0x000000000000a3d4                __fixsfsi
                0x000000000000a3d4                __aeabi_f2iz
 .text          0x000000000000a420       0x30 /usr/lib/gcc/arm-none-eabi/4.9.3/armv7-m/libgcc.a(_aeabi_uldivmod.o)
                0x000000000000a420                __aeabi_uldivmod
 .text          0x000000000000a450       0x60 /usr/lib/gcc/arm-none-eabi/4.9.3/armv7-m/libgcc.a(bpabi.o)
                0x000000000000a450                __gnu_ldivmod_helper
                0x000000000000a480                __gnu_uldivmod_helper
 .text          0x000000000000a4b0        0x4 /usr/lib/gcc/arm-none-eabi/4.9.3/armv7-m/libgcc.a(_dvmd_tls.o)
                0x000000000000a4b0                __aeabi_ldiv0
                0x000000000000a4b0                __aeabi_idiv0
 .text          0x000000000000a4b4      0x2ac /usr/lib/gcc/arm-none-eabi/4.9.3/armv7-m/libgcc.a(_divdi3.o)
                0x000000000000a4b4                __divdi3
 .text          0x000000000000a760      0x270 /usr/lib/gcc/arm-none-eabi/4.9.3/armv7-m/libgcc.a(_udivdi3.o)
                0x000000000000a760                __udivdi3
 .text.__errno  0x000000000000a9d0        0xc /usr/lib/gcc/arm-none-eabi/4.9.3/../../../arm-none-eabi/lib/armv7-m/libc.a(lib_a-errno.o)
                0x000000000000a9d0                __errno
 .text.memcmp   0x000000000000a9dc       0x64 /usr/lib/gcc/arm-none-eabi/4.9.3/../../../arm-none-eabi/lib/armv7-m/libc.a(lib_a-memcmp.o)
                0x000000000000a9dc                memcmp
 .text          0x000000000000aa40       0xec /usr/lib/gcc/arm-none-eabi/4.9.3/../../../arm-none-eabi/lib/armv7-m/libc.a(lib_a-memcpy.o)
                0x000000000000aa40                memcpy
 .text.memset   0x000000000000ab2c       0x9c /usr/lib/gcc/arm-none-eabi/4.9.3/../../../arm-none-eabi/lib/armv7-m/libc.a(lib_a-memset.o)
                0x000000000000ab2c                memset
 .text.strlen   0x000000000000abc8       0x5c /usr/lib/gcc/arm-none-eabi/4.9.3/../../../arm-none-eabi/lib/armv7-m/libc.a(lib_a-strlen.o)
                0x000000000000abc8                strlen
 *(SORT(.rodata*))
 *fill*         0x000000000000ac24        0x4 00000000
 .rodata.dp_h   0x000000000000ac28       0x10 /usr/lib/gcc/arm-none-eabi/4.9.3/../../../arm-none-eabi/lib/armv7-m/libm.a(lib_a-e_pow.o)
 .rodata.dp_l   0x000000000000ac38       0x10 /usr/lib/gcc/arm-none-eabi/4.9.3/../../../arm-none-eabi/lib/armv7-m/libm.a(lib_a-e_pow.o)
 .rodata.bp     0x000000000000ac48       0x10 /usr/lib/gcc/arm-none-eabi/4.9.3/../../../arm-none-eabi/lib/armv7-m/libm.a(lib_a-e_pow.o)
 .rodata.TWO52  0x000000000000ac58       0x10 /usr/lib/gcc/arm-none-eabi/4.9.3/../../../arm-none-eabi/lib/armv7-m/libm.a(lib_a-s_rint.o)
 .rodata.autostart_processes
                0x000000000000ac68        0x8 example-runicast.co
                0x000000000000ac68                autostart_processes
 .rodata.str1.4
                0x000000000000ac70      0x172 example-runicast.co
 *fill*         0x000000000000ade2        0x2 00000000
 .rodata.runicast_callbacks
                0x000000000000ade4        0xc example-runicast.co
 .rodata.str1.4
                0x000000000000adf0       0xee contiki-srf06-cc26xx.a(contiki-main.o)
 *fill*         0x000000000000aede        0x2 00000000
 .rodata.str1.4
                0x000000000000aee0        0x8 contiki-srf06-cc26xx.a(sensors.o)
 .rodata.str1.4
                0x000000000000aee8        0x7 contiki-srf06-cc26xx.a(bmp-280-sensor.)
 *fill*         0x000000000000aeef        0x1 00000000
 .rodata.bmp_280_sensor
                0x000000000000aef0       0x10 contiki-srf06-cc26xx.a(bmp-280-sensor.)
                0x000000000000aef0                bmp_280_sensor
 .rodata.tmp_007_sensor
                0x000000000000af00       0x10 contiki-srf06-cc26xx.a(tmp-007-sensor.)
                0x000000000000af00                tmp_007_sensor
 .rodata.str1.4
                0x000000000000af10        0x7 contiki-srf06-cc26xx.a(tmp-007-sensor.)
 *fill*         0x000000000000af17        0x1 00000000
 .rodata.str1.4
                0x000000000000af18        0x8 contiki-srf06-cc26xx.a(opt-3001-sensor)
 .rodata.opt_3001_sensor
                0x000000000000af20       0x10 contiki-srf06-cc26xx.a(opt-3001-sensor)
                0x000000000000af20                opt_3001_sensor
 .rodata.hdc_1000_sensor
                0x000000000000af30       0x10 contiki-srf06-cc26xx.a(hdc-1000-sensor)
                0x000000000000af30                hdc_1000_sensor
 .rodata.str1.4
                0x000000000000af40        0x8 contiki-srf06-cc26xx.a(hdc-1000-sensor)
 .rodata.mpu_9250_sensor
                0x000000000000af48       0x10 contiki-srf06-cc26xx.a(mpu-9250-sensor)
                0x000000000000af48                mpu_9250_sensor
 .rodata.str1.4
                0x000000000000af58        0x8 contiki-srf06-cc26xx.a(mpu-9250-sensor)
 .rodata.str1.4
                0x000000000000af60        0x7 contiki-srf06-cc26xx.a(button-sensor.o)
 *fill*         0x000000000000af67        0x1 00000000
 .rodata.button_left_sensor
                0x000000000000af68       0x10 contiki-srf06-cc26xx.a(button-sensor.o)
                0x000000000000af68                button_left_sensor
 .rodata.button_right_sensor
                0x000000000000af78       0x10 contiki-srf06-cc26xx.a(button-sensor.o)
                0x000000000000af78                button_right_sensor
 .rodata.str1.4
                0x000000000000af88        0x5 contiki-srf06-cc26xx.a(reed-relay.o)
 *fill*         0x000000000000af8d        0x3 00000000
 .rodata.reed_relay_sensor
                0x000000000000af90       0x10 contiki-srf06-cc26xx.a(reed-relay.o)
                0x000000000000af90                reed_relay_sensor
 .rodata        0x000000000000afa0        0x4 contiki-srf06-cc26xx.a(ext-flash.o)
 .rodata.output_power
                0x000000000000afa4       0x68 contiki-srf06-cc26xx.a(ieee-mode.o)
 .rodata.mode_ieee
                0x000000000000b00c        0x8 contiki-srf06-cc26xx.a(ieee-mode.o)
 .rodata.ieee_mode_driver
                0x000000000000b014       0x38 contiki-srf06-cc26xx.a(ieee-mode.o)
                0x000000000000b014                ieee_mode_driver
 .rodata.str1.4
                0x000000000000b04c       0x1b contiki-srf06-cc26xx.a(soc-trng.o)
 *fill*         0x000000000000b067        0x1 00000000
 .rodata.str1.4
                0x000000000000b068       0x46 contiki-srf06-cc26xx.a(strformat.o)
 *fill*         0x000000000000b0ae        0x2 00000000
 .rodata.buffer.4019
                0x000000000000b0b0       0x10 contiki-srf06-cc26xx.a(strformat.o)
 .rodata.buffer.4028
                0x000000000000b0c0       0x10 contiki-srf06-cc26xx.a(strformat.o)
 .rodata.str1.4
                0x000000000000b0d0        0xc contiki-srf06-cc26xx.a(etimer.o)
 .rodata.str1.4
                0x000000000000b0dc        0xf contiki-srf06-cc26xx.a(ctimer.o)
 *fill*         0x000000000000b0eb        0x1 00000000
 .rodata.str1.4
                0x000000000000b0ec        0xe contiki-srf06-cc26xx.a(serial-line.o)
 *fill*         0x000000000000b0fa        0x2 00000000
 .rodata.str1.4
                0x000000000000b0fc        0x5 contiki-srf06-cc26xx.a(rime.o)
 *fill*         0x000000000000b101        0x3 00000000
 .rodata.rime_driver
                0x000000000000b104        0xc contiki-srf06-cc26xx.a(rime.o)
                0x000000000000b104                rime_driver
 .rodata.broadcast_callbacks
                0x000000000000b110        0x8 contiki-srf06-cc26xx.a(broadcast-annou)
 .rodata.attributes
                0x000000000000b118        0xa contiki-srf06-cc26xx.a(runicast.o)
 *fill*         0x000000000000b122        0x2 00000000
 .rodata.runicast
                0x000000000000b124        0x8 contiki-srf06-cc26xx.a(runicast.o)
 .rodata.stunicast
                0x000000000000b12c        0x8 contiki-srf06-cc26xx.a(stunicast.o)
 .rodata.attributes
                0x000000000000b134        0x2 contiki-srf06-cc26xx.a(abc.o)
 *fill*         0x000000000000b136        0x2 00000000
 .rodata.attributes
                0x000000000000b138        0x4 contiki-srf06-cc26xx.a(broadcast.o)
 .rodata.broadcast
                0x000000000000b13c        0x8 contiki-srf06-cc26xx.a(broadcast.o)
 .rodata.uc     0x000000000000b144        0x8 contiki-srf06-cc26xx.a(unicast.o)
 .rodata.attributes
                0x000000000000b14c        0x6 contiki-srf06-cc26xx.a(unicast.o)
 *fill*         0x000000000000b152        0x2 00000000
 .rodata.linkaddr_null
                0x000000000000b154        0x2 contiki-srf06-cc26xx.a(linkaddr.o)
                0x000000000000b154                linkaddr_null
 *fill*         0x000000000000b156        0x2 00000000
 .rodata.nullmac_driver
                0x000000000000b158       0x1c contiki-srf06-cc26xx.a(nullmac.o)
                0x000000000000b158                nullmac_driver
 .rodata.str1.4
                0x000000000000b174        0x8 contiki-srf06-cc26xx.a(nullmac.o)
 .rodata.str1.4
                0x000000000000b17c        0xb contiki-srf06-cc26xx.a(contikimac.o)
 *fill*         0x000000000000b187        0x1 00000000
 .rodata.contikimac_driver
                0x000000000000b188       0x20 contiki-srf06-cc26xx.a(contikimac.o)
                0x000000000000b188                contikimac_driver
 .rodata.str1.4
                0x000000000000b1a8        0x8 contiki-srf06-cc26xx.a(nullsec.o)
 .rodata.nullsec_driver
                0x000000000000b1b0       0x10 contiki-srf06-cc26xx.a(nullsec.o)
                0x000000000000b1b0                nullsec_driver
 .rodata.str1.4
                0x000000000000b1c0       0x46 contiki-srf06-cc26xx.a(rf-core.o)
 *fill*         0x000000000000b206        0x2 00000000
 .rodata.chameleon_bitopt
                0x000000000000b208        0xc contiki-srf06-cc26xx.a(chameleon-bitop)
                0x000000000000b208                chameleon_bitopt
 .rodata.bitmask
                0x000000000000b214        0x9 contiki-srf06-cc26xx.a(chameleon-bitop)
 *fill*         0x000000000000b21d        0x3 00000000
 .rodata.framer_802154
                0x000000000000b220        0xc contiki-srf06-cc26xx.a(framer-802154.o)
                0x000000000000b220                framer_802154
 .rodata.str1.4
                0x000000000000b22c        0x4 /usr/lib/gcc/arm-none-eabi/4.9.3/../../../arm-none-eabi/lib/armv7-m/libm.a(lib_a-w_pow.o)
 .rodata.str1.4
                0x000000000000b230        0x4 /usr/lib/gcc/arm-none-eabi/4.9.3/../../../arm-none-eabi/lib/armv7-m/libm.a(lib_a-e_pow.o)
 .rodata.str1.4
                0x000000000000b230        0x4 /usr/lib/gcc/arm-none-eabi/4.9.3/../../../arm-none-eabi/lib/armv7-m/libc.a(lib_a-impure.o)
                0x000000000000b234                _etext = .

.glue_7         0x000000000000b234        0x0
 .glue_7        0x000000000000b234        0x0 linker stubs

.glue_7t        0x000000000000b234        0x0
 .glue_7t       0x000000000000b234        0x0 linker stubs

.vfp11_veneer   0x000000000000b234        0x0
 .vfp11_veneer  0x000000000000b234        0x0 linker stubs

.v4_bx          0x000000000000b234        0x0
 .v4_bx         0x000000000000b234        0x0 linker stubs

.iplt           0x000000000000b234        0x0
 .iplt          0x000000000000b234        0x0 obj_srf06-cc26xx/startup_gcc.o

.data           0x0000000020000000      0x585 load address 0x000000000000b234
                0x0000000020000000                _data = .
 *(SORT(vtable))
 *(SORT(.data*))
 .data.impure_data
                0x0000000020000000      0x428 /usr/lib/gcc/arm-none-eabi/4.9.3/../../../arm-none-eabi/lib/armv7-m/libc.a(lib_a-impure.o)
 .data.history_mem
                0x0000000020000428        0xc example-runicast.co
 .data.test_runicast_process
                0x0000000020000434       0x10 example-runicast.co
                0x0000000020000434                test_runicast_process
 .data.sensors_process
                0x0000000020000444       0x10 contiki-srf06-cc26xx.a(sensors.o)
                0x0000000020000444                sensors_process
 .data.sensors  0x0000000020000454       0x24 contiki-srf06-cc26xx.a(sensortag-senso)
                0x0000000020000454                sensors
 .data.sensortag_module
                0x0000000020000478       0x14 contiki-srf06-cc26xx.a(board.o)
 .data.uart_module
                0x000000002000048c       0x14 contiki-srf06-cc26xx.a(cc26xx-uart.o)
 .data.cc26xx_rf_lpm_module
                0x00000000200004a0       0x14 contiki-srf06-cc26xx.a(ieee-mode.o)
 .data.ieee_overrides
                0x00000000200004b4       0x2c contiki-srf06-cc26xx.a(ieee-mode.o)
 .data.tx_power_current
                0x00000000200004e0        0x4 contiki-srf06-cc26xx.a(ieee-mode.o)
                0x00000000200004e0                tx_power_current
 .data.rng_module
                0x00000000200004e4       0x14 contiki-srf06-cc26xx.a(soc-trng.o)
 .data.soc_trng_process
                0x00000000200004f8       0x10 contiki-srf06-cc26xx.a(soc-trng.o)
                0x00000000200004f8                soc_trng_process
 .data.ctxt     0x0000000020000508        0x8 contiki-srf06-cc26xx.a(dbg-printf.o)
 .data.etimer_process
                0x0000000020000510       0x10 contiki-srf06-cc26xx.a(etimer.o)
                0x0000000020000510                etimer_process
 .data.ctimer_process
                0x0000000020000520       0x10 contiki-srf06-cc26xx.a(ctimer.o)
                0x0000000020000520                ctimer_process
 .data.serial_line_process
                0x0000000020000530       0x10 contiki-srf06-cc26xx.a(serial-line.o)
                0x0000000020000530                serial_line_process
 .data.bufmem   0x0000000020000540        0xc contiki-srf06-cc26xx.a(queuebuf.o)
 .data.buframmem
                0x000000002000054c        0xc contiki-srf06-cc26xx.a(queuebuf.o)
 .data.buzzer_module
                0x0000000020000558       0x14 contiki-srf06-cc26xx.a(buzzer.o)
 .data.rf_core_process
                0x000000002000056c       0x10 contiki-srf06-cc26xx.a(rf-core.o)
                0x000000002000056c                rf_core_process
 .data._impure_ptr
                0x000000002000057c        0x4 /usr/lib/gcc/arm-none-eabi/4.9.3/../../../arm-none-eabi/lib/armv7-m/libc.a(lib_a-impure.o)
                0x000000002000057c                _impure_ptr
 .data.mac_pan_id
                0x0000000020000580        0x2 contiki-srf06-cc26xx.a(frame802154.o)
 .data.interface
                0x0000000020000582        0x1 contiki-srf06-cc26xx.a(board-i2c.o)
 .data.rng_ready_event
                0x0000000020000583        0x1 contiki-srf06-cc26xx.a(soc-trng.o)
 .data.__fdlib_version
                0x0000000020000584        0x1 /usr/lib/gcc/arm-none-eabi/4.9.3/../../../arm-none-eabi/lib/armv7-m/libm.a(lib_a-s_lib_ver.o)
                0x0000000020000584                __fdlib_version
                0x0000000020000585                _edata = .

.igot.plt       0x0000000020000588        0x0 load address 0x000000000000b7b9
 .igot.plt      0x0000000020000588        0x0 obj_srf06-cc26xx/startup_gcc.o

.ARM.exidx      0x000000000000b7bc        0x8
 *(SORT(.ARM.exidx*))
 .ARM.exidx     0x000000000000b7bc        0x8 /usr/lib/gcc/arm-none-eabi/4.9.3/armv7-m/libgcc.a(_divdi3.o)
 .ARM.exidx     0x000000000000b7c4        0x0 /usr/lib/gcc/arm-none-eabi/4.9.3/armv7-m/libgcc.a(_udivdi3.o)
                                          0x8 (size before relaxing)

.bss            0x0000000020000588     0x11a0
                0x0000000020000588                _bss = .
 *(SORT(.bss*))
 .bss.count     0x0000000020000588        0x8 contiki-srf06-cc26xx.a(clock.o)
 .bss.last_rat_timestamp64
                0x0000000020000590        0x8 contiki-srf06-cc26xx.a(ieee-mode.o)
 .bss.rands_cache
                0x0000000020000598       0x20 contiki-srf06-cc26xx.a(soc-trng.o)
 .bss.runicast  0x00000000200005b8       0x50 example-runicast.co
 .bss.history_mem_memb_count
                0x0000000020000608        0x4 example-runicast.co
 .bss.history_mem_memb_mem
                0x000000002000060c       0x20 example-runicast.co
 .bss.history_table_list
                0x000000002000062c        0x4 example-runicast.co
 .bss.et.7176   0x0000000020000630       0x10 example-runicast.co
 .bss.events.4848
                0x0000000020000640        0x4 contiki-srf06-cc26xx.a(sensors.o)
 .bss.i.4847    0x0000000020000644        0x4 contiki-srf06-cc26xx.a(sensors.o)
 .bss.inited    0x0000000020000648        0x4 contiki-srf06-cc26xx.a(leds-arch.o)
 .bss.sensor_value
                0x000000002000064c        0x6 contiki-srf06-cc26xx.a(bmp-280-sensor.)
 *fill*         0x0000000020000652        0x2 
 .bss.calibration_data
                0x0000000020000654       0x1c contiki-srf06-cc26xx.a(bmp-280-sensor.)
 .bss.startup_timer
                0x0000000020000670       0x20 contiki-srf06-cc26xx.a(bmp-280-sensor.)
 .bss.enabled   0x0000000020000690        0x4 contiki-srf06-cc26xx.a(bmp-280-sensor.)
 .bss.obj_temp_latched
                0x0000000020000694        0x4 contiki-srf06-cc26xx.a(tmp-007-sensor.)
 .bss.startup_timer
                0x0000000020000698       0x20 contiki-srf06-cc26xx.a(tmp-007-sensor.)
 .bss.enabled   0x00000000200006b8        0x4 contiki-srf06-cc26xx.a(tmp-007-sensor.)
 .bss.buf       0x00000000200006bc        0x4 contiki-srf06-cc26xx.a(tmp-007-sensor.)
 .bss.amb_temp_latched
                0x00000000200006c0        0x4 contiki-srf06-cc26xx.a(tmp-007-sensor.)
 .bss.startup_timer
                0x00000000200006c4       0x20 contiki-srf06-cc26xx.a(opt-3001-sensor)
 .bss.state     0x00000000200006e4        0x4 contiki-srf06-cc26xx.a(opt-3001-sensor)
 .bss.startup_timer
                0x00000000200006e8       0x20 contiki-srf06-cc26xx.a(hdc-1000-sensor)
 .bss.enabled   0x0000000020000708        0x4 contiki-srf06-cc26xx.a(hdc-1000-sensor)
 .bss.data      0x000000002000070c        0x4 contiki-srf06-cc26xx.a(hdc-1000-sensor)
 .bss.sensor_value
                0x0000000020000710        0x6 contiki-srf06-cc26xx.a(mpu-9250-sensor)
 *fill*         0x0000000020000716        0x2 
 .bss.startup_timer
                0x0000000020000718       0x20 contiki-srf06-cc26xx.a(mpu-9250-sensor)
 .bss.state     0x0000000020000738        0x4 contiki-srf06-cc26xx.a(mpu-9250-sensor)
 .bss.elements  0x000000002000073c        0x4 contiki-srf06-cc26xx.a(mpu-9250-sensor)
 .bss.left_timer
                0x0000000020000740       0x10 contiki-srf06-cc26xx.a(button-sensor.o)
 .bss.debouncetimer
                0x0000000020000750        0x8 contiki-srf06-cc26xx.a(reed-relay.o)
 .bss.last_isr_time
                0x0000000020000758        0x4 contiki-srf06-cc26xx.a(soc-rtc.o)
 .bss.input_handler
                0x000000002000075c        0x4 contiki-srf06-cc26xx.a(cc26xx-uart.o)
 .bss.modules_list_list
                0x0000000020000760        0x4 contiki-srf06-cc26xx.a(lpm.o)
 .bss.handlers  0x0000000020000764       0x80 contiki-srf06-cc26xx.a(gpio-interrupt.)
 .bss.rat_overflow_counter
                0x00000000200007e4        0x4 contiki-srf06-cc26xx.a(ieee-mode.o)
 .bss.last_packet_timestamp
                0x00000000200007e8        0x4 contiki-srf06-cc26xx.a(ieee-mode.o)
 .bss.rx_buf_0  0x00000000200007ec       0x90 contiki-srf06-cc26xx.a(ieee-mode.o)
 .bss.rx_buf_1  0x000000002000087c       0x90 contiki-srf06-cc26xx.a(ieee-mode.o)
 .bss.rx_buf_2  0x000000002000090c       0x90 contiki-srf06-cc26xx.a(ieee-mode.o)
 .bss.rx_buf_3  0x000000002000099c       0x90 contiki-srf06-cc26xx.a(ieee-mode.o)
 .bss.last_value.8804
                0x0000000020000a2c        0x4 contiki-srf06-cc26xx.a(ieee-mode.o)
 .bss.rx_data_queue
                0x0000000020000a30        0x8 contiki-srf06-cc26xx.a(ieee-mode.o)
 .bss.rat_overflow_timer
                0x0000000020000a38       0x20 contiki-srf06-cc26xx.a(ieee-mode.o)
 .bss.filter_cmd
                0x0000000020000a58        0x8 contiki-srf06-cc26xx.a(ieee-mode.o)
 .bss.rx_read_entry
                0x0000000020000a60        0x4 contiki-srf06-cc26xx.a(ieee-mode.o)
 .bss.last_rat_overflow
                0x0000000020000a64        0x4 contiki-srf06-cc26xx.a(ieee-mode.o)
 .bss.cmd_ieee_rx_buf
                0x0000000020000a68       0x80 contiki-srf06-cc26xx.a(ieee-mode.o)
 .bss.rf_stats  0x0000000020000ae8       0x10 contiki-srf06-cc26xx.a(ieee-mode.o)
 .bss.tx_buf    0x0000000020000af8       0xb6 contiki-srf06-cc26xx.a(ieee-mode.o)
 *fill*         0x0000000020000bae        0x2 
 .bss.notify_cb
                0x0000000020000bb0        0x4 contiki-srf06-cc26xx.a(soc-trng.o)
 .bss.rands_mask
                0x0000000020000bb4        0x4 contiki-srf06-cc26xx.a(soc-trng.o)
 .bss.timerlist
                0x0000000020000bb8        0x4 contiki-srf06-cc26xx.a(etimer.o)
 .bss.next_expiration
                0x0000000020000bbc        0x4 contiki-srf06-cc26xx.a(etimer.o)
 .bss.ctimer_list_list
                0x0000000020000bc0        0x4 contiki-srf06-cc26xx.a(ctimer.o)
 .bss.process_current
                0x0000000020000bc4        0x4 contiki-srf06-cc26xx.a(process.o)
                0x0000000020000bc4                process_current
 .bss.process_list
                0x0000000020000bc8        0x4 contiki-srf06-cc26xx.a(process.o)
                0x0000000020000bc8                process_list
 .bss.events    0x0000000020000bcc      0x180 contiki-srf06-cc26xx.a(process.o)
 .bss.next_rtimer
                0x0000000020000d4c        0x4 contiki-srf06-cc26xx.a(rtimer.o)
 .bss.rxbuf_data
                0x0000000020000d50       0x80 contiki-srf06-cc26xx.a(serial-line.o)
 .bss.rxbuf     0x0000000020000dd0        0x8 contiki-srf06-cc26xx.a(serial-line.o)
 .bss.buf.4831  0x0000000020000dd8       0x80 contiki-srf06-cc26xx.a(serial-line.o)
 .bss.ptr.4832  0x0000000020000e58        0x4 contiki-srf06-cc26xx.a(serial-line.o)
 .bss.sniffers_list
                0x0000000020000e5c        0x4 contiki-srf06-cc26xx.a(rime.o)
 .bss.c         0x0000000020000e60       0x6c contiki-srf06-cc26xx.a(broadcast-annou)
 .bss.channel_list_list
                0x0000000020000ecc        0x4 contiki-srf06-cc26xx.a(channel.o)
 .bss.announcements_list
                0x0000000020000ed0        0x4 contiki-srf06-cc26xx.a(announcement.o)
 .bss.observer_callback
                0x0000000020000ed4        0x4 contiki-srf06-cc26xx.a(announcement.o)
 .bss.powerQualGlobals
                0x0000000020000ed8        0x8 contiki-srf06-cc26xx.a(sys_ctrl.o)
 .bss.buframmem_memb_count
                0x0000000020000ee0        0x8 contiki-srf06-cc26xx.a(queuebuf.o)
 .bss.bufmem_memb_mem
                0x0000000020000ee8       0x20 contiki-srf06-cc26xx.a(queuebuf.o)
 .bss.buframmem_memb_mem
                0x0000000020000f08      0x5f0 contiki-srf06-cc26xx.a(queuebuf.o)
 .bss.bufmem_memb_count
                0x00000000200014f8        0x8 contiki-srf06-cc26xx.a(queuebuf.o)
 .bss.packetbuf_aligned
                0x0000000020001500       0x80 contiki-srf06-cc26xx.a(packetbuf.o)
 .bss.cycle_start
                0x0000000020001580        0x4 contiki-srf06-cc26xx.a(contikimac.o)
 .bss.we_are_receiving_burst
                0x0000000020001584        0x4 contiki-srf06-cc26xx.a(contikimac.o)
 .bss.rt        0x0000000020001588        0xc contiki-srf06-cc26xx.a(contikimac.o)
 .bss.start.7019
                0x0000000020001594        0x4 contiki-srf06-cc26xx.a(contikimac.o)
 .bss.ct.7094   0x0000000020001598       0x20 contiki-srf06-cc26xx.a(contikimac.o)
 .bss.pt        0x00000000200015b8        0x2 contiki-srf06-cc26xx.a(contikimac.o)
 *fill*         0x00000000200015ba        0x2 
 .bss.buffer    0x00000000200015bc       0x20 contiki-srf06-cc26xx.a(sensor-common.o)
 .bss.consumers_list_list
                0x00000000200015dc        0x4 contiki-srf06-cc26xx.a(aux-ctrl.o)
 .bss.last_radio_op
                0x00000000200015e0        0x4 contiki-srf06-cc26xx.a(rf-core.o)
 .bss.primary_mode
                0x00000000200015e4        0x4 contiki-srf06-cc26xx.a(rf-core.o)
 .bss.rat_offset
                0x00000000200015e8        0x4 contiki-srf06-cc26xx.a(rf-core.o)
                0x00000000200015e8                rat_offset
 .bss.received_seqnos
                0x00000000200015ec       0xc0 contiki-srf06-cc26xx.a(mac-sequence.o)
 .bss.node_id   0x00000000200016ac        0x2 contiki-srf06-cc26xx.a(contiki-main.o)
                0x00000000200016ac                node_id
 .bss.val       0x00000000200016ae        0x2 contiki-srf06-cc26xx.a(tmp-007-sensor.)
 .bss.raw_temp  0x00000000200016b0        0x2 contiki-srf06-cc26xx.a(hdc-1000-sensor)
 .bss.raw_hum   0x00000000200016b2        0x2 contiki-srf06-cc26xx.a(hdc-1000-sensor)
 .bss.buflen    0x00000000200016b4        0x2 contiki-srf06-cc26xx.a(packetbuf.o)
 .bss.bufptr    0x00000000200016b6        0x2 contiki-srf06-cc26xx.a(packetbuf.o)
 .bss.num_sensors
                0x00000000200016b8        0x1 contiki-srf06-cc26xx.a(sensors.o)
 .bss.leds      0x00000000200016b9        0x1 contiki-srf06-cc26xx.a(leds.o)
 .bss.c         0x00000000200016ba        0x1 contiki-srf06-cc26xx.a(leds-arch.o)
 .bss.success   0x00000000200016bb        0x1 contiki-srf06-cc26xx.a(hdc-1000-sensor)
 .bss.interrupt_status
                0x00000000200016bc        0x1 contiki-srf06-cc26xx.a(mpu-9250-sensor)
 .bss.acc_range_reg
                0x00000000200016bd        0x1 contiki-srf06-cc26xx.a(mpu-9250-sensor)
 .bss.mpu_config
                0x00000000200016be        0x1 contiki-srf06-cc26xx.a(mpu-9250-sensor)
 .bss.acc_range
                0x00000000200016bf        0x1 contiki-srf06-cc26xx.a(mpu-9250-sensor)
 .bss.val       0x00000000200016c0        0x1 contiki-srf06-cc26xx.a(mpu-9250-sensor)
 .bss.slave_addr
                0x00000000200016c1        0x1 contiki-srf06-cc26xx.a(board-i2c.o)
 .bss.poll_mode
                0x00000000200016c2        0x1 contiki-srf06-cc26xx.a(ieee-mode.o)
 .bss.last_rssi
                0x00000000200016c3        0x1 contiki-srf06-cc26xx.a(ieee-mode.o)
 .bss.last_corr_lqi
                0x00000000200016c4        0x1 contiki-srf06-cc26xx.a(ieee-mode.o)
 .bss.initialized
                0x00000000200016c5        0x1 contiki-srf06-cc26xx.a(ctimer.o)
 .bss.fevent    0x00000000200016c6        0x1 contiki-srf06-cc26xx.a(process.o)
 .bss.nevents   0x00000000200016c7        0x1 contiki-srf06-cc26xx.a(process.o)
 .bss.poll_requested
                0x00000000200016c8        0x1 contiki-srf06-cc26xx.a(process.o)
 .bss.lastevent
                0x00000000200016c9        0x1 contiki-srf06-cc26xx.a(process.o)
 .bss.hdrlen    0x00000000200016ca        0x1 contiki-srf06-cc26xx.a(packetbuf.o)
 .bss.count.7014
                0x00000000200016cb        0x1 contiki-srf06-cc26xx.a(contikimac.o)
 .bss.radio_is_on
                0x00000000200016cc        0x1 contiki-srf06-cc26xx.a(contikimac.o)
 .bss.we_are_sending
                0x00000000200016cd        0x1 contiki-srf06-cc26xx.a(contikimac.o)
 .bss.contikimac_keep_radio_on